
Discarded input sections

 .group         0x00000000        0xc ./source/Drivers/UART/uart.o
 .group         0x00000000        0xc ./source/Drivers/UART/uart.o
 .group         0x00000000        0xc ./source/Drivers/UART/uart.o
 .group         0x00000000        0xc ./source/Drivers/UART/uart.o
 .group         0x00000000        0xc ./source/Drivers/UART/uart.o
 .group         0x00000000        0xc ./source/Drivers/UART/uart.o
 .group         0x00000000        0xc ./source/Drivers/UART/uart.o
 .group         0x00000000        0xc ./source/Drivers/UART/uart.o
 .group         0x00000000        0xc ./source/Drivers/UART/uart.o
 .group         0x00000000        0xc ./source/Drivers/UART/uart.o
 .group         0x00000000        0xc ./source/Drivers/UART/uart.o
 .group         0x00000000        0xc ./source/Drivers/UART/uart.o
 .group         0x00000000        0xc ./source/Drivers/UART/uart.o
 .group         0x00000000        0xc ./source/Drivers/UART/uart.o
 .group         0x00000000        0xc ./source/Drivers/UART/uart.o
 .text          0x00000000        0x0 ./source/Drivers/UART/uart.o
 .data          0x00000000        0x0 ./source/Drivers/UART/uart.o
 .bss           0x00000000        0x0 ./source/Drivers/UART/uart.o
 .text.__NVIC_EnableIRQ
                0x00000000       0x3c ./source/Drivers/UART/uart.o
 .data.uarts_ptr
                0x00000000       0x18 ./source/Drivers/UART/uart.o
 .bss.first_recived
                0x00000000        0x2 ./source/Drivers/UART/uart.o
 .bss.word_down
                0x00000000       0x78 ./source/Drivers/UART/uart.o
 .data.portPtrs
                0x00000000       0x14 ./source/Drivers/UART/uart.o
 .text.PCR_config
                0x00000000       0x88 ./source/Drivers/UART/uart.o
 .text.uart_init
                0x00000000      0x1d8 ./source/Drivers/UART/uart.o
 .text.UART_send_data
                0x00000000       0x30 ./source/Drivers/UART/uart.o
 .text.UART_Recieve_Data
                0x00000000       0x28 ./source/Drivers/UART/uart.o
 .text.upload_word
                0x00000000       0x9c ./source/Drivers/UART/uart.o
 .text.download_word
                0x00000000       0x8c ./source/Drivers/UART/uart.o
 .group         0x00000000        0xc ./source/Drivers/Timer/timer.o
 .group         0x00000000        0xc ./source/Drivers/Timer/timer.o
 .group         0x00000000        0xc ./source/Drivers/Timer/timer.o
 .group         0x00000000        0xc ./source/Drivers/Timer/timer.o
 .group         0x00000000        0xc ./source/Drivers/Timer/timer.o
 .group         0x00000000        0xc ./source/Drivers/Timer/timer.o
 .group         0x00000000        0xc ./source/Drivers/Timer/timer.o
 .group         0x00000000        0xc ./source/Drivers/Timer/timer.o
 .group         0x00000000        0xc ./source/Drivers/Timer/timer.o
 .group         0x00000000        0xc ./source/Drivers/Timer/timer.o
 .group         0x00000000        0xc ./source/Drivers/Timer/timer.o
 .group         0x00000000        0xc ./source/Drivers/Timer/timer.o
 .group         0x00000000        0xc ./source/Drivers/Timer/timer.o
 .group         0x00000000        0xc ./source/Drivers/Timer/timer.o
 .group         0x00000000        0xc ./source/Drivers/Timer/timer.o
 .group         0x00000000        0xc ./source/Drivers/Timer/timer.o
 .group         0x00000000        0xc ./source/Drivers/Timer/timer.o
 .group         0x00000000        0xc ./source/Drivers/Timer/timer.o
 .group         0x00000000        0xc ./source/Drivers/Timer/timer.o
 .group         0x00000000        0xc ./source/Drivers/Timer/timer.o
 .group         0x00000000        0xc ./source/Drivers/Timer/timer.o
 .group         0x00000000        0xc ./source/Drivers/Timer/timer.o
 .group         0x00000000        0xc ./source/Drivers/Timer/timer.o
 .text          0x00000000        0x0 ./source/Drivers/Timer/timer.o
 .data          0x00000000        0x0 ./source/Drivers/Timer/timer.o
 .bss           0x00000000        0x0 ./source/Drivers/Timer/timer.o
 .text.timerGetId
                0x00000000       0x2c ./source/Drivers/Timer/timer.o
 .text.timerStop
                0x00000000       0x6c ./source/Drivers/Timer/timer.o
 .text.timerRunning
                0x00000000       0x38 ./source/Drivers/Timer/timer.o
 .debug_macro   0x00000000      0xa5a ./source/Drivers/Timer/timer.o
 .debug_macro   0x00000000      0x34e ./source/Drivers/Timer/timer.o
 .debug_macro   0x00000000       0x22 ./source/Drivers/Timer/timer.o
 .group         0x00000000        0xc ./source/Drivers/SysTick/SysTick.o
 .group         0x00000000        0xc ./source/Drivers/SysTick/SysTick.o
 .group         0x00000000        0xc ./source/Drivers/SysTick/SysTick.o
 .group         0x00000000        0xc ./source/Drivers/SysTick/SysTick.o
 .group         0x00000000        0xc ./source/Drivers/SysTick/SysTick.o
 .group         0x00000000        0xc ./source/Drivers/SysTick/SysTick.o
 .group         0x00000000        0xc ./source/Drivers/SysTick/SysTick.o
 .group         0x00000000        0xc ./source/Drivers/SysTick/SysTick.o
 .group         0x00000000        0xc ./source/Drivers/SysTick/SysTick.o
 .group         0x00000000        0xc ./source/Drivers/SysTick/SysTick.o
 .group         0x00000000        0xc ./source/Drivers/SysTick/SysTick.o
 .group         0x00000000        0xc ./source/Drivers/SysTick/SysTick.o
 .group         0x00000000        0xc ./source/Drivers/SysTick/SysTick.o
 .group         0x00000000        0xc ./source/Drivers/SysTick/SysTick.o
 .group         0x00000000        0xc ./source/Drivers/SysTick/SysTick.o
 .text          0x00000000        0x0 ./source/Drivers/SysTick/SysTick.o
 .data          0x00000000        0x0 ./source/Drivers/SysTick/SysTick.o
 .bss           0x00000000        0x0 ./source/Drivers/SysTick/SysTick.o
 .debug_macro   0x00000000      0xa5a ./source/Drivers/SysTick/SysTick.o
 .debug_macro   0x00000000      0x34e ./source/Drivers/SysTick/SysTick.o
 .debug_macro   0x00000000       0x22 ./source/Drivers/SysTick/SysTick.o
 .debug_macro   0x00000000       0x10 ./source/Drivers/SysTick/SysTick.o
 .debug_macro   0x00000000       0x5c ./source/Drivers/SysTick/SysTick.o
 .debug_macro   0x00000000       0x1c ./source/Drivers/SysTick/SysTick.o
 .debug_macro   0x00000000       0x22 ./source/Drivers/SysTick/SysTick.o
 .debug_macro   0x00000000       0xdf ./source/Drivers/SysTick/SysTick.o
 .debug_macro   0x00000000      0xecf ./source/Drivers/SysTick/SysTick.o
 .debug_macro   0x00000000       0x48 ./source/Drivers/SysTick/SysTick.o
 .debug_macro   0x00000000     0xe07b ./source/Drivers/SysTick/SysTick.o
 .debug_macro   0x00000000       0x10 ./source/Drivers/SysTick/SysTick.o
 .debug_macro   0x00000000     0x122b ./source/Drivers/SysTick/SysTick.o
 .debug_macro   0x00000000       0x16 ./source/Drivers/SysTick/SysTick.o
 .group         0x00000000        0xc ./source/Drivers/SPI/SPI.o
 .group         0x00000000        0xc ./source/Drivers/SPI/SPI.o
 .group         0x00000000        0xc ./source/Drivers/SPI/SPI.o
 .group         0x00000000        0xc ./source/Drivers/SPI/SPI.o
 .group         0x00000000        0xc ./source/Drivers/SPI/SPI.o
 .group         0x00000000        0xc ./source/Drivers/SPI/SPI.o
 .group         0x00000000        0xc ./source/Drivers/SPI/SPI.o
 .group         0x00000000        0xc ./source/Drivers/SPI/SPI.o
 .group         0x00000000        0xc ./source/Drivers/SPI/SPI.o
 .group         0x00000000        0xc ./source/Drivers/SPI/SPI.o
 .group         0x00000000        0xc ./source/Drivers/SPI/SPI.o
 .group         0x00000000        0xc ./source/Drivers/SPI/SPI.o
 .group         0x00000000        0xc ./source/Drivers/SPI/SPI.o
 .group         0x00000000        0xc ./source/Drivers/SPI/SPI.o
 .group         0x00000000        0xc ./source/Drivers/SPI/SPI.o
 .group         0x00000000        0xc ./source/Drivers/SPI/SPI.o
 .group         0x00000000        0xc ./source/Drivers/SPI/SPI.o
 .group         0x00000000        0xc ./source/Drivers/SPI/SPI.o
 .group         0x00000000        0xc ./source/Drivers/SPI/SPI.o
 .group         0x00000000        0xc ./source/Drivers/SPI/SPI.o
 .group         0x00000000        0xc ./source/Drivers/SPI/SPI.o
 .group         0x00000000        0xc ./source/Drivers/SPI/SPI.o
 .group         0x00000000        0xc ./source/Drivers/SPI/SPI.o
 .group         0x00000000        0xc ./source/Drivers/SPI/SPI.o
 .group         0x00000000        0xc ./source/Drivers/SPI/SPI.o
 .group         0x00000000        0xc ./source/Drivers/SPI/SPI.o
 .group         0x00000000        0xc ./source/Drivers/SPI/SPI.o
 .group         0x00000000        0xc ./source/Drivers/SPI/SPI.o
 .group         0x00000000        0xc ./source/Drivers/SPI/SPI.o
 .group         0x00000000        0xc ./source/Drivers/SPI/SPI.o
 .group         0x00000000        0xc ./source/Drivers/SPI/SPI.o
 .group         0x00000000        0xc ./source/Drivers/SPI/SPI.o
 .group         0x00000000        0xc ./source/Drivers/SPI/SPI.o
 .group         0x00000000        0xc ./source/Drivers/SPI/SPI.o
 .group         0x00000000        0xc ./source/Drivers/SPI/SPI.o
 .group         0x00000000        0xc ./source/Drivers/SPI/SPI.o
 .group         0x00000000        0xc ./source/Drivers/SPI/SPI.o
 .group         0x00000000        0xc ./source/Drivers/SPI/SPI.o
 .group         0x00000000        0xc ./source/Drivers/SPI/SPI.o
 .group         0x00000000        0xc ./source/Drivers/SPI/SPI.o
 .group         0x00000000        0xc ./source/Drivers/SPI/SPI.o
 .text          0x00000000        0x0 ./source/Drivers/SPI/SPI.o
 .data          0x00000000        0x0 ./source/Drivers/SPI/SPI.o
 .bss           0x00000000        0x0 ./source/Drivers/SPI/SPI.o
 .bss.trasmiting
                0x00000000        0x1 ./source/Drivers/SPI/SPI.o
 .data.SPI_driver_SPI
                0x00000000        0xc ./source/Drivers/SPI/SPI.o
 .text.SPI_init
                0x00000000       0x4c ./source/Drivers/SPI/SPI.o
 .text.SPI_sendReceive
                0x00000000       0xe0 ./source/Drivers/SPI/SPI.o
 .text.SPI_dataSended
                0x00000000       0x54 ./source/Drivers/SPI/SPI.o
 .text.SPI_availableDataRecived
                0x00000000       0x10 ./source/Drivers/SPI/SPI.o
 .text.SPI_getData
                0x00000000       0x68 ./source/Drivers/SPI/SPI.o
 .rodata        0x00000000       0x20 ./source/Drivers/SPI/SPI.o
 .text.port_init
                0x00000000       0x84 ./source/Drivers/SPI/SPI.o
 .text.port_setup
                0x00000000       0xb4 ./source/Drivers/SPI/SPI.o
 .text.mcr_setup
                0x00000000       0x7c ./source/Drivers/SPI/SPI.o
 .text.ctar_setup
                0x00000000       0x50 ./source/Drivers/SPI/SPI.o
 .text.startTrasmissionReception
                0x00000000       0x24 ./source/Drivers/SPI/SPI.o
 .text.stopTrasmissionReception
                0x00000000       0x24 ./source/Drivers/SPI/SPI.o
 .bss.ya_init.7872
                0x00000000        0x1 ./source/Drivers/SPI/SPI.o
 .data.pushrFinal.7879
                0x00000000        0x4 ./source/Drivers/SPI/SPI.o
 .data.pushrInicial.7878
                0x00000000        0x4 ./source/Drivers/SPI/SPI.o
 .debug_info    0x00000000      0xf57 ./source/Drivers/SPI/SPI.o
 .debug_abbrev  0x00000000      0x2c7 ./source/Drivers/SPI/SPI.o
 .debug_aranges
                0x00000000       0x70 ./source/Drivers/SPI/SPI.o
 .debug_ranges  0x00000000       0x60 ./source/Drivers/SPI/SPI.o
 .debug_macro   0x00000000      0x23c ./source/Drivers/SPI/SPI.o
 .debug_macro   0x00000000      0xa5a ./source/Drivers/SPI/SPI.o
 .debug_macro   0x00000000      0x34e ./source/Drivers/SPI/SPI.o
 .debug_macro   0x00000000       0x22 ./source/Drivers/SPI/SPI.o
 .debug_macro   0x00000000       0x3a ./source/Drivers/SPI/SPI.o
 .debug_macro   0x00000000       0x40 ./source/Drivers/SPI/SPI.o
 .debug_macro   0x00000000       0x5c ./source/Drivers/SPI/SPI.o
 .debug_macro   0x00000000       0x1c ./source/Drivers/SPI/SPI.o
 .debug_macro   0x00000000       0x22 ./source/Drivers/SPI/SPI.o
 .debug_macro   0x00000000       0xdf ./source/Drivers/SPI/SPI.o
 .debug_macro   0x00000000      0xecf ./source/Drivers/SPI/SPI.o
 .debug_macro   0x00000000       0x48 ./source/Drivers/SPI/SPI.o
 .debug_macro   0x00000000     0xe07b ./source/Drivers/SPI/SPI.o
 .debug_macro   0x00000000       0x22 ./source/Drivers/SPI/SPI.o
 .debug_macro   0x00000000       0x52 ./source/Drivers/SPI/SPI.o
 .debug_macro   0x00000000       0x17 ./source/Drivers/SPI/SPI.o
 .debug_macro   0x00000000       0x8d ./source/Drivers/SPI/SPI.o
 .debug_macro   0x00000000       0x35 ./source/Drivers/SPI/SPI.o
 .debug_macro   0x00000000       0x9c ./source/Drivers/SPI/SPI.o
 .debug_macro   0x00000000       0x16 ./source/Drivers/SPI/SPI.o
 .debug_macro   0x00000000       0x57 ./source/Drivers/SPI/SPI.o
 .debug_macro   0x00000000       0x97 ./source/Drivers/SPI/SPI.o
 .debug_macro   0x00000000      0x32a ./source/Drivers/SPI/SPI.o
 .debug_macro   0x00000000       0xfd ./source/Drivers/SPI/SPI.o
 .debug_macro   0x00000000       0x10 ./source/Drivers/SPI/SPI.o
 .debug_macro   0x00000000       0x58 ./source/Drivers/SPI/SPI.o
 .debug_macro   0x00000000       0x1f ./source/Drivers/SPI/SPI.o
 .debug_macro   0x00000000       0x43 ./source/Drivers/SPI/SPI.o
 .debug_macro   0x00000000       0x20 ./source/Drivers/SPI/SPI.o
 .debug_macro   0x00000000      0x18e ./source/Drivers/SPI/SPI.o
 .debug_macro   0x00000000       0x10 ./source/Drivers/SPI/SPI.o
 .debug_macro   0x00000000       0x6a ./source/Drivers/SPI/SPI.o
 .debug_macro   0x00000000       0x1c ./source/Drivers/SPI/SPI.o
 .debug_macro   0x00000000       0x52 ./source/Drivers/SPI/SPI.o
 .debug_macro   0x00000000       0x40 ./source/Drivers/SPI/SPI.o
 .debug_macro   0x00000000       0x10 ./source/Drivers/SPI/SPI.o
 .debug_macro   0x00000000       0x40 ./source/Drivers/SPI/SPI.o
 .debug_macro   0x00000000       0xd7 ./source/Drivers/SPI/SPI.o
 .debug_macro   0x00000000       0x1c ./source/Drivers/SPI/SPI.o
 .debug_macro   0x00000000       0x3d ./source/Drivers/SPI/SPI.o
 .debug_macro   0x00000000       0x16 ./source/Drivers/SPI/SPI.o
 .debug_macro   0x00000000      0x16f ./source/Drivers/SPI/SPI.o
 .debug_line    0x00000000      0x4f0 ./source/Drivers/SPI/SPI.o
 .debug_str     0x00000000    0x75017 ./source/Drivers/SPI/SPI.o
 .comment       0x00000000       0x7f ./source/Drivers/SPI/SPI.o
 .debug_frame   0x00000000      0x184 ./source/Drivers/SPI/SPI.o
 .ARM.attributes
                0x00000000       0x39 ./source/Drivers/SPI/SPI.o
 .group         0x00000000        0xc ./source/Drivers/I2C/I2C.o
 .group         0x00000000        0xc ./source/Drivers/I2C/I2C.o
 .group         0x00000000        0xc ./source/Drivers/I2C/I2C.o
 .group         0x00000000        0xc ./source/Drivers/I2C/I2C.o
 .group         0x00000000        0xc ./source/Drivers/I2C/I2C.o
 .group         0x00000000        0xc ./source/Drivers/I2C/I2C.o
 .group         0x00000000        0xc ./source/Drivers/I2C/I2C.o
 .group         0x00000000        0xc ./source/Drivers/I2C/I2C.o
 .group         0x00000000        0xc ./source/Drivers/I2C/I2C.o
 .group         0x00000000        0xc ./source/Drivers/I2C/I2C.o
 .group         0x00000000        0xc ./source/Drivers/I2C/I2C.o
 .group         0x00000000        0xc ./source/Drivers/I2C/I2C.o
 .group         0x00000000        0xc ./source/Drivers/I2C/I2C.o
 .text          0x00000000        0x0 ./source/Drivers/I2C/I2C.o
 .data          0x00000000        0x0 ./source/Drivers/I2C/I2C.o
 .bss           0x00000000        0x0 ./source/Drivers/I2C/I2C.o
 .debug_macro   0x00000000      0xa5a ./source/Drivers/I2C/I2C.o
 .debug_macro   0x00000000      0x34e ./source/Drivers/I2C/I2C.o
 .debug_macro   0x00000000       0x22 ./source/Drivers/I2C/I2C.o
 .debug_macro   0x00000000       0x40 ./source/Drivers/I2C/I2C.o
 .debug_macro   0x00000000       0x40 ./source/Drivers/I2C/I2C.o
 .debug_macro   0x00000000       0x5c ./source/Drivers/I2C/I2C.o
 .debug_macro   0x00000000       0x1c ./source/Drivers/I2C/I2C.o
 .debug_macro   0x00000000       0x22 ./source/Drivers/I2C/I2C.o
 .debug_macro   0x00000000       0xdf ./source/Drivers/I2C/I2C.o
 .debug_macro   0x00000000      0xecf ./source/Drivers/I2C/I2C.o
 .debug_macro   0x00000000       0x48 ./source/Drivers/I2C/I2C.o
 .debug_macro   0x00000000     0xe07b ./source/Drivers/I2C/I2C.o
 .debug_macro   0x00000000      0x174 ./source/Drivers/I2C/I2C.o
 .group         0x00000000        0xc ./source/Drivers/GPIO/gpio.o
 .group         0x00000000        0xc ./source/Drivers/GPIO/gpio.o
 .group         0x00000000        0xc ./source/Drivers/GPIO/gpio.o
 .group         0x00000000        0xc ./source/Drivers/GPIO/gpio.o
 .group         0x00000000        0xc ./source/Drivers/GPIO/gpio.o
 .group         0x00000000        0xc ./source/Drivers/GPIO/gpio.o
 .group         0x00000000        0xc ./source/Drivers/GPIO/gpio.o
 .group         0x00000000        0xc ./source/Drivers/GPIO/gpio.o
 .group         0x00000000        0xc ./source/Drivers/GPIO/gpio.o
 .group         0x00000000        0xc ./source/Drivers/GPIO/gpio.o
 .group         0x00000000        0xc ./source/Drivers/GPIO/gpio.o
 .text          0x00000000        0x0 ./source/Drivers/GPIO/gpio.o
 .data          0x00000000        0x0 ./source/Drivers/GPIO/gpio.o
 .bss           0x00000000        0x0 ./source/Drivers/GPIO/gpio.o
 .text.__NVIC_EnableIRQ
                0x00000000       0x3c ./source/Drivers/GPIO/gpio.o
 .text.__NVIC_ClearPendingIRQ
                0x00000000       0x3c ./source/Drivers/GPIO/gpio.o
 .text.__NVIC_SetPriority
                0x00000000       0x54 ./source/Drivers/GPIO/gpio.o
 .data.gpioPtrs
                0x00000000       0x14 ./source/Drivers/GPIO/gpio.o
 .data.portPtrs
                0x00000000       0x14 ./source/Drivers/GPIO/gpio.o
 .data.simMasks
                0x00000000       0x14 ./source/Drivers/GPIO/gpio.o
 .data.IRQn_ports
                0x00000000       0x14 ./source/Drivers/GPIO/gpio.o
 .data.sim_ptr  0x00000000        0x4 ./source/Drivers/GPIO/gpio.o
 .text.gpioMode
                0x00000000      0x174 ./source/Drivers/GPIO/gpio.o
 .text.gpioWrite
                0x00000000       0x6c ./source/Drivers/GPIO/gpio.o
 .text.gpioToggle
                0x00000000       0x44 ./source/Drivers/GPIO/gpio.o
 .text.gpioRead
                0x00000000       0x5c ./source/Drivers/GPIO/gpio.o
 .text.gpioIRQ  0x00000000      0x15c ./source/Drivers/GPIO/gpio.o
 .debug_macro   0x00000000      0xa5a ./source/Drivers/GPIO/gpio.o
 .debug_macro   0x00000000      0x34e ./source/Drivers/GPIO/gpio.o
 .debug_macro   0x00000000       0x22 ./source/Drivers/GPIO/gpio.o
 .debug_macro   0x00000000       0x3a ./source/Drivers/GPIO/gpio.o
 .debug_macro   0x00000000       0x5c ./source/Drivers/GPIO/gpio.o
 .debug_macro   0x00000000       0x1c ./source/Drivers/GPIO/gpio.o
 .debug_macro   0x00000000       0x22 ./source/Drivers/GPIO/gpio.o
 .debug_macro   0x00000000       0xdf ./source/Drivers/GPIO/gpio.o
 .debug_macro   0x00000000      0xecf ./source/Drivers/GPIO/gpio.o
 .debug_macro   0x00000000       0x48 ./source/Drivers/GPIO/gpio.o
 .debug_macro   0x00000000     0xe07b ./source/Drivers/GPIO/gpio.o
 .group         0x00000000        0xc ./source/Drivers/FTM/FTM.o
 .group         0x00000000        0xc ./source/Drivers/FTM/FTM.o
 .group         0x00000000        0xc ./source/Drivers/FTM/FTM.o
 .group         0x00000000        0xc ./source/Drivers/FTM/FTM.o
 .group         0x00000000        0xc ./source/Drivers/FTM/FTM.o
 .group         0x00000000        0xc ./source/Drivers/FTM/FTM.o
 .group         0x00000000        0xc ./source/Drivers/FTM/FTM.o
 .group         0x00000000        0xc ./source/Drivers/FTM/FTM.o
 .group         0x00000000        0xc ./source/Drivers/FTM/FTM.o
 .group         0x00000000        0xc ./source/Drivers/FTM/FTM.o
 .group         0x00000000        0xc ./source/Drivers/FTM/FTM.o
 .group         0x00000000        0xc ./source/Drivers/FTM/FTM.o
 .group         0x00000000        0xc ./source/Drivers/FTM/FTM.o
 .group         0x00000000        0xc ./source/Drivers/FTM/FTM.o
 .group         0x00000000        0xc ./source/Drivers/FTM/FTM.o
 .text          0x00000000        0x0 ./source/Drivers/FTM/FTM.o
 .data          0x00000000        0x0 ./source/Drivers/FTM/FTM.o
 .bss           0x00000000        0x0 ./source/Drivers/FTM/FTM.o
 .text.__NVIC_EnableIRQ
                0x00000000       0x3c ./source/Drivers/FTM/FTM.o
 .text.FTM_Init
                0x00000000       0xd8 ./source/Drivers/FTM/FTM.o
 .text.FTM_SetPrescaler
                0x00000000       0x2c ./source/Drivers/FTM/FTM.o
 .text.FTM_SetModulus
                0x00000000       0x2a ./source/Drivers/FTM/FTM.o
 .text.FTM_GetModulus
                0x00000000       0x1a ./source/Drivers/FTM/FTM.o
 .text.FTM_StartClock
                0x00000000       0x20 ./source/Drivers/FTM/FTM.o
 .text.FTM_StopClock
                0x00000000       0x20 ./source/Drivers/FTM/FTM.o
 .text.FTM_SetOverflowMode
                0x00000000       0x2e ./source/Drivers/FTM/FTM.o
 .text.FTM_IsOverflowPending
                0x00000000       0x26 ./source/Drivers/FTM/FTM.o
 .text.FTM_SetWorkingMode
                0x00000000       0x4e ./source/Drivers/FTM/FTM.o
 .text.FTM_GetWorkingMode
                0x00000000       0x2c ./source/Drivers/FTM/FTM.o
 .text.FTM_SetInputCaptureEdge
                0x00000000       0x4e ./source/Drivers/FTM/FTM.o
 .text.FTM_GetInputCaptureEdge
                0x00000000       0x2c ./source/Drivers/FTM/FTM.o
 .text.FTM_SetOutputCompareEffect
                0x00000000       0x4e ./source/Drivers/FTM/FTM.o
 .text.FTM_GetOutputCompareEffect
                0x00000000       0x2c ./source/Drivers/FTM/FTM.o
 .text.FTM_SetPulseWidthModulationLogic
                0x00000000       0x4e ./source/Drivers/FTM/FTM.o
 .text.FTM_GetPulseWidthModulationLogic
                0x00000000       0x2c ./source/Drivers/FTM/FTM.o
 .text.FTM_SetCounter
                0x00000000       0x28 ./source/Drivers/FTM/FTM.o
 .text.FTM_GetCounter
                0x00000000       0x24 ./source/Drivers/FTM/FTM.o
 .text.FTM_SetInterruptMode
                0x00000000       0x40 ./source/Drivers/FTM/FTM.o
 .text.FTM_IsInterruptPending
                0x00000000       0x30 ./source/Drivers/FTM/FTM.o
 .text.FTM_ClearInterruptFlag
                0x00000000       0x32 ./source/Drivers/FTM/FTM.o
 .debug_macro   0x00000000      0xa5a ./source/Drivers/FTM/FTM.o
 .debug_macro   0x00000000      0x34e ./source/Drivers/FTM/FTM.o
 .debug_macro   0x00000000       0x22 ./source/Drivers/FTM/FTM.o
 .debug_macro   0x00000000       0x10 ./source/Drivers/FTM/FTM.o
 .debug_macro   0x00000000       0x5c ./source/Drivers/FTM/FTM.o
 .debug_macro   0x00000000       0x1c ./source/Drivers/FTM/FTM.o
 .debug_macro   0x00000000       0x22 ./source/Drivers/FTM/FTM.o
 .debug_macro   0x00000000       0xdf ./source/Drivers/FTM/FTM.o
 .debug_macro   0x00000000      0xecf ./source/Drivers/FTM/FTM.o
 .debug_macro   0x00000000       0x48 ./source/Drivers/FTM/FTM.o
 .debug_macro   0x00000000     0xe07b ./source/Drivers/FTM/FTM.o
 .debug_macro   0x00000000     0x122b ./source/Drivers/FTM/FTM.o
 .debug_macro   0x00000000       0x16 ./source/Drivers/FTM/FTM.o
 .debug_macro   0x00000000       0x40 ./source/Drivers/FTM/FTM.o
 .group         0x00000000        0xc ./source/App_I2C.o
 .group         0x00000000        0xc ./source/App_I2C.o
 .group         0x00000000        0xc ./source/App_I2C.o
 .group         0x00000000        0xc ./source/App_I2C.o
 .group         0x00000000        0xc ./source/App_I2C.o
 .group         0x00000000        0xc ./source/App_I2C.o
 .group         0x00000000        0xc ./source/App_I2C.o
 .group         0x00000000        0xc ./source/App_I2C.o
 .group         0x00000000        0xc ./source/App_I2C.o
 .group         0x00000000        0xc ./source/App_I2C.o
 .group         0x00000000        0xc ./source/App_I2C.o
 .group         0x00000000        0xc ./source/App_I2C.o
 .group         0x00000000        0xc ./source/App_I2C.o
 .group         0x00000000        0xc ./source/App_I2C.o
 .group         0x00000000        0xc ./source/App_I2C.o
 .group         0x00000000        0xc ./source/App_I2C.o
 .group         0x00000000        0xc ./source/App_I2C.o
 .group         0x00000000        0xc ./source/App_I2C.o
 .group         0x00000000        0xc ./source/App_I2C.o
 .group         0x00000000        0xc ./source/App_I2C.o
 .group         0x00000000        0xc ./source/App_I2C.o
 .group         0x00000000        0xc ./source/App_I2C.o
 .text          0x00000000        0x0 ./source/App_I2C.o
 .data          0x00000000        0x0 ./source/App_I2C.o
 .bss           0x00000000        0x0 ./source/App_I2C.o
 .bss.r_data    0x00000000        0x4 ./source/App_I2C.o
 .bss.data      0x00000000        0xe ./source/App_I2C.o
 .debug_macro   0x00000000      0xa5a ./source/App_I2C.o
 .debug_macro   0x00000000      0x34e ./source/App_I2C.o
 .debug_macro   0x00000000       0x22 ./source/App_I2C.o
 .debug_macro   0x00000000       0x17 ./source/App_I2C.o
 .debug_macro   0x00000000       0x22 ./source/App_I2C.o
 .debug_macro   0x00000000       0x52 ./source/App_I2C.o
 .debug_macro   0x00000000       0x8d ./source/App_I2C.o
 .debug_macro   0x00000000       0x35 ./source/App_I2C.o
 .debug_macro   0x00000000       0x9c ./source/App_I2C.o
 .debug_macro   0x00000000       0x16 ./source/App_I2C.o
 .debug_macro   0x00000000      0x10e ./source/App_I2C.o
 .debug_macro   0x00000000       0x8d ./source/App_I2C.o
 .debug_macro   0x00000000       0x57 ./source/App_I2C.o
 .debug_macro   0x00000000       0x58 ./source/App_I2C.o
 .debug_macro   0x00000000       0x1f ./source/App_I2C.o
 .debug_macro   0x00000000       0x43 ./source/App_I2C.o
 .debug_macro   0x00000000       0x20 ./source/App_I2C.o
 .debug_macro   0x00000000      0x18e ./source/App_I2C.o
 .debug_macro   0x00000000      0x330 ./source/App_I2C.o
 .debug_macro   0x00000000       0x16 ./source/App_I2C.o
 .debug_macro   0x00000000       0x29 ./source/App_I2C.o
 .debug_macro   0x00000000       0x1c ./source/App_I2C.o
 .group         0x00000000        0xc ./SDK/startup/hardware.o
 .group         0x00000000        0xc ./SDK/startup/hardware.o
 .group         0x00000000        0xc ./SDK/startup/hardware.o
 .group         0x00000000        0xc ./SDK/startup/hardware.o
 .group         0x00000000        0xc ./SDK/startup/hardware.o
 .group         0x00000000        0xc ./SDK/startup/hardware.o
 .group         0x00000000        0xc ./SDK/startup/hardware.o
 .group         0x00000000        0xc ./SDK/startup/hardware.o
 .group         0x00000000        0xc ./SDK/startup/hardware.o
 .group         0x00000000        0xc ./SDK/startup/hardware.o
 .group         0x00000000        0xc ./SDK/startup/hardware.o
 .group         0x00000000        0xc ./SDK/startup/hardware.o
 .group         0x00000000        0xc ./SDK/startup/hardware.o
 .text          0x00000000        0x0 ./SDK/startup/hardware.o
 .data          0x00000000        0x0 ./SDK/startup/hardware.o
 .bss           0x00000000        0x0 ./SDK/startup/hardware.o
 .debug_macro   0x00000000      0xa5a ./SDK/startup/hardware.o
 .debug_macro   0x00000000      0x34e ./SDK/startup/hardware.o
 .debug_macro   0x00000000       0x22 ./SDK/startup/hardware.o
 .debug_macro   0x00000000       0x10 ./SDK/startup/hardware.o
 .debug_macro   0x00000000       0x5c ./SDK/startup/hardware.o
 .debug_macro   0x00000000       0x1c ./SDK/startup/hardware.o
 .debug_macro   0x00000000       0x22 ./SDK/startup/hardware.o
 .debug_macro   0x00000000       0xdf ./SDK/startup/hardware.o
 .debug_macro   0x00000000      0xecf ./SDK/startup/hardware.o
 .debug_macro   0x00000000       0x48 ./SDK/startup/hardware.o
 .debug_macro   0x00000000     0xe07b ./SDK/startup/hardware.o
 .debug_macro   0x00000000     0x122b ./SDK/startup/hardware.o
 .debug_macro   0x00000000       0x16 ./SDK/startup/hardware.o
 .group         0x00000000        0xc ./SDK/startup/main.o
 .group         0x00000000        0xc ./SDK/startup/main.o
 .group         0x00000000        0xc ./SDK/startup/main.o
 .group         0x00000000        0xc ./SDK/startup/main.o
 .group         0x00000000        0xc ./SDK/startup/main.o
 .group         0x00000000        0xc ./SDK/startup/main.o
 .group         0x00000000        0xc ./SDK/startup/main.o
 .group         0x00000000        0xc ./SDK/startup/main.o
 .group         0x00000000        0xc ./SDK/startup/main.o
 .group         0x00000000        0xc ./SDK/startup/main.o
 .group         0x00000000        0xc ./SDK/startup/main.o
 .group         0x00000000        0xc ./SDK/startup/main.o
 .group         0x00000000        0xc ./SDK/startup/main.o
 .text          0x00000000        0x0 ./SDK/startup/main.o
 .data          0x00000000        0x0 ./SDK/startup/main.o
 .bss           0x00000000        0x0 ./SDK/startup/main.o
 .debug_macro   0x00000000      0xa5a ./SDK/startup/main.o
 .debug_macro   0x00000000      0x34e ./SDK/startup/main.o
 .debug_macro   0x00000000       0x22 ./SDK/startup/main.o
 .debug_macro   0x00000000       0x10 ./SDK/startup/main.o
 .debug_macro   0x00000000       0x5c ./SDK/startup/main.o
 .debug_macro   0x00000000       0x1c ./SDK/startup/main.o
 .debug_macro   0x00000000       0x22 ./SDK/startup/main.o
 .debug_macro   0x00000000       0xdf ./SDK/startup/main.o
 .debug_macro   0x00000000      0xecf ./SDK/startup/main.o
 .debug_macro   0x00000000       0x48 ./SDK/startup/main.o
 .debug_macro   0x00000000     0xe07b ./SDK/startup/main.o
 .debug_macro   0x00000000     0x122b ./SDK/startup/main.o
 .debug_macro   0x00000000       0x16 ./SDK/startup/main.o
 .group         0x00000000        0xc ./SDK/startup/semihost_hardfault.o
 .text          0x00000000        0x0 ./SDK/startup/semihost_hardfault.o
 .data          0x00000000        0x0 ./SDK/startup/semihost_hardfault.o
 .bss           0x00000000        0x0 ./SDK/startup/semihost_hardfault.o
 .debug_macro   0x00000000      0xa5a ./SDK/startup/semihost_hardfault.o
 .group         0x00000000        0xc ./SDK/startup/startup_mk64f12.o
 .text          0x00000000        0x0 ./SDK/startup/startup_mk64f12.o
 .data          0x00000000        0x0 ./SDK/startup/startup_mk64f12.o
 .bss           0x00000000        0x0 ./SDK/startup/startup_mk64f12.o
 .text.I2C0_IRQHandler
                0x00000000        0x8 ./SDK/startup/startup_mk64f12.o
 .text.UART0_RX_TX_IRQHandler
                0x00000000        0x8 ./SDK/startup/startup_mk64f12.o
 .text.UART3_RX_TX_IRQHandler
                0x00000000        0x8 ./SDK/startup/startup_mk64f12.o
 .text.FTM0_IRQHandler
                0x00000000        0x8 ./SDK/startup/startup_mk64f12.o
 .text.PORTA_IRQHandler
                0x00000000        0x8 ./SDK/startup/startup_mk64f12.o
 .text.PORTB_IRQHandler
                0x00000000        0x8 ./SDK/startup/startup_mk64f12.o
 .text.PORTC_IRQHandler
                0x00000000        0x8 ./SDK/startup/startup_mk64f12.o
 .text.PORTD_IRQHandler
                0x00000000        0x8 ./SDK/startup/startup_mk64f12.o
 .text.PORTE_IRQHandler
                0x00000000        0x8 ./SDK/startup/startup_mk64f12.o
 .debug_macro   0x00000000      0xa5a ./SDK/startup/startup_mk64f12.o
 .group         0x00000000        0xc ./SDK/CMSIS/system_MK64F12.o
 .group         0x00000000        0xc ./SDK/CMSIS/system_MK64F12.o
 .group         0x00000000        0xc ./SDK/CMSIS/system_MK64F12.o
 .group         0x00000000        0xc ./SDK/CMSIS/system_MK64F12.o
 .group         0x00000000        0xc ./SDK/CMSIS/system_MK64F12.o
 .group         0x00000000        0xc ./SDK/CMSIS/system_MK64F12.o
 .group         0x00000000        0xc ./SDK/CMSIS/system_MK64F12.o
 .group         0x00000000        0xc ./SDK/CMSIS/system_MK64F12.o
 .group         0x00000000        0xc ./SDK/CMSIS/system_MK64F12.o
 .group         0x00000000        0xc ./SDK/CMSIS/system_MK64F12.o
 .group         0x00000000        0xc ./SDK/CMSIS/system_MK64F12.o
 .text          0x00000000        0x0 ./SDK/CMSIS/system_MK64F12.o
 .data          0x00000000        0x0 ./SDK/CMSIS/system_MK64F12.o
 .bss           0x00000000        0x0 ./SDK/CMSIS/system_MK64F12.o
 .data.SystemCoreClock
                0x00000000        0x4 ./SDK/CMSIS/system_MK64F12.o
 .text.SystemCoreClockUpdate
                0x00000000      0x278 ./SDK/CMSIS/system_MK64F12.o
 .debug_macro   0x00000000      0xa5a ./SDK/CMSIS/system_MK64F12.o
 .debug_macro   0x00000000      0x34e ./SDK/CMSIS/system_MK64F12.o
 .debug_macro   0x00000000       0x10 ./SDK/CMSIS/system_MK64F12.o
 .debug_macro   0x00000000       0x5c ./SDK/CMSIS/system_MK64F12.o
 .debug_macro   0x00000000       0x1c ./SDK/CMSIS/system_MK64F12.o
 .debug_macro   0x00000000       0x22 ./SDK/CMSIS/system_MK64F12.o
 .debug_macro   0x00000000       0xdf ./SDK/CMSIS/system_MK64F12.o
 .debug_macro   0x00000000      0xecf ./SDK/CMSIS/system_MK64F12.o
 .debug_macro   0x00000000       0x48 ./SDK/CMSIS/system_MK64F12.o
 .debug_macro   0x00000000     0xe07b ./SDK/CMSIS/system_MK64F12.o
 .debug_macro   0x00000000     0x122b ./SDK/CMSIS/system_MK64F12.o

Memory Configuration

Name             Origin             Length             Attributes
PROGRAM_FLASH    0x00000000         0x00100000         xr
SRAM_UPPER       0x20000000         0x00030000         xrw
SRAM_LOWER       0x1fff0000         0x00010000         xrw
FLEX_RAM         0x14000000         0x00001000         xrw
*default*        0x00000000         0xffffffff

Linker script and memory map

LOAD ./source/Drivers/UART/uart.o
LOAD ./source/Drivers/Timer/timer.o
LOAD ./source/Drivers/SysTick/SysTick.o
LOAD ./source/Drivers/SPI/SPI.o
LOAD ./source/Drivers/I2C/I2C.o
LOAD ./source/Drivers/GPIO/gpio.o
LOAD ./source/Drivers/FTM/FTM.o
LOAD ./source/App_I2C.o
LOAD ./SDK/startup/hardware.o
LOAD ./SDK/startup/main.o
LOAD ./SDK/startup/semihost_hardfault.o
LOAD ./SDK/startup/startup_mk64f12.o
LOAD ./SDK/CMSIS/system_MK64F12.o
START GROUP
LOAD c:/nxp/mcuxpressoide_10.2.0_759/ide/tools/bin/../lib/gcc/arm-none-eabi/7.2.1/../../../../arm-none-eabi/lib/thumb/v7e-m/fpv4-sp/hard\libcr_c.a
LOAD c:/nxp/mcuxpressoide_10.2.0_759/ide/tools/bin/../lib/gcc/arm-none-eabi/7.2.1/thumb/v7e-m/fpv4-sp/hard\libcr_eabihelpers.a
END GROUP
                0x00000000                __base_PROGRAM_FLASH = 0x0
                0x00000000                __base_Flash = 0x0
                0x00100000                __top_PROGRAM_FLASH = 0x100000
                0x00100000                __top_Flash = 0x100000
                0x20000000                __base_SRAM_UPPER = 0x20000000
                0x20000000                __base_RAM = 0x20000000
                0x20030000                __top_SRAM_UPPER = 0x20030000
                0x20030000                __top_RAM = 0x20030000
                0x1fff0000                __base_SRAM_LOWER = 0x1fff0000
                0x1fff0000                __base_RAM2 = 0x1fff0000
                0x20000000                __top_SRAM_LOWER = 0x20000000
                0x20000000                __top_RAM2 = 0x20000000
                0x14000000                __base_FLEX_RAM = 0x14000000
                0x14000000                __base_RAM3 = 0x14000000
                0x14001000                __top_FLEX_RAM = 0x14001000
                0x14001000                __top_RAM3 = 0x14001000

.text           0x00000000     0x1560
 FILL mask 0xff
                0x00000000                __vectors_start__ = ABSOLUTE (.)
 *(SORT_BY_ALIGNMENT(.isr_vector))
 .isr_vector    0x00000000      0x198 ./SDK/startup/startup_mk64f12.o
                0x00000000                g_pfnVectors
                0x00000000                __Vectors
                0x00000198                . = ALIGN (0x4)
                0x00000198                __section_table_start = .
                0x00000198                __data_section_table = .
                0x00000198        0x4 LONG 0x1560 LOADADDR (.data)
                0x0000019c        0x4 LONG 0x20000000 ADDR (.data)
                0x000001a0        0x4 LONG 0x20 SIZEOF (.data)
                0x000001a4        0x4 LONG 0x1560 LOADADDR (.data_RAM2)
                0x000001a8        0x4 LONG 0x1fff0000 ADDR (.data_RAM2)
                0x000001ac        0x4 LONG 0x0 SIZEOF (.data_RAM2)
                0x000001b0        0x4 LONG 0x1560 LOADADDR (.data_RAM3)
                0x000001b4        0x4 LONG 0x14000000 ADDR (.data_RAM3)
                0x000001b8        0x4 LONG 0x0 SIZEOF (.data_RAM3)
                0x000001bc                __data_section_table_end = .
                0x000001bc                __bss_section_table = .
                0x000001bc        0x4 LONG 0x20000020 ADDR (.bss)
                0x000001c0        0x4 LONG 0x2a8 SIZEOF (.bss)
                0x000001c4        0x4 LONG 0x1fff0000 ADDR (.bss_RAM2)
                0x000001c8        0x4 LONG 0x0 SIZEOF (.bss_RAM2)
                0x000001cc        0x4 LONG 0x14000000 ADDR (.bss_RAM3)
                0x000001d0        0x4 LONG 0x0 SIZEOF (.bss_RAM3)
                0x000001d4                __bss_section_table_end = .
                0x000001d4                __section_table_end = .
 *(SORT_BY_ALIGNMENT(.after_vectors*))
 .after_vectors.reset
                0x000001d4       0x4c ./SDK/startup/startup_mk64f12.o
                0x000001d4                ResetISR
 .after_vectors.init_data
                0x00000220       0x1e ./SDK/startup/startup_mk64f12.o
                0x00000220                data_init
 .after_vectors.init_bss
                0x0000023e       0x12 ./SDK/startup/startup_mk64f12.o
                0x0000023e                bss_init
 .after_vectors
                0x00000250       0x14 ./SDK/startup/startup_mk64f12.o
                0x00000250                NMI_Handler
                0x00000254                MemManage_Handler
                0x00000256                BusFault_Handler
                0x00000258                UsageFault_Handler
                0x0000025a                SVC_Handler
                0x0000025c                DebugMon_Handler
                0x0000025e                PendSV_Handler
                0x00000262                DMA_Error_DriverIRQHandler
                0x00000262                LPTMR0_DriverIRQHandler
                0x00000262                FTM1_DriverIRQHandler
                0x00000262                FTM2_DriverIRQHandler
                0x00000262                PIT2_DriverIRQHandler
                0x00000262                SDHC_DriverIRQHandler
                0x00000262                I2S0_Tx_DriverIRQHandler
                0x00000262                RTC_Seconds_DriverIRQHandler
                0x00000262                DMA6_DriverIRQHandler
                0x00000262                LLWU_DriverIRQHandler
                0x00000262                MCM_DriverIRQHandler
                0x00000262                MCG_DriverIRQHandler
                0x00000262                ENET_1588_Timer_DriverIRQHandler
                0x00000262                I2C2_DriverIRQHandler
                0x00000262                DAC1_DriverIRQHandler
                0x00000262                SPI1_DriverIRQHandler
                0x00000262                CMP1_DriverIRQHandler
                0x00000262                UART5_RX_TX_DriverIRQHandler
                0x00000262                FTM0_DriverIRQHandler
                0x00000262                IntDefaultHandler
                0x00000262                USB0_DriverIRQHandler
                0x00000262                UART5_ERR_DriverIRQHandler
                0x00000262                PORTC_DriverIRQHandler
                0x00000262                DMA11_DriverIRQHandler
                0x00000262                DAC0_DriverIRQHandler
                0x00000262                DMA10_DriverIRQHandler
                0x00000262                CMP2_DriverIRQHandler
                0x00000262                UART2_ERR_DriverIRQHandler
                0x00000262                SPI2_DriverIRQHandler
                0x00000262                LVD_LVW_DriverIRQHandler
                0x00000262                PIT0_DriverIRQHandler
                0x00000262                RNG_DriverIRQHandler
                0x00000262                DMA5_DriverIRQHandler
                0x00000262                DMA12_DriverIRQHandler
                0x00000262                UART2_RX_TX_DriverIRQHandler
                0x00000262                USBDCD_DriverIRQHandler
                0x00000262                UART3_ERR_DriverIRQHandler
                0x00000262                DMA3_DriverIRQHandler
                0x00000262                DMA8_DriverIRQHandler
                0x00000262                DMA9_DriverIRQHandler
                0x00000262                UART0_ERR_DriverIRQHandler
                0x00000262                CMT_DriverIRQHandler
                0x00000262                Reserved71_DriverIRQHandler
                0x00000262                ADC1_DriverIRQHandler
                0x00000262                PORTA_DriverIRQHandler
                0x00000262                DMA14_DriverIRQHandler
                0x00000262                PIT3_DriverIRQHandler
                0x00000262                PIT1_DriverIRQHandler
                0x00000262                WDOG_EWM_DriverIRQHandler
                0x00000262                PDB0_DriverIRQHandler
                0x00000262                RTC_DriverIRQHandler
                0x00000262                I2S0_Rx_DriverIRQHandler
                0x00000262                Read_Collision_DriverIRQHandler
                0x00000262                SWI_DriverIRQHandler
                0x00000262                UART4_RX_TX_DriverIRQHandler
                0x00000262                UART4_ERR_DriverIRQHandler
                0x00000262                PORTB_DriverIRQHandler
                0x00000262                UART0_LON_DriverIRQHandler
                0x00000262                DMA0_DriverIRQHandler
                0x00000262                DMA1_DriverIRQHandler
                0x00000262                I2C1_DriverIRQHandler
                0x00000262                UART3_RX_TX_DriverIRQHandler
                0x00000262                ENET_Receive_DriverIRQHandler
                0x00000262                DMA13_DriverIRQHandler
                0x00000262                ENET_Error_DriverIRQHandler
                0x00000262                DMA15_DriverIRQHandler
                0x00000262                UART0_RX_TX_DriverIRQHandler
                0x00000262                SPI0_DriverIRQHandler
                0x00000262                ADC0_DriverIRQHandler
                0x00000262                CMP0_DriverIRQHandler
                0x00000262                CAN0_DriverIRQHandler
                0x00000262                FTM3_DriverIRQHandler
                0x00000262                DMA4_DriverIRQHandler
                0x00000262                UART1_ERR_DriverIRQHandler
                0x00000262                DMA2_DriverIRQHandler
                0x00000262                ENET_Transmit_DriverIRQHandler
                0x00000262                PORTD_DriverIRQHandler
                0x00000262                PORTE_DriverIRQHandler
                0x00000262                FTFE_DriverIRQHandler
                0x00000262                I2C0_DriverIRQHandler
                0x00000262                DMA7_DriverIRQHandler
                0x00000262                UART1_RX_TX_DriverIRQHandler
                0x00000400                . = 0x400
 *fill*         0x00000264      0x19c ff
                0x00000400                PROVIDE (__FLASH_CONFIG_START__, .)
 *(SORT_BY_ALIGNMENT(.FlashConfig))
 .FlashConfig   0x00000400       0x10 ./SDK/startup/startup_mk64f12.o
                0x00000400                Flash_Config
                0x00000410                PROVIDE (__FLASH_CONFIG_END__, .)
                0x00000001                ASSERT (! ((__FLASH_CONFIG_START__ == __FLASH_CONFIG_END__)), Linker Flash Config Support Enabled, but no .FlashConfig section provided within application)
 *(SORT_BY_ALIGNMENT(.text*))
 .text.UART0_RX_TX_IRQHandler
                0x00000410       0xe0 ./source/Drivers/UART/uart.o
                0x00000410                UART0_RX_TX_IRQHandler
 .text.UART3_RX_TX_IRQHandler
                0x000004f0       0xe0 ./source/Drivers/UART/uart.o
                0x000004f0                UART3_RX_TX_IRQHandler
 .text.timerInit
                0x000005d0       0x28 ./source/Drivers/Timer/timer.o
                0x000005d0                timerInit
 .text.timerStart
                0x000005f8       0xb8 ./source/Drivers/Timer/timer.o
                0x000005f8                timerStart
 .text.timerExpired
                0x000006b0       0x4c ./source/Drivers/Timer/timer.o
                0x000006b0                timerExpired
 .text.timer_isr
                0x000006fc      0x190 ./source/Drivers/Timer/timer.o
 .text.__NVIC_EnableIRQ
                0x0000088c       0x3c ./source/Drivers/SysTick/SysTick.o
 .text.SysTick_Init
                0x000008c8       0x50 ./source/Drivers/SysTick/SysTick.o
                0x000008c8                SysTick_Init
 .text.SysTick_Handler
                0x00000918       0x14 ./source/Drivers/SysTick/SysTick.o
                0x00000918                SysTick_Handler
 .text.__NVIC_EnableIRQ
                0x0000092c       0x3c ./source/Drivers/I2C/I2C.o
 .text.I2C_init
                0x00000968      0x154 ./source/Drivers/I2C/I2C.o
                0x00000968                I2C_init
 .text.I2C_init_transcieve
                0x00000abc       0xa4 ./source/Drivers/I2C/I2C.o
                0x00000abc                I2C_init_transcieve
 .text.end_transcieve
                0x00000b60       0x88 ./source/Drivers/I2C/I2C.o
 .text.I2C0_IRQHandler
                0x00000be8      0x230 ./source/Drivers/I2C/I2C.o
                0x00000be8                I2C0_IRQHandler
 .text.PORTA_IRQHandler
                0x00000e18       0x44 ./source/Drivers/GPIO/gpio.o
                0x00000e18                PORTA_IRQHandler
 .text.PORTB_IRQHandler
                0x00000e5c       0x48 ./source/Drivers/GPIO/gpio.o
                0x00000e5c                PORTB_IRQHandler
 .text.PORTC_IRQHandler
                0x00000ea4       0x48 ./source/Drivers/GPIO/gpio.o
                0x00000ea4                PORTC_IRQHandler
 .text.PORTD_IRQHandler
                0x00000eec       0x48 ./source/Drivers/GPIO/gpio.o
                0x00000eec                PORTD_IRQHandler
 .text.PORTE_IRQHandler
                0x00000f34       0x48 ./source/Drivers/GPIO/gpio.o
                0x00000f34                PORTE_IRQHandler
 .text.PORT_ClearInterruptFlag
                0x00000f7c       0x4c ./source/Drivers/GPIO/gpio.o
 .text.OVF_ISR  0x00000fc8       0x14 ./source/Drivers/FTM/FTM.o
                0x00000fc8                OVF_ISR
 .text.App_Run  0x00000fdc       0x78 ./source/App_I2C.o
                0x00000fdc                App_Run
 .text.hw_Init  0x00001054      0x10c ./SDK/startup/hardware.o
                0x00001054                hw_Init
 .text.hw_EnableInterrupts
                0x00001160       0x30 ./SDK/startup/hardware.o
                0x00001160                hw_EnableInterrupts
 .text.hw_DisableInterrupts
                0x00001190       0x20 ./SDK/startup/hardware.o
                0x00001190                hw_DisableInterrupts
 .text.SystemInit
                0x000011b0       0x3c ./SDK/CMSIS/system_MK64F12.o
                0x000011b0                SystemInit
 .text.timerDelay
                0x000011ec       0x30 ./source/Drivers/Timer/timer.o
                0x000011ec                timerDelay
 .text.FTM0_IRQHandler
                0x0000121c       0x1c ./source/Drivers/FTM/FTM.o
                0x0000121c                FTM0_IRQHandler
 .text.FTM_ClearOverflowFlag
                0x00001238       0x20 ./source/Drivers/FTM/FTM.o
                0x00001238                FTM_ClearOverflowFlag
 .text.dummy    0x00001258        0xe ./source/App_I2C.o
                0x00001258                dummy
 .text.App_Init
                0x00001266       0x12 ./source/App_I2C.o
                0x00001266                App_Init
 .text.main     0x00001278       0x1a ./SDK/startup/main.o
                0x00001278                main
 .text.HardFault_Handler
                0x00001292       0x2c ./SDK/startup/semihost_hardfault.o
                0x00001292                HardFault_Handler
 .text.DMA0_IRQHandler
                0x000012be        0x8 ./SDK/startup/startup_mk64f12.o
                0x000012be                DMA0_IRQHandler
 .text.DMA1_IRQHandler
                0x000012c6        0x8 ./SDK/startup/startup_mk64f12.o
                0x000012c6                DMA1_IRQHandler
 .text.DMA2_IRQHandler
                0x000012ce        0x8 ./SDK/startup/startup_mk64f12.o
                0x000012ce                DMA2_IRQHandler
 .text.DMA3_IRQHandler
                0x000012d6        0x8 ./SDK/startup/startup_mk64f12.o
                0x000012d6                DMA3_IRQHandler
 .text.DMA4_IRQHandler
                0x000012de        0x8 ./SDK/startup/startup_mk64f12.o
                0x000012de                DMA4_IRQHandler
 .text.DMA5_IRQHandler
                0x000012e6        0x8 ./SDK/startup/startup_mk64f12.o
                0x000012e6                DMA5_IRQHandler
 .text.DMA6_IRQHandler
                0x000012ee        0x8 ./SDK/startup/startup_mk64f12.o
                0x000012ee                DMA6_IRQHandler
 .text.DMA7_IRQHandler
                0x000012f6        0x8 ./SDK/startup/startup_mk64f12.o
                0x000012f6                DMA7_IRQHandler
 .text.DMA8_IRQHandler
                0x000012fe        0x8 ./SDK/startup/startup_mk64f12.o
                0x000012fe                DMA8_IRQHandler
 .text.DMA9_IRQHandler
                0x00001306        0x8 ./SDK/startup/startup_mk64f12.o
                0x00001306                DMA9_IRQHandler
 .text.DMA10_IRQHandler
                0x0000130e        0x8 ./SDK/startup/startup_mk64f12.o
                0x0000130e                DMA10_IRQHandler
 .text.DMA11_IRQHandler
                0x00001316        0x8 ./SDK/startup/startup_mk64f12.o
                0x00001316                DMA11_IRQHandler
 .text.DMA12_IRQHandler
                0x0000131e        0x8 ./SDK/startup/startup_mk64f12.o
                0x0000131e                DMA12_IRQHandler
 .text.DMA13_IRQHandler
                0x00001326        0x8 ./SDK/startup/startup_mk64f12.o
                0x00001326                DMA13_IRQHandler
 .text.DMA14_IRQHandler
                0x0000132e        0x8 ./SDK/startup/startup_mk64f12.o
                0x0000132e                DMA14_IRQHandler
 .text.DMA15_IRQHandler
                0x00001336        0x8 ./SDK/startup/startup_mk64f12.o
                0x00001336                DMA15_IRQHandler
 .text.DMA_Error_IRQHandler
                0x0000133e        0x8 ./SDK/startup/startup_mk64f12.o
                0x0000133e                DMA_Error_IRQHandler
 .text.MCM_IRQHandler
                0x00001346        0x8 ./SDK/startup/startup_mk64f12.o
                0x00001346                MCM_IRQHandler
 .text.FTFE_IRQHandler
                0x0000134e        0x8 ./SDK/startup/startup_mk64f12.o
                0x0000134e                FTFE_IRQHandler
 .text.Read_Collision_IRQHandler
                0x00001356        0x8 ./SDK/startup/startup_mk64f12.o
                0x00001356                Read_Collision_IRQHandler
 .text.LVD_LVW_IRQHandler
                0x0000135e        0x8 ./SDK/startup/startup_mk64f12.o
                0x0000135e                LVD_LVW_IRQHandler
 .text.LLWU_IRQHandler
                0x00001366        0x8 ./SDK/startup/startup_mk64f12.o
                0x00001366                LLWU_IRQHandler
 .text.WDOG_EWM_IRQHandler
                0x0000136e        0x8 ./SDK/startup/startup_mk64f12.o
                0x0000136e                WDOG_EWM_IRQHandler
 .text.RNG_IRQHandler
                0x00001376        0x8 ./SDK/startup/startup_mk64f12.o
                0x00001376                RNG_IRQHandler
 .text.I2C1_IRQHandler
                0x0000137e        0x8 ./SDK/startup/startup_mk64f12.o
                0x0000137e                I2C1_IRQHandler
 .text.SPI0_IRQHandler
                0x00001386        0x8 ./SDK/startup/startup_mk64f12.o
                0x00001386                SPI0_IRQHandler
 .text.SPI1_IRQHandler
                0x0000138e        0x8 ./SDK/startup/startup_mk64f12.o
                0x0000138e                SPI1_IRQHandler
 .text.I2S0_Tx_IRQHandler
                0x00001396        0x8 ./SDK/startup/startup_mk64f12.o
                0x00001396                I2S0_Tx_IRQHandler
 .text.I2S0_Rx_IRQHandler
                0x0000139e        0x8 ./SDK/startup/startup_mk64f12.o
                0x0000139e                I2S0_Rx_IRQHandler
 .text.UART0_LON_IRQHandler
                0x000013a6        0x8 ./SDK/startup/startup_mk64f12.o
                0x000013a6                UART0_LON_IRQHandler
 .text.UART0_ERR_IRQHandler
                0x000013ae        0x8 ./SDK/startup/startup_mk64f12.o
                0x000013ae                UART0_ERR_IRQHandler
 .text.UART1_RX_TX_IRQHandler
                0x000013b6        0x8 ./SDK/startup/startup_mk64f12.o
                0x000013b6                UART1_RX_TX_IRQHandler
 .text.UART1_ERR_IRQHandler
                0x000013be        0x8 ./SDK/startup/startup_mk64f12.o
                0x000013be                UART1_ERR_IRQHandler
 .text.UART2_RX_TX_IRQHandler
                0x000013c6        0x8 ./SDK/startup/startup_mk64f12.o
                0x000013c6                UART2_RX_TX_IRQHandler
 .text.UART2_ERR_IRQHandler
                0x000013ce        0x8 ./SDK/startup/startup_mk64f12.o
                0x000013ce                UART2_ERR_IRQHandler
 .text.UART3_ERR_IRQHandler
                0x000013d6        0x8 ./SDK/startup/startup_mk64f12.o
                0x000013d6                UART3_ERR_IRQHandler
 .text.ADC0_IRQHandler
                0x000013de        0x8 ./SDK/startup/startup_mk64f12.o
                0x000013de                ADC0_IRQHandler
 .text.CMP0_IRQHandler
                0x000013e6        0x8 ./SDK/startup/startup_mk64f12.o
                0x000013e6                CMP0_IRQHandler
 .text.CMP1_IRQHandler
                0x000013ee        0x8 ./SDK/startup/startup_mk64f12.o
                0x000013ee                CMP1_IRQHandler
 .text.FTM1_IRQHandler
                0x000013f6        0x8 ./SDK/startup/startup_mk64f12.o
                0x000013f6                FTM1_IRQHandler
 .text.FTM2_IRQHandler
                0x000013fe        0x8 ./SDK/startup/startup_mk64f12.o
                0x000013fe                FTM2_IRQHandler
 .text.CMT_IRQHandler
                0x00001406        0x8 ./SDK/startup/startup_mk64f12.o
                0x00001406                CMT_IRQHandler
 .text.RTC_IRQHandler
                0x0000140e        0x8 ./SDK/startup/startup_mk64f12.o
                0x0000140e                RTC_IRQHandler
 .text.RTC_Seconds_IRQHandler
                0x00001416        0x8 ./SDK/startup/startup_mk64f12.o
                0x00001416                RTC_Seconds_IRQHandler
 .text.PIT0_IRQHandler
                0x0000141e        0x8 ./SDK/startup/startup_mk64f12.o
                0x0000141e                PIT0_IRQHandler
 .text.PIT1_IRQHandler
                0x00001426        0x8 ./SDK/startup/startup_mk64f12.o
                0x00001426                PIT1_IRQHandler
 .text.PIT2_IRQHandler
                0x0000142e        0x8 ./SDK/startup/startup_mk64f12.o
                0x0000142e                PIT2_IRQHandler
 .text.PIT3_IRQHandler
                0x00001436        0x8 ./SDK/startup/startup_mk64f12.o
                0x00001436                PIT3_IRQHandler
 .text.PDB0_IRQHandler
                0x0000143e        0x8 ./SDK/startup/startup_mk64f12.o
                0x0000143e                PDB0_IRQHandler
 .text.USB0_IRQHandler
                0x00001446        0x8 ./SDK/startup/startup_mk64f12.o
                0x00001446                USB0_IRQHandler
 .text.USBDCD_IRQHandler
                0x0000144e        0x8 ./SDK/startup/startup_mk64f12.o
                0x0000144e                USBDCD_IRQHandler
 .text.Reserved71_IRQHandler
                0x00001456        0x8 ./SDK/startup/startup_mk64f12.o
                0x00001456                Reserved71_IRQHandler
 .text.DAC0_IRQHandler
                0x0000145e        0x8 ./SDK/startup/startup_mk64f12.o
                0x0000145e                DAC0_IRQHandler
 .text.MCG_IRQHandler
                0x00001466        0x8 ./SDK/startup/startup_mk64f12.o
                0x00001466                MCG_IRQHandler
 .text.LPTMR0_IRQHandler
                0x0000146e        0x8 ./SDK/startup/startup_mk64f12.o
                0x0000146e                LPTMR0_IRQHandler
 .text.SWI_IRQHandler
                0x00001476        0x8 ./SDK/startup/startup_mk64f12.o
                0x00001476                SWI_IRQHandler
 .text.SPI2_IRQHandler
                0x0000147e        0x8 ./SDK/startup/startup_mk64f12.o
                0x0000147e                SPI2_IRQHandler
 .text.UART4_RX_TX_IRQHandler
                0x00001486        0x8 ./SDK/startup/startup_mk64f12.o
                0x00001486                UART4_RX_TX_IRQHandler
 .text.UART4_ERR_IRQHandler
                0x0000148e        0x8 ./SDK/startup/startup_mk64f12.o
                0x0000148e                UART4_ERR_IRQHandler
 .text.UART5_RX_TX_IRQHandler
                0x00001496        0x8 ./SDK/startup/startup_mk64f12.o
                0x00001496                UART5_RX_TX_IRQHandler
 .text.UART5_ERR_IRQHandler
                0x0000149e        0x8 ./SDK/startup/startup_mk64f12.o
                0x0000149e                UART5_ERR_IRQHandler
 .text.CMP2_IRQHandler
                0x000014a6        0x8 ./SDK/startup/startup_mk64f12.o
                0x000014a6                CMP2_IRQHandler
 .text.FTM3_IRQHandler
                0x000014ae        0x8 ./SDK/startup/startup_mk64f12.o
                0x000014ae                FTM3_IRQHandler
 .text.DAC1_IRQHandler
                0x000014b6        0x8 ./SDK/startup/startup_mk64f12.o
                0x000014b6                DAC1_IRQHandler
 .text.ADC1_IRQHandler
                0x000014be        0x8 ./SDK/startup/startup_mk64f12.o
                0x000014be                ADC1_IRQHandler
 .text.I2C2_IRQHandler
                0x000014c6        0x8 ./SDK/startup/startup_mk64f12.o
                0x000014c6                I2C2_IRQHandler
 .text.CAN0_ORed_Message_buffer_IRQHandler
                0x000014ce        0x8 ./SDK/startup/startup_mk64f12.o
                0x000014ce                CAN0_ORed_Message_buffer_IRQHandler
 .text.CAN0_Bus_Off_IRQHandler
                0x000014d6        0x8 ./SDK/startup/startup_mk64f12.o
                0x000014d6                CAN0_Bus_Off_IRQHandler
 .text.CAN0_Error_IRQHandler
                0x000014de        0x8 ./SDK/startup/startup_mk64f12.o
                0x000014de                CAN0_Error_IRQHandler
 .text.CAN0_Tx_Warning_IRQHandler
                0x000014e6        0x8 ./SDK/startup/startup_mk64f12.o
                0x000014e6                CAN0_Tx_Warning_IRQHandler
 .text.CAN0_Rx_Warning_IRQHandler
                0x000014ee        0x8 ./SDK/startup/startup_mk64f12.o
                0x000014ee                CAN0_Rx_Warning_IRQHandler
 .text.CAN0_Wake_Up_IRQHandler
                0x000014f6        0x8 ./SDK/startup/startup_mk64f12.o
                0x000014f6                CAN0_Wake_Up_IRQHandler
 .text.SDHC_IRQHandler
                0x000014fe        0x8 ./SDK/startup/startup_mk64f12.o
                0x000014fe                SDHC_IRQHandler
 .text.ENET_1588_Timer_IRQHandler
                0x00001506        0x8 ./SDK/startup/startup_mk64f12.o
                0x00001506                ENET_1588_Timer_IRQHandler
 .text.ENET_Transmit_IRQHandler
                0x0000150e        0x8 ./SDK/startup/startup_mk64f12.o
                0x0000150e                ENET_Transmit_IRQHandler
 .text.ENET_Receive_IRQHandler
                0x00001516        0x8 ./SDK/startup/startup_mk64f12.o
                0x00001516                ENET_Receive_IRQHandler
 .text.ENET_Error_IRQHandler
                0x0000151e        0x8 ./SDK/startup/startup_mk64f12.o
                0x0000151e                ENET_Error_IRQHandler
 .text.SystemInitHook
                0x00001526        0xe ./SDK/CMSIS/system_MK64F12.o
                0x00001526                SystemInitHook
 *(SORT_BY_ALIGNMENT(.rodata) SORT_BY_ALIGNMENT(.rodata.*) SORT_BY_ALIGNMENT(.constdata) SORT_BY_ALIGNMENT(.constdata.*))
 .rodata        0x00001534       0x14 ./source/Drivers/I2C/I2C.o
 .rodata        0x00001548       0x14 ./source/Drivers/GPIO/gpio.o
                0x00001560                . = ALIGN (0x8)
 *fill*         0x0000155c        0x4 ff

.glue_7         0x00001560        0x0
 .glue_7        0x00001560        0x0 linker stubs

.glue_7t        0x00001560        0x0
 .glue_7t       0x00001560        0x0 linker stubs

.vfp11_veneer   0x00001560        0x0
 .vfp11_veneer  0x00001560        0x0 linker stubs

.v4_bx          0x00001560        0x0
 .v4_bx         0x00001560        0x0 linker stubs

.iplt           0x00001560        0x0
 .iplt          0x00001560        0x0 ./source/Drivers/UART/uart.o

.rel.dyn        0x00001560        0x0
 .rel.iplt      0x00001560        0x0 ./source/Drivers/UART/uart.o

.ARM.extab
 *(SORT_BY_ALIGNMENT(.ARM.extab*) SORT_BY_ALIGNMENT(.gnu.linkonce.armextab.*))
                0x00001560                __exidx_start = .

.ARM.exidx
 *(SORT_BY_ALIGNMENT(.ARM.exidx*) SORT_BY_ALIGNMENT(.gnu.linkonce.armexidx.*))
                0x00001560                __exidx_end = .
                0x00001560                _etext = .

.m_usb_data
 *(SORT_BY_ALIGNMENT(m_usb_bdt))

.data_RAM2      0x1fff0000        0x0 load address 0x00001560
 FILL mask 0xff
                [!provide]                PROVIDE (__start_data_RAM2, .)
 *(SORT_BY_ALIGNMENT(.ramfunc.$RAM2))
 *(SORT_BY_ALIGNMENT(.ramfunc.$SRAM_LOWER))
 *(SORT_BY_ALIGNMENT(.data.$RAM2*))
 *(SORT_BY_ALIGNMENT(.data.$SRAM_LOWER*))
                0x1fff0000                . = ALIGN (0x8)
                [!provide]                PROVIDE (__end_data_RAM2, .)

.data_RAM3      0x14000000        0x0 load address 0x00001560
 FILL mask 0xff
                [!provide]                PROVIDE (__start_data_RAM3, .)
 *(SORT_BY_ALIGNMENT(.ramfunc.$RAM3))
 *(SORT_BY_ALIGNMENT(.ramfunc.$FLEX_RAM))
 *(SORT_BY_ALIGNMENT(.data.$RAM3*))
 *(SORT_BY_ALIGNMENT(.data.$FLEX_RAM*))
                0x14000000                . = ALIGN (0x8)
                [!provide]                PROVIDE (__end_data_RAM3, .)

.uninit_RESERVED
                0x20000000        0x0
 *(SORT_BY_ALIGNMENT(.bss.$RESERVED*))
                0x20000000                . = ALIGN (0x4)
                0x20000000                _end_uninit_RESERVED = .

.data           0x20000000       0x20 load address 0x00001560
 FILL mask 0xff
                0x20000000                _data = .
 *(SORT_BY_ALIGNMENT(vtable))
 *(SORT_BY_ALIGNMENT(.ramfunc*))
 *(SORT_BY_ALIGNMENT(.data*))
 .data.i2cPtrs  0x20000000        0xc ./source/Drivers/I2C/I2C.o
 .data.simMasks
                0x2000000c        0xc ./source/Drivers/I2C/I2C.o
 .data.i2c_irqs
                0x20000018        0x3 ./source/Drivers/I2C/I2C.o
 .data.timers_cant
                0x2000001b        0x1 ./source/Drivers/Timer/timer.o
                0x20000020                . = ALIGN (0x8)
 *fill*         0x2000001c        0x4 ff
                0x20000020                _edata = .

.igot.plt       0x20000020        0x0 load address 0x00001580
 .igot.plt      0x20000020        0x0 ./source/Drivers/UART/uart.o

.bss_RAM2       0x1fff0000        0x0
                [!provide]                PROVIDE (__start_bss_RAM2, .)
 *(SORT_BY_ALIGNMENT(.bss.$RAM2*))
 *(SORT_BY_ALIGNMENT(.bss.$SRAM_LOWER*))
                0x1fff0000                . = ALIGN ((. != 0x0)?0x8:0x1)
                [!provide]                PROVIDE (__end_bss_RAM2, .)

.bss_RAM3       0x14000000        0x0
                [!provide]                PROVIDE (__start_bss_RAM3, .)
 *(SORT_BY_ALIGNMENT(.bss.$RAM3*))
 *(SORT_BY_ALIGNMENT(.bss.$FLEX_RAM*))
                0x14000000                . = ALIGN ((. != 0x0)?0x8:0x1)
                [!provide]                PROVIDE (__end_bss_RAM3, .)

.bss            0x20000020      0x2a8
                0x20000020                _bss = .
 *(SORT_BY_ALIGNMENT(.bss*))
 .bss.buffer_send
                0x20000020       0x64 ./source/Drivers/UART/uart.o
                0x20000020                buffer_send
 .bss.buffer_recived
                0x20000084       0x64 ./source/Drivers/UART/uart.o
                0x20000084                buffer_recived
 .bss.timers    0x200000e8      0x100 ./source/Drivers/Timer/timer.o
 .bss.callback  0x200001e8        0x4 ./source/Drivers/SysTick/SysTick.o
 .bss.i2c       0x200001ec        0x4 ./source/Drivers/I2C/I2C.o
 .bss.i2c_com   0x200001f0        0x4 ./source/Drivers/I2C/I2C.o
 .bss.pin_ports_activated
                0x200001f4       0xa0 ./source/Drivers/GPIO/gpio.o
 .bss.callback  0x20000294        0x4 ./source/Drivers/GPIO/gpio.o
 .bss.Buffer    0x20000298        0xa ./source/App_I2C.o
                0x20000298                Buffer
 *fill*         0x200002a2        0x2 
 .bss.i2c_com   0x200002a4       0x10 ./source/App_I2C.o
                0x200002a4                i2c_com
 .bss.__LDM_interruptDisableCount
                0x200002b4        0x4 ./SDK/startup/hardware.o
 .bss.last_recived
                0x200002b8        0x2 ./source/Drivers/UART/uart.o
 .bss.first_2_send
                0x200002ba        0x2 ./source/Drivers/UART/uart.o
 .bss.last_2_send
                0x200002bc        0x2 ./source/Drivers/UART/uart.o
 .bss.rx_data   0x200002be        0x1 ./source/Drivers/UART/uart.o
 .bss.rx_flag   0x200002bf        0x1 ./source/Drivers/UART/uart.o
 .bss.yaInit.5605
                0x200002c0        0x1 ./source/Drivers/Timer/timer.o
 .bss.state     0x200002c1        0x1 ./source/Drivers/I2C/I2C.o
 .bss.mode      0x200002c2        0x1 ./source/Drivers/I2C/I2C.o
 .bss.data_index
                0x200002c3        0x1 ./source/Drivers/I2C/I2C.o
 *(SORT_BY_ALIGNMENT(COMMON))
                0x200002c8                . = ALIGN (0x8)
 *fill*         0x200002c4        0x4 
                0x200002c8                _ebss = .
                [!provide]                PROVIDE (end, .)

.noinit_RAM2    0x1fff0000        0x0
 *(SORT_BY_ALIGNMENT(.noinit.$RAM2*))
 *(SORT_BY_ALIGNMENT(.noinit.$SRAM_LOWER*))
                0x1fff0000                . = ALIGN (0x8)

.noinit_RAM3    0x14000000        0x0
 *(SORT_BY_ALIGNMENT(.noinit.$RAM3*))
 *(SORT_BY_ALIGNMENT(.noinit.$FLEX_RAM*))
                0x14000000                . = ALIGN (0x8)

.noinit         0x200002c8        0x0
                0x200002c8                _noinit = .
 *(SORT_BY_ALIGNMENT(.noinit*))
                0x200002c8                . = ALIGN (0x8)
                0x200002c8                _end_noinit = .
                0x00001000                _HeapSize = 0x1000

.heap           0x200002c8     0x1000
                0x200002c8                _pvHeapStart = .
                0x200012c8                . = (. + _HeapSize)
 *fill*         0x200002c8     0x1000 
                0x200012c8                . = ALIGN (0x8)
                0x200012c8                _pvHeapLimit = .
                0x00001000                _StackSize = 0x1000

.heap2stackfill
                0x200012c8     0x1000
                0x200022c8                . = (. + _StackSize)
 *fill*         0x200012c8     0x1000 

.stack          0x2002f000        0x0
                0x2002f000                _vStackBase = .
                0x2002f000                . = ALIGN (0x8)
                0x20030000                _vStackTop = (. + _StackSize)
                0x00000000                _image_start = LOADADDR (.text)
                0x00001580                _image_end = (LOADADDR (.data) + SIZEOF (.data))
                0x00001580                _image_size = (_image_end - _image_start)
OUTPUT(Blink.axf elf32-littlearm)

.debug_info     0x00000000     0x622c
 .debug_info    0x00000000      0xc2d ./source/Drivers/UART/uart.o
 .debug_info    0x00000c2d      0xaef ./source/Drivers/Timer/timer.o
 .debug_info    0x0000171c      0x514 ./source/Drivers/SysTick/SysTick.o
 .debug_info    0x00001c30      0xad3 ./source/Drivers/I2C/I2C.o
 .debug_info    0x00002703      0xd4d ./source/Drivers/GPIO/gpio.o
 .debug_info    0x00003450      0xd35 ./source/Drivers/FTM/FTM.o
 .debug_info    0x00004185      0xa94 ./source/App_I2C.o
 .debug_info    0x00004c19      0x675 ./SDK/startup/hardware.o
 .debug_info    0x0000528e       0xb7 ./SDK/startup/main.o
 .debug_info    0x00005345       0x3b ./SDK/startup/semihost_hardfault.o
 .debug_info    0x00005380      0x8b0 ./SDK/startup/startup_mk64f12.o
 .debug_info    0x00005c30      0x5fc ./SDK/CMSIS/system_MK64F12.o

.debug_abbrev   0x00000000     0x12cf
 .debug_abbrev  0x00000000      0x22f ./source/Drivers/UART/uart.o
 .debug_abbrev  0x0000022f      0x2a0 ./source/Drivers/Timer/timer.o
 .debug_abbrev  0x000004cf      0x194 ./source/Drivers/SysTick/SysTick.o
 .debug_abbrev  0x00000663      0x1fc ./source/Drivers/I2C/I2C.o
 .debug_abbrev  0x0000085f      0x23d ./source/Drivers/GPIO/gpio.o
 .debug_abbrev  0x00000a9c      0x1b8 ./source/Drivers/FTM/FTM.o
 .debug_abbrev  0x00000c54      0x1fc ./source/App_I2C.o
 .debug_abbrev  0x00000e50      0x138 ./SDK/startup/hardware.o
 .debug_abbrev  0x00000f88       0x7d ./SDK/startup/main.o
 .debug_abbrev  0x00001005       0x2f ./SDK/startup/semihost_hardfault.o
 .debug_abbrev  0x00001034      0x15c ./SDK/startup/startup_mk64f12.o
 .debug_abbrev  0x00001190      0x13f ./SDK/CMSIS/system_MK64F12.o

.debug_aranges  0x00000000      0x690
 .debug_aranges
                0x00000000       0x60 ./source/Drivers/UART/uart.o
 .debug_aranges
                0x00000060       0x58 ./source/Drivers/Timer/timer.o
 .debug_aranges
                0x000000b8       0x30 ./source/Drivers/SysTick/SysTick.o
 .debug_aranges
                0x000000e8       0x40 ./source/Drivers/I2C/I2C.o
 .debug_aranges
                0x00000128       0x88 ./source/Drivers/GPIO/gpio.o
 .debug_aranges
                0x000001b0       0xe0 ./source/Drivers/FTM/FTM.o
 .debug_aranges
                0x00000290       0x30 ./source/App_I2C.o
 .debug_aranges
                0x000002c0       0x30 ./SDK/startup/hardware.o
 .debug_aranges
                0x000002f0       0x20 ./SDK/startup/main.o
 .debug_aranges
                0x00000310       0x20 ./SDK/startup/semihost_hardfault.o
 .debug_aranges
                0x00000330      0x330 ./SDK/startup/startup_mk64f12.o
 .debug_aranges
                0x00000660       0x30 ./SDK/CMSIS/system_MK64F12.o

.debug_ranges   0x00000000      0x5d0
 .debug_ranges  0x00000000       0x50 ./source/Drivers/UART/uart.o
 .debug_ranges  0x00000050       0x48 ./source/Drivers/Timer/timer.o
 .debug_ranges  0x00000098       0x20 ./source/Drivers/SysTick/SysTick.o
 .debug_ranges  0x000000b8       0x30 ./source/Drivers/I2C/I2C.o
 .debug_ranges  0x000000e8       0x78 ./source/Drivers/GPIO/gpio.o
 .debug_ranges  0x00000160       0xd0 ./source/Drivers/FTM/FTM.o
 .debug_ranges  0x00000230       0x20 ./source/App_I2C.o
 .debug_ranges  0x00000250       0x20 ./SDK/startup/hardware.o
 .debug_ranges  0x00000270       0x10 ./SDK/startup/main.o
 .debug_ranges  0x00000280       0x10 ./SDK/startup/semihost_hardfault.o
 .debug_ranges  0x00000290      0x320 ./SDK/startup/startup_mk64f12.o
 .debug_ranges  0x000005b0       0x20 ./SDK/CMSIS/system_MK64F12.o

.debug_macro    0x00000000    0x12551
 .debug_macro   0x00000000       0xc4 ./source/Drivers/UART/uart.o
 .debug_macro   0x000000c4      0xa5a ./source/Drivers/UART/uart.o
 .debug_macro   0x00000b1e       0x5c ./source/Drivers/UART/uart.o
 .debug_macro   0x00000b7a      0x34e ./source/Drivers/UART/uart.o
 .debug_macro   0x00000ec8       0x1c ./source/Drivers/UART/uart.o
 .debug_macro   0x00000ee4       0x22 ./source/Drivers/UART/uart.o
 .debug_macro   0x00000f06       0xdf ./source/Drivers/UART/uart.o
 .debug_macro   0x00000fe5      0xecf ./source/Drivers/UART/uart.o
 .debug_macro   0x00001eb4       0x48 ./source/Drivers/UART/uart.o
 .debug_macro   0x00001efc     0xe07b ./source/Drivers/UART/uart.o
 .debug_macro   0x0000ff77       0x22 ./source/Drivers/UART/uart.o
 .debug_macro   0x0000ff99       0x10 ./source/Drivers/UART/uart.o
 .debug_macro   0x0000ffa9     0x122b ./source/Drivers/UART/uart.o
 .debug_macro   0x000111d4       0x16 ./source/Drivers/UART/uart.o
 .debug_macro   0x000111ea       0x28 ./source/Drivers/UART/uart.o
 .debug_macro   0x00011212       0x40 ./source/Drivers/UART/uart.o
 .debug_macro   0x00011252      0x136 ./source/Drivers/Timer/timer.o
 .debug_macro   0x00011388       0x17 ./source/Drivers/Timer/timer.o
 .debug_macro   0x0001139f       0x22 ./source/Drivers/Timer/timer.o
 .debug_macro   0x000113c1       0x52 ./source/Drivers/Timer/timer.o
 .debug_macro   0x00011413       0x8d ./source/Drivers/Timer/timer.o
 .debug_macro   0x000114a0       0x35 ./source/Drivers/Timer/timer.o
 .debug_macro   0x000114d5       0x9c ./source/Drivers/Timer/timer.o
 .debug_macro   0x00011571       0x16 ./source/Drivers/Timer/timer.o
 .debug_macro   0x00011587      0x10e ./source/Drivers/Timer/timer.o
 .debug_macro   0x00011695       0x8d ./source/Drivers/Timer/timer.o
 .debug_macro   0x00011722       0x57 ./source/Drivers/Timer/timer.o
 .debug_macro   0x00011779       0x58 ./source/Drivers/Timer/timer.o
 .debug_macro   0x000117d1       0x1f ./source/Drivers/Timer/timer.o
 .debug_macro   0x000117f0       0x43 ./source/Drivers/Timer/timer.o
 .debug_macro   0x00011833       0x20 ./source/Drivers/Timer/timer.o
 .debug_macro   0x00011853      0x18e ./source/Drivers/Timer/timer.o
 .debug_macro   0x000119e1      0x330 ./source/Drivers/Timer/timer.o
 .debug_macro   0x00011d11       0x16 ./source/Drivers/Timer/timer.o
 .debug_macro   0x00011d27       0x29 ./source/Drivers/Timer/timer.o
 .debug_macro   0x00011d50       0x1c ./source/Drivers/Timer/timer.o
 .debug_macro   0x00011d6c       0x10 ./source/Drivers/Timer/timer.o
 .debug_macro   0x00011d7c       0xb6 ./source/Drivers/SysTick/SysTick.o
 .debug_macro   0x00011e32      0x174 ./source/Drivers/SysTick/SysTick.o
 .debug_macro   0x00011fa6       0xfc ./source/Drivers/I2C/I2C.o
 .debug_macro   0x000120a2       0x92 ./source/Drivers/GPIO/gpio.o
 .debug_macro   0x00012134       0xb4 ./source/Drivers/FTM/FTM.o
 .debug_macro   0x000121e8       0x34 ./source/Drivers/FTM/FTM.o
 .debug_macro   0x0001221c      0x143 ./source/App_I2C.o
 .debug_macro   0x0001235f       0x9c ./SDK/startup/hardware.o
 .debug_macro   0x000123fb       0x9c ./SDK/startup/main.o
 .debug_macro   0x00012497       0x11 ./SDK/startup/semihost_hardfault.o
 .debug_macro   0x000124a8       0x29 ./SDK/startup/startup_mk64f12.o
 .debug_macro   0x000124d1       0x80 ./SDK/CMSIS/system_MK64F12.o

.debug_line     0x00000000     0x2042
 .debug_line    0x00000000      0x2c7 ./source/Drivers/UART/uart.o
 .debug_line    0x000002c7      0x398 ./source/Drivers/Timer/timer.o
 .debug_line    0x0000065f      0x1f4 ./source/Drivers/SysTick/SysTick.o
 .debug_line    0x00000853      0x261 ./source/Drivers/I2C/I2C.o
 .debug_line    0x00000ab4      0x2d0 ./source/Drivers/GPIO/gpio.o
 .debug_line    0x00000d84      0x3ad ./source/Drivers/FTM/FTM.o
 .debug_line    0x00001131      0x2d0 ./source/App_I2C.o
 .debug_line    0x00001401      0x1d4 ./SDK/startup/hardware.o
 .debug_line    0x000015d5      0x175 ./SDK/startup/main.o
 .debug_line    0x0000174a       0x59 ./SDK/startup/semihost_hardfault.o
 .debug_line    0x000017a3      0x6d8 ./SDK/startup/startup_mk64f12.o
 .debug_line    0x00001e7b      0x1c7 ./SDK/CMSIS/system_MK64F12.o

.debug_str      0x00000000    0x7c3e3
 .debug_str     0x00000000    0x777ad ./source/Drivers/UART/uart.o
                              0x77985 (size before relaxing)
 .debug_str     0x000777ad     0x3509 ./source/Drivers/Timer/timer.o
                               0x6e26 (size before relaxing)
 .debug_str     0x0007acb6       0x73 ./source/Drivers/SysTick/SysTick.o
                              0x778fe (size before relaxing)
 .debug_str     0x0007ad29      0x5e5 ./source/Drivers/I2C/I2C.o
                              0x7149d (size before relaxing)
 .debug_str     0x0007b30e      0x25d ./source/Drivers/GPIO/gpio.o
                              0x70e46 (size before relaxing)
 .debug_str     0x0007b56b      0x45b ./source/Drivers/FTM/FTM.o
                              0x77b11 (size before relaxing)
 .debug_str     0x0007b9c6       0xc8 ./source/App_I2C.o
                               0x6e28 (size before relaxing)
 .debug_str     0x0007ba8e      0x11b ./SDK/startup/hardware.o
                              0x77211 (size before relaxing)
 .debug_str     0x0007bba9       0x1b ./SDK/startup/main.o
                              0x76fe5 (size before relaxing)
 .debug_str     0x0007bbc4       0x36 ./SDK/startup/semihost_hardfault.o
                               0x2d4b (size before relaxing)
 .debug_str     0x0007bbfa      0x787 ./SDK/startup/startup_mk64f12.o
                               0x35b9 (size before relaxing)
 .debug_str     0x0007c381       0x62 ./SDK/CMSIS/system_MK64F12.o
                              0x77120 (size before relaxing)

.comment        0x00000000       0x7e
 .comment       0x00000000       0x7e ./source/Drivers/UART/uart.o
                                 0x7f (size before relaxing)
 .comment       0x0000007e       0x7f ./source/Drivers/Timer/timer.o
 .comment       0x0000007e       0x7f ./source/Drivers/SysTick/SysTick.o
 .comment       0x0000007e       0x7f ./source/Drivers/I2C/I2C.o
 .comment       0x0000007e       0x7f ./source/Drivers/GPIO/gpio.o
 .comment       0x0000007e       0x7f ./source/Drivers/FTM/FTM.o
 .comment       0x0000007e       0x7f ./source/App_I2C.o
 .comment       0x0000007e       0x7f ./SDK/startup/hardware.o
 .comment       0x0000007e       0x7f ./SDK/startup/main.o
 .comment       0x0000007e       0x7f ./SDK/startup/semihost_hardfault.o
 .comment       0x0000007e       0x7f ./SDK/startup/startup_mk64f12.o
 .comment       0x0000007e       0x7f ./SDK/CMSIS/system_MK64F12.o

.ARM.attributes
                0x00000000       0x39
 .ARM.attributes
                0x00000000       0x39 ./source/Drivers/UART/uart.o
 .ARM.attributes
                0x00000039       0x39 ./source/Drivers/Timer/timer.o
 .ARM.attributes
                0x00000072       0x39 ./source/Drivers/SysTick/SysTick.o
 .ARM.attributes
                0x000000ab       0x39 ./source/Drivers/I2C/I2C.o
 .ARM.attributes
                0x000000e4       0x39 ./source/Drivers/GPIO/gpio.o
 .ARM.attributes
                0x0000011d       0x39 ./source/Drivers/FTM/FTM.o
 .ARM.attributes
                0x00000156       0x39 ./source/App_I2C.o
 .ARM.attributes
                0x0000018f       0x39 ./SDK/startup/hardware.o
 .ARM.attributes
                0x000001c8       0x39 ./SDK/startup/main.o
 .ARM.attributes
                0x00000201       0x39 ./SDK/startup/semihost_hardfault.o
 .ARM.attributes
                0x0000023a       0x39 ./SDK/startup/startup_mk64f12.o
 .ARM.attributes
                0x00000273       0x39 ./SDK/CMSIS/system_MK64F12.o

.debug_frame    0x00000000     0x14a8
 .debug_frame   0x00000000      0x178 ./source/Drivers/UART/uart.o
 .debug_frame   0x00000178      0x134 ./source/Drivers/Timer/timer.o
 .debug_frame   0x000002ac       0x78 ./source/Drivers/SysTick/SysTick.o
 .debug_frame   0x00000324       0xd4 ./source/Drivers/I2C/I2C.o
 .debug_frame   0x000003f8      0x230 ./source/Drivers/GPIO/gpio.o
 .debug_frame   0x00000628      0x3e4 ./source/Drivers/FTM/FTM.o
 .debug_frame   0x00000a0c       0x68 ./source/App_I2C.o
 .debug_frame   0x00000a74       0x70 ./SDK/startup/hardware.o
 .debug_frame   0x00000ae4       0x2c ./SDK/startup/main.o
 .debug_frame   0x00000b10       0x20 ./SDK/startup/semihost_hardfault.o
 .debug_frame   0x00000b30      0x904 ./SDK/startup/startup_mk64f12.o
 .debug_frame   0x00001434       0x74 ./SDK/CMSIS/system_MK64F12.o
