
Discarded input sections

 .group         0x00000000        0xc ./source/Drivers/UART/uart.o
 .group         0x00000000        0xc ./source/Drivers/UART/uart.o
 .group         0x00000000        0xc ./source/Drivers/UART/uart.o
 .group         0x00000000        0xc ./source/Drivers/UART/uart.o
 .group         0x00000000        0xc ./source/Drivers/UART/uart.o
 .group         0x00000000        0xc ./source/Drivers/UART/uart.o
 .group         0x00000000        0xc ./source/Drivers/UART/uart.o
 .group         0x00000000        0xc ./source/Drivers/UART/uart.o
 .group         0x00000000        0xc ./source/Drivers/UART/uart.o
 .group         0x00000000        0xc ./source/Drivers/UART/uart.o
 .group         0x00000000        0xc ./source/Drivers/UART/uart.o
 .group         0x00000000        0xc ./source/Drivers/UART/uart.o
 .group         0x00000000        0xc ./source/Drivers/UART/uart.o
 .group         0x00000000        0xc ./source/Drivers/UART/uart.o
 .group         0x00000000        0xc ./source/Drivers/UART/uart.o
 .text          0x00000000        0x0 ./source/Drivers/UART/uart.o
 .data          0x00000000        0x0 ./source/Drivers/UART/uart.o
 .bss           0x00000000        0x0 ./source/Drivers/UART/uart.o
 .text.__NVIC_EnableIRQ
                0x00000000       0x3c ./source/Drivers/UART/uart.o
 .data.uarts_ptr
                0x00000000       0x18 ./source/Drivers/UART/uart.o
 .bss.first_recived
                0x00000000        0x2 ./source/Drivers/UART/uart.o
 .bss.word_down
                0x00000000       0x78 ./source/Drivers/UART/uart.o
 .data.portPtrs
                0x00000000       0x14 ./source/Drivers/UART/uart.o
 .text.PCR_config
                0x00000000       0x88 ./source/Drivers/UART/uart.o
 .text.uart_init
                0x00000000      0x1d8 ./source/Drivers/UART/uart.o
 .text.UART_send_data
                0x00000000       0x30 ./source/Drivers/UART/uart.o
 .text.UART_Recieve_Data
                0x00000000       0x28 ./source/Drivers/UART/uart.o
 .text.upload_word
                0x00000000       0x9c ./source/Drivers/UART/uart.o
 .text.download_word
                0x00000000       0x8c ./source/Drivers/UART/uart.o
 .group         0x00000000        0xc ./source/Drivers/Timer/timer.o
 .group         0x00000000        0xc ./source/Drivers/Timer/timer.o
 .group         0x00000000        0xc ./source/Drivers/Timer/timer.o
 .group         0x00000000        0xc ./source/Drivers/Timer/timer.o
 .group         0x00000000        0xc ./source/Drivers/Timer/timer.o
 .group         0x00000000        0xc ./source/Drivers/Timer/timer.o
 .group         0x00000000        0xc ./source/Drivers/Timer/timer.o
 .group         0x00000000        0xc ./source/Drivers/Timer/timer.o
 .group         0x00000000        0xc ./source/Drivers/Timer/timer.o
 .group         0x00000000        0xc ./source/Drivers/Timer/timer.o
 .group         0x00000000        0xc ./source/Drivers/Timer/timer.o
 .group         0x00000000        0xc ./source/Drivers/Timer/timer.o
 .group         0x00000000        0xc ./source/Drivers/Timer/timer.o
 .group         0x00000000        0xc ./source/Drivers/Timer/timer.o
 .group         0x00000000        0xc ./source/Drivers/Timer/timer.o
 .group         0x00000000        0xc ./source/Drivers/Timer/timer.o
 .group         0x00000000        0xc ./source/Drivers/Timer/timer.o
 .group         0x00000000        0xc ./source/Drivers/Timer/timer.o
 .group         0x00000000        0xc ./source/Drivers/Timer/timer.o
 .group         0x00000000        0xc ./source/Drivers/Timer/timer.o
 .group         0x00000000        0xc ./source/Drivers/Timer/timer.o
 .group         0x00000000        0xc ./source/Drivers/Timer/timer.o
 .group         0x00000000        0xc ./source/Drivers/Timer/timer.o
 .text          0x00000000        0x0 ./source/Drivers/Timer/timer.o
 .data          0x00000000        0x0 ./source/Drivers/Timer/timer.o
 .bss           0x00000000        0x0 ./source/Drivers/Timer/timer.o
 .text.timerGetId
                0x00000000       0x2c ./source/Drivers/Timer/timer.o
 .text.timerStop
                0x00000000       0x6c ./source/Drivers/Timer/timer.o
 .text.timerRunning
                0x00000000       0x38 ./source/Drivers/Timer/timer.o
 .debug_macro   0x00000000      0xa5a ./source/Drivers/Timer/timer.o
 .debug_macro   0x00000000      0x34e ./source/Drivers/Timer/timer.o
 .debug_macro   0x00000000       0x22 ./source/Drivers/Timer/timer.o
 .group         0x00000000        0xc ./source/Drivers/SysTick/SysTick.o
 .group         0x00000000        0xc ./source/Drivers/SysTick/SysTick.o
 .group         0x00000000        0xc ./source/Drivers/SysTick/SysTick.o
 .group         0x00000000        0xc ./source/Drivers/SysTick/SysTick.o
 .group         0x00000000        0xc ./source/Drivers/SysTick/SysTick.o
 .group         0x00000000        0xc ./source/Drivers/SysTick/SysTick.o
 .group         0x00000000        0xc ./source/Drivers/SysTick/SysTick.o
 .group         0x00000000        0xc ./source/Drivers/SysTick/SysTick.o
 .group         0x00000000        0xc ./source/Drivers/SysTick/SysTick.o
 .group         0x00000000        0xc ./source/Drivers/SysTick/SysTick.o
 .group         0x00000000        0xc ./source/Drivers/SysTick/SysTick.o
 .group         0x00000000        0xc ./source/Drivers/SysTick/SysTick.o
 .group         0x00000000        0xc ./source/Drivers/SysTick/SysTick.o
 .group         0x00000000        0xc ./source/Drivers/SysTick/SysTick.o
 .group         0x00000000        0xc ./source/Drivers/SysTick/SysTick.o
 .text          0x00000000        0x0 ./source/Drivers/SysTick/SysTick.o
 .data          0x00000000        0x0 ./source/Drivers/SysTick/SysTick.o
 .bss           0x00000000        0x0 ./source/Drivers/SysTick/SysTick.o
 .debug_macro   0x00000000      0xa5a ./source/Drivers/SysTick/SysTick.o
 .debug_macro   0x00000000      0x34e ./source/Drivers/SysTick/SysTick.o
 .debug_macro   0x00000000       0x22 ./source/Drivers/SysTick/SysTick.o
 .debug_macro   0x00000000       0x10 ./source/Drivers/SysTick/SysTick.o
 .debug_macro   0x00000000       0x5c ./source/Drivers/SysTick/SysTick.o
 .debug_macro   0x00000000       0x1c ./source/Drivers/SysTick/SysTick.o
 .debug_macro   0x00000000       0x22 ./source/Drivers/SysTick/SysTick.o
 .debug_macro   0x00000000       0xdf ./source/Drivers/SysTick/SysTick.o
 .debug_macro   0x00000000      0xecf ./source/Drivers/SysTick/SysTick.o
 .debug_macro   0x00000000       0x48 ./source/Drivers/SysTick/SysTick.o
 .debug_macro   0x00000000     0xe07b ./source/Drivers/SysTick/SysTick.o
 .debug_macro   0x00000000       0x10 ./source/Drivers/SysTick/SysTick.o
 .debug_macro   0x00000000     0x122b ./source/Drivers/SysTick/SysTick.o
 .debug_macro   0x00000000       0x16 ./source/Drivers/SysTick/SysTick.o
 .group         0x00000000        0xc ./source/Drivers/SPI/SPI.o
 .group         0x00000000        0xc ./source/Drivers/SPI/SPI.o
 .group         0x00000000        0xc ./source/Drivers/SPI/SPI.o
 .group         0x00000000        0xc ./source/Drivers/SPI/SPI.o
 .group         0x00000000        0xc ./source/Drivers/SPI/SPI.o
 .group         0x00000000        0xc ./source/Drivers/SPI/SPI.o
 .group         0x00000000        0xc ./source/Drivers/SPI/SPI.o
 .group         0x00000000        0xc ./source/Drivers/SPI/SPI.o
 .group         0x00000000        0xc ./source/Drivers/SPI/SPI.o
 .group         0x00000000        0xc ./source/Drivers/SPI/SPI.o
 .group         0x00000000        0xc ./source/Drivers/SPI/SPI.o
 .group         0x00000000        0xc ./source/Drivers/SPI/SPI.o
 .group         0x00000000        0xc ./source/Drivers/SPI/SPI.o
 .group         0x00000000        0xc ./source/Drivers/SPI/SPI.o
 .group         0x00000000        0xc ./source/Drivers/SPI/SPI.o
 .group         0x00000000        0xc ./source/Drivers/SPI/SPI.o
 .group         0x00000000        0xc ./source/Drivers/SPI/SPI.o
 .group         0x00000000        0xc ./source/Drivers/SPI/SPI.o
 .group         0x00000000        0xc ./source/Drivers/SPI/SPI.o
 .group         0x00000000        0xc ./source/Drivers/SPI/SPI.o
 .group         0x00000000        0xc ./source/Drivers/SPI/SPI.o
 .group         0x00000000        0xc ./source/Drivers/SPI/SPI.o
 .group         0x00000000        0xc ./source/Drivers/SPI/SPI.o
 .group         0x00000000        0xc ./source/Drivers/SPI/SPI.o
 .group         0x00000000        0xc ./source/Drivers/SPI/SPI.o
 .group         0x00000000        0xc ./source/Drivers/SPI/SPI.o
 .group         0x00000000        0xc ./source/Drivers/SPI/SPI.o
 .group         0x00000000        0xc ./source/Drivers/SPI/SPI.o
 .group         0x00000000        0xc ./source/Drivers/SPI/SPI.o
 .group         0x00000000        0xc ./source/Drivers/SPI/SPI.o
 .group         0x00000000        0xc ./source/Drivers/SPI/SPI.o
 .group         0x00000000        0xc ./source/Drivers/SPI/SPI.o
 .group         0x00000000        0xc ./source/Drivers/SPI/SPI.o
 .group         0x00000000        0xc ./source/Drivers/SPI/SPI.o
 .group         0x00000000        0xc ./source/Drivers/SPI/SPI.o
 .group         0x00000000        0xc ./source/Drivers/SPI/SPI.o
 .group         0x00000000        0xc ./source/Drivers/SPI/SPI.o
 .group         0x00000000        0xc ./source/Drivers/SPI/SPI.o
 .group         0x00000000        0xc ./source/Drivers/SPI/SPI.o
 .group         0x00000000        0xc ./source/Drivers/SPI/SPI.o
 .group         0x00000000        0xc ./source/Drivers/SPI/SPI.o
 .text          0x00000000        0x0 ./source/Drivers/SPI/SPI.o
 .data          0x00000000        0x0 ./source/Drivers/SPI/SPI.o
 .bss           0x00000000        0x0 ./source/Drivers/SPI/SPI.o
 .debug_macro   0x00000000      0xa5a ./source/Drivers/SPI/SPI.o
 .debug_macro   0x00000000      0x34e ./source/Drivers/SPI/SPI.o
 .debug_macro   0x00000000       0x22 ./source/Drivers/SPI/SPI.o
 .debug_macro   0x00000000       0x5c ./source/Drivers/SPI/SPI.o
 .debug_macro   0x00000000       0x1c ./source/Drivers/SPI/SPI.o
 .debug_macro   0x00000000       0x22 ./source/Drivers/SPI/SPI.o
 .debug_macro   0x00000000       0xdf ./source/Drivers/SPI/SPI.o
 .debug_macro   0x00000000      0xecf ./source/Drivers/SPI/SPI.o
 .debug_macro   0x00000000       0x48 ./source/Drivers/SPI/SPI.o
 .debug_macro   0x00000000     0xe07b ./source/Drivers/SPI/SPI.o
 .debug_macro   0x00000000       0x22 ./source/Drivers/SPI/SPI.o
 .debug_macro   0x00000000       0x52 ./source/Drivers/SPI/SPI.o
 .debug_macro   0x00000000       0x17 ./source/Drivers/SPI/SPI.o
 .debug_macro   0x00000000       0x8d ./source/Drivers/SPI/SPI.o
 .debug_macro   0x00000000       0x35 ./source/Drivers/SPI/SPI.o
 .debug_macro   0x00000000       0x9c ./source/Drivers/SPI/SPI.o
 .debug_macro   0x00000000       0x57 ./source/Drivers/SPI/SPI.o
 .debug_macro   0x00000000       0x58 ./source/Drivers/SPI/SPI.o
 .debug_macro   0x00000000       0x1f ./source/Drivers/SPI/SPI.o
 .debug_macro   0x00000000       0x43 ./source/Drivers/SPI/SPI.o
 .debug_macro   0x00000000       0x20 ./source/Drivers/SPI/SPI.o
 .debug_macro   0x00000000      0x18e ./source/Drivers/SPI/SPI.o
 .group         0x00000000        0xc ./source/Drivers/I2C/I2C.o
 .group         0x00000000        0xc ./source/Drivers/I2C/I2C.o
 .group         0x00000000        0xc ./source/Drivers/I2C/I2C.o
 .group         0x00000000        0xc ./source/Drivers/I2C/I2C.o
 .group         0x00000000        0xc ./source/Drivers/I2C/I2C.o
 .group         0x00000000        0xc ./source/Drivers/I2C/I2C.o
 .group         0x00000000        0xc ./source/Drivers/I2C/I2C.o
 .group         0x00000000        0xc ./source/Drivers/I2C/I2C.o
 .group         0x00000000        0xc ./source/Drivers/I2C/I2C.o
 .group         0x00000000        0xc ./source/Drivers/I2C/I2C.o
 .group         0x00000000        0xc ./source/Drivers/I2C/I2C.o
 .group         0x00000000        0xc ./source/Drivers/I2C/I2C.o
 .group         0x00000000        0xc ./source/Drivers/I2C/I2C.o
 .text          0x00000000        0x0 ./source/Drivers/I2C/I2C.o
 .data          0x00000000        0x0 ./source/Drivers/I2C/I2C.o
 .bss           0x00000000        0x0 ./source/Drivers/I2C/I2C.o
 .text.__NVIC_EnableIRQ
                0x00000000       0x3c ./source/Drivers/I2C/I2C.o
 .data.i2cPtrs  0x00000000        0xc ./source/Drivers/I2C/I2C.o
 .data.simMasks
                0x00000000        0xc ./source/Drivers/I2C/I2C.o
 .data.i2c_irqs
                0x00000000        0x3 ./source/Drivers/I2C/I2C.o
 .rodata        0x00000000       0x14 ./source/Drivers/I2C/I2C.o
 .text.I2C_init
                0x00000000      0x14c ./source/Drivers/I2C/I2C.o
 .text.I2C_init_transcieve
                0x00000000       0xc0 ./source/Drivers/I2C/I2C.o
 .debug_macro   0x00000000      0xa5a ./source/Drivers/I2C/I2C.o
 .debug_macro   0x00000000      0x34e ./source/Drivers/I2C/I2C.o
 .debug_macro   0x00000000       0x22 ./source/Drivers/I2C/I2C.o
 .debug_macro   0x00000000       0x40 ./source/Drivers/I2C/I2C.o
 .debug_macro   0x00000000       0x40 ./source/Drivers/I2C/I2C.o
 .debug_macro   0x00000000       0x5c ./source/Drivers/I2C/I2C.o
 .debug_macro   0x00000000       0x1c ./source/Drivers/I2C/I2C.o
 .debug_macro   0x00000000       0x22 ./source/Drivers/I2C/I2C.o
 .debug_macro   0x00000000       0xdf ./source/Drivers/I2C/I2C.o
 .debug_macro   0x00000000      0xecf ./source/Drivers/I2C/I2C.o
 .debug_macro   0x00000000       0x48 ./source/Drivers/I2C/I2C.o
 .debug_macro   0x00000000     0xe07b ./source/Drivers/I2C/I2C.o
 .debug_macro   0x00000000      0x174 ./source/Drivers/I2C/I2C.o
 .group         0x00000000        0xc ./source/Drivers/GPIO/gpio.o
 .group         0x00000000        0xc ./source/Drivers/GPIO/gpio.o
 .group         0x00000000        0xc ./source/Drivers/GPIO/gpio.o
 .group         0x00000000        0xc ./source/Drivers/GPIO/gpio.o
 .group         0x00000000        0xc ./source/Drivers/GPIO/gpio.o
 .group         0x00000000        0xc ./source/Drivers/GPIO/gpio.o
 .group         0x00000000        0xc ./source/Drivers/GPIO/gpio.o
 .group         0x00000000        0xc ./source/Drivers/GPIO/gpio.o
 .group         0x00000000        0xc ./source/Drivers/GPIO/gpio.o
 .group         0x00000000        0xc ./source/Drivers/GPIO/gpio.o
 .group         0x00000000        0xc ./source/Drivers/GPIO/gpio.o
 .text          0x00000000        0x0 ./source/Drivers/GPIO/gpio.o
 .data          0x00000000        0x0 ./source/Drivers/GPIO/gpio.o
 .bss           0x00000000        0x0 ./source/Drivers/GPIO/gpio.o
 .text.__NVIC_EnableIRQ
                0x00000000       0x3c ./source/Drivers/GPIO/gpio.o
 .text.__NVIC_ClearPendingIRQ
                0x00000000       0x3c ./source/Drivers/GPIO/gpio.o
 .text.__NVIC_SetPriority
                0x00000000       0x54 ./source/Drivers/GPIO/gpio.o
 .data.gpioPtrs
                0x00000000       0x14 ./source/Drivers/GPIO/gpio.o
 .data.portPtrs
                0x00000000       0x14 ./source/Drivers/GPIO/gpio.o
 .data.simMasks
                0x00000000       0x14 ./source/Drivers/GPIO/gpio.o
 .data.IRQn_ports
                0x00000000       0x14 ./source/Drivers/GPIO/gpio.o
 .data.sim_ptr  0x00000000        0x4 ./source/Drivers/GPIO/gpio.o
 .text.gpioMode
                0x00000000      0x174 ./source/Drivers/GPIO/gpio.o
 .text.gpioWrite
                0x00000000       0x6c ./source/Drivers/GPIO/gpio.o
 .text.gpioToggle
                0x00000000       0x44 ./source/Drivers/GPIO/gpio.o
 .text.gpioRead
                0x00000000       0x5c ./source/Drivers/GPIO/gpio.o
 .text.gpioIRQ  0x00000000      0x15c ./source/Drivers/GPIO/gpio.o
 .debug_macro   0x00000000      0xa5a ./source/Drivers/GPIO/gpio.o
 .debug_macro   0x00000000      0x34e ./source/Drivers/GPIO/gpio.o
 .debug_macro   0x00000000       0x22 ./source/Drivers/GPIO/gpio.o
 .debug_macro   0x00000000       0x3a ./source/Drivers/GPIO/gpio.o
 .debug_macro   0x00000000       0x5c ./source/Drivers/GPIO/gpio.o
 .debug_macro   0x00000000       0x1c ./source/Drivers/GPIO/gpio.o
 .debug_macro   0x00000000       0x22 ./source/Drivers/GPIO/gpio.o
 .debug_macro   0x00000000       0xdf ./source/Drivers/GPIO/gpio.o
 .debug_macro   0x00000000      0xecf ./source/Drivers/GPIO/gpio.o
 .debug_macro   0x00000000       0x48 ./source/Drivers/GPIO/gpio.o
 .debug_macro   0x00000000     0xe07b ./source/Drivers/GPIO/gpio.o
 .group         0x00000000        0xc ./source/Drivers/FTM/FTM.o
 .group         0x00000000        0xc ./source/Drivers/FTM/FTM.o
 .group         0x00000000        0xc ./source/Drivers/FTM/FTM.o
 .group         0x00000000        0xc ./source/Drivers/FTM/FTM.o
 .group         0x00000000        0xc ./source/Drivers/FTM/FTM.o
 .group         0x00000000        0xc ./source/Drivers/FTM/FTM.o
 .group         0x00000000        0xc ./source/Drivers/FTM/FTM.o
 .group         0x00000000        0xc ./source/Drivers/FTM/FTM.o
 .group         0x00000000        0xc ./source/Drivers/FTM/FTM.o
 .group         0x00000000        0xc ./source/Drivers/FTM/FTM.o
 .group         0x00000000        0xc ./source/Drivers/FTM/FTM.o
 .group         0x00000000        0xc ./source/Drivers/FTM/FTM.o
 .group         0x00000000        0xc ./source/Drivers/FTM/FTM.o
 .group         0x00000000        0xc ./source/Drivers/FTM/FTM.o
 .group         0x00000000        0xc ./source/Drivers/FTM/FTM.o
 .text          0x00000000        0x0 ./source/Drivers/FTM/FTM.o
 .data          0x00000000        0x0 ./source/Drivers/FTM/FTM.o
 .bss           0x00000000        0x0 ./source/Drivers/FTM/FTM.o
 .text.__NVIC_EnableIRQ
                0x00000000       0x3c ./source/Drivers/FTM/FTM.o
 .text.FTM_Init
                0x00000000       0xd8 ./source/Drivers/FTM/FTM.o
 .text.FTM_SetPrescaler
                0x00000000       0x2c ./source/Drivers/FTM/FTM.o
 .text.FTM_SetModulus
                0x00000000       0x2a ./source/Drivers/FTM/FTM.o
 .text.FTM_GetModulus
                0x00000000       0x1a ./source/Drivers/FTM/FTM.o
 .text.FTM_StartClock
                0x00000000       0x20 ./source/Drivers/FTM/FTM.o
 .text.FTM_StopClock
                0x00000000       0x20 ./source/Drivers/FTM/FTM.o
 .text.FTM_SetOverflowMode
                0x00000000       0x2e ./source/Drivers/FTM/FTM.o
 .text.FTM_IsOverflowPending
                0x00000000       0x26 ./source/Drivers/FTM/FTM.o
 .text.FTM_SetWorkingMode
                0x00000000       0x4e ./source/Drivers/FTM/FTM.o
 .text.FTM_GetWorkingMode
                0x00000000       0x2c ./source/Drivers/FTM/FTM.o
 .text.FTM_SetInputCaptureEdge
                0x00000000       0x4e ./source/Drivers/FTM/FTM.o
 .text.FTM_GetInputCaptureEdge
                0x00000000       0x2c ./source/Drivers/FTM/FTM.o
 .text.FTM_SetOutputCompareEffect
                0x00000000       0x4e ./source/Drivers/FTM/FTM.o
 .text.FTM_GetOutputCompareEffect
                0x00000000       0x2c ./source/Drivers/FTM/FTM.o
 .text.FTM_SetPulseWidthModulationLogic
                0x00000000       0x4e ./source/Drivers/FTM/FTM.o
 .text.FTM_GetPulseWidthModulationLogic
                0x00000000       0x2c ./source/Drivers/FTM/FTM.o
 .text.FTM_SetCounter
                0x00000000       0x28 ./source/Drivers/FTM/FTM.o
 .text.FTM_GetCounter
                0x00000000       0x24 ./source/Drivers/FTM/FTM.o
 .text.FTM_SetInterruptMode
                0x00000000       0x40 ./source/Drivers/FTM/FTM.o
 .text.FTM_IsInterruptPending
                0x00000000       0x30 ./source/Drivers/FTM/FTM.o
 .text.FTM_ClearInterruptFlag
                0x00000000       0x32 ./source/Drivers/FTM/FTM.o
 .debug_macro   0x00000000      0xa5a ./source/Drivers/FTM/FTM.o
 .debug_macro   0x00000000      0x34e ./source/Drivers/FTM/FTM.o
 .debug_macro   0x00000000       0x22 ./source/Drivers/FTM/FTM.o
 .debug_macro   0x00000000       0x10 ./source/Drivers/FTM/FTM.o
 .debug_macro   0x00000000       0x5c ./source/Drivers/FTM/FTM.o
 .debug_macro   0x00000000       0x1c ./source/Drivers/FTM/FTM.o
 .debug_macro   0x00000000       0x22 ./source/Drivers/FTM/FTM.o
 .debug_macro   0x00000000       0xdf ./source/Drivers/FTM/FTM.o
 .debug_macro   0x00000000      0xecf ./source/Drivers/FTM/FTM.o
 .debug_macro   0x00000000       0x48 ./source/Drivers/FTM/FTM.o
 .debug_macro   0x00000000     0xe07b ./source/Drivers/FTM/FTM.o
 .debug_macro   0x00000000     0x122b ./source/Drivers/FTM/FTM.o
 .debug_macro   0x00000000       0x16 ./source/Drivers/FTM/FTM.o
 .debug_macro   0x00000000       0x40 ./source/Drivers/FTM/FTM.o
 .group         0x00000000        0xc ./source/App_SPI.o
 .group         0x00000000        0xc ./source/App_SPI.o
 .group         0x00000000        0xc ./source/App_SPI.o
 .group         0x00000000        0xc ./source/App_SPI.o
 .group         0x00000000        0xc ./source/App_SPI.o
 .group         0x00000000        0xc ./source/App_SPI.o
 .group         0x00000000        0xc ./source/App_SPI.o
 .group         0x00000000        0xc ./source/App_SPI.o
 .group         0x00000000        0xc ./source/App_SPI.o
 .group         0x00000000        0xc ./source/App_SPI.o
 .group         0x00000000        0xc ./source/App_SPI.o
 .group         0x00000000        0xc ./source/App_SPI.o
 .group         0x00000000        0xc ./source/App_SPI.o
 .group         0x00000000        0xc ./source/App_SPI.o
 .group         0x00000000        0xc ./source/App_SPI.o
 .group         0x00000000        0xc ./source/App_SPI.o
 .group         0x00000000        0xc ./source/App_SPI.o
 .group         0x00000000        0xc ./source/App_SPI.o
 .group         0x00000000        0xc ./source/App_SPI.o
 .group         0x00000000        0xc ./source/App_SPI.o
 .group         0x00000000        0xc ./source/App_SPI.o
 .group         0x00000000        0xc ./source/App_SPI.o
 .text          0x00000000        0x0 ./source/App_SPI.o
 .data          0x00000000        0x0 ./source/App_SPI.o
 .bss           0x00000000        0x0 ./source/App_SPI.o
 .debug_macro   0x00000000      0xa5a ./source/App_SPI.o
 .debug_macro   0x00000000      0x34e ./source/App_SPI.o
 .debug_macro   0x00000000       0x22 ./source/App_SPI.o
 .debug_macro   0x00000000       0x17 ./source/App_SPI.o
 .debug_macro   0x00000000       0x22 ./source/App_SPI.o
 .debug_macro   0x00000000       0x52 ./source/App_SPI.o
 .debug_macro   0x00000000       0x8d ./source/App_SPI.o
 .debug_macro   0x00000000       0x35 ./source/App_SPI.o
 .debug_macro   0x00000000       0x9c ./source/App_SPI.o
 .debug_macro   0x00000000       0x16 ./source/App_SPI.o
 .debug_macro   0x00000000      0x10e ./source/App_SPI.o
 .debug_macro   0x00000000       0x8d ./source/App_SPI.o
 .debug_macro   0x00000000       0x57 ./source/App_SPI.o
 .debug_macro   0x00000000       0x58 ./source/App_SPI.o
 .debug_macro   0x00000000       0x1f ./source/App_SPI.o
 .debug_macro   0x00000000       0x43 ./source/App_SPI.o
 .debug_macro   0x00000000       0x20 ./source/App_SPI.o
 .debug_macro   0x00000000      0x18e ./source/App_SPI.o
 .debug_macro   0x00000000      0x330 ./source/App_SPI.o
 .debug_macro   0x00000000       0x16 ./source/App_SPI.o
 .debug_macro   0x00000000       0x29 ./source/App_SPI.o
 .debug_macro   0x00000000       0x1c ./source/App_SPI.o
 .group         0x00000000        0xc ./SDK/startup/hardware.o
 .group         0x00000000        0xc ./SDK/startup/hardware.o
 .group         0x00000000        0xc ./SDK/startup/hardware.o
 .group         0x00000000        0xc ./SDK/startup/hardware.o
 .group         0x00000000        0xc ./SDK/startup/hardware.o
 .group         0x00000000        0xc ./SDK/startup/hardware.o
 .group         0x00000000        0xc ./SDK/startup/hardware.o
 .group         0x00000000        0xc ./SDK/startup/hardware.o
 .group         0x00000000        0xc ./SDK/startup/hardware.o
 .group         0x00000000        0xc ./SDK/startup/hardware.o
 .group         0x00000000        0xc ./SDK/startup/hardware.o
 .group         0x00000000        0xc ./SDK/startup/hardware.o
 .group         0x00000000        0xc ./SDK/startup/hardware.o
 .text          0x00000000        0x0 ./SDK/startup/hardware.o
 .data          0x00000000        0x0 ./SDK/startup/hardware.o
 .bss           0x00000000        0x0 ./SDK/startup/hardware.o
 .debug_macro   0x00000000      0xa5a ./SDK/startup/hardware.o
 .debug_macro   0x00000000      0x34e ./SDK/startup/hardware.o
 .debug_macro   0x00000000       0x22 ./SDK/startup/hardware.o
 .debug_macro   0x00000000       0x10 ./SDK/startup/hardware.o
 .debug_macro   0x00000000       0x5c ./SDK/startup/hardware.o
 .debug_macro   0x00000000       0x1c ./SDK/startup/hardware.o
 .debug_macro   0x00000000       0x22 ./SDK/startup/hardware.o
 .debug_macro   0x00000000       0xdf ./SDK/startup/hardware.o
 .debug_macro   0x00000000      0xecf ./SDK/startup/hardware.o
 .debug_macro   0x00000000       0x48 ./SDK/startup/hardware.o
 .debug_macro   0x00000000     0xe07b ./SDK/startup/hardware.o
 .debug_macro   0x00000000     0x122b ./SDK/startup/hardware.o
 .debug_macro   0x00000000       0x16 ./SDK/startup/hardware.o
 .group         0x00000000        0xc ./SDK/startup/main.o
 .group         0x00000000        0xc ./SDK/startup/main.o
 .group         0x00000000        0xc ./SDK/startup/main.o
 .group         0x00000000        0xc ./SDK/startup/main.o
 .group         0x00000000        0xc ./SDK/startup/main.o
 .group         0x00000000        0xc ./SDK/startup/main.o
 .group         0x00000000        0xc ./SDK/startup/main.o
 .group         0x00000000        0xc ./SDK/startup/main.o
 .group         0x00000000        0xc ./SDK/startup/main.o
 .group         0x00000000        0xc ./SDK/startup/main.o
 .group         0x00000000        0xc ./SDK/startup/main.o
 .group         0x00000000        0xc ./SDK/startup/main.o
 .group         0x00000000        0xc ./SDK/startup/main.o
 .text          0x00000000        0x0 ./SDK/startup/main.o
 .data          0x00000000        0x0 ./SDK/startup/main.o
 .bss           0x00000000        0x0 ./SDK/startup/main.o
 .debug_macro   0x00000000      0xa5a ./SDK/startup/main.o
 .debug_macro   0x00000000      0x34e ./SDK/startup/main.o
 .debug_macro   0x00000000       0x22 ./SDK/startup/main.o
 .debug_macro   0x00000000       0x10 ./SDK/startup/main.o
 .debug_macro   0x00000000       0x5c ./SDK/startup/main.o
 .debug_macro   0x00000000       0x1c ./SDK/startup/main.o
 .debug_macro   0x00000000       0x22 ./SDK/startup/main.o
 .debug_macro   0x00000000       0xdf ./SDK/startup/main.o
 .debug_macro   0x00000000      0xecf ./SDK/startup/main.o
 .debug_macro   0x00000000       0x48 ./SDK/startup/main.o
 .debug_macro   0x00000000     0xe07b ./SDK/startup/main.o
 .debug_macro   0x00000000     0x122b ./SDK/startup/main.o
 .debug_macro   0x00000000       0x16 ./SDK/startup/main.o
 .group         0x00000000        0xc ./SDK/startup/semihost_hardfault.o
 .text          0x00000000        0x0 ./SDK/startup/semihost_hardfault.o
 .data          0x00000000        0x0 ./SDK/startup/semihost_hardfault.o
 .bss           0x00000000        0x0 ./SDK/startup/semihost_hardfault.o
 .debug_macro   0x00000000      0xa5a ./SDK/startup/semihost_hardfault.o
 .group         0x00000000        0xc ./SDK/startup/startup_mk64f12.o
 .text          0x00000000        0x0 ./SDK/startup/startup_mk64f12.o
 .data          0x00000000        0x0 ./SDK/startup/startup_mk64f12.o
 .bss           0x00000000        0x0 ./SDK/startup/startup_mk64f12.o
 .text.I2C0_IRQHandler
                0x00000000        0x8 ./SDK/startup/startup_mk64f12.o
 .text.I2C1_IRQHandler
                0x00000000        0x8 ./SDK/startup/startup_mk64f12.o
 .text.UART0_RX_TX_IRQHandler
                0x00000000        0x8 ./SDK/startup/startup_mk64f12.o
 .text.UART3_RX_TX_IRQHandler
                0x00000000        0x8 ./SDK/startup/startup_mk64f12.o
 .text.FTM0_IRQHandler
                0x00000000        0x8 ./SDK/startup/startup_mk64f12.o
 .text.PORTA_IRQHandler
                0x00000000        0x8 ./SDK/startup/startup_mk64f12.o
 .text.PORTB_IRQHandler
                0x00000000        0x8 ./SDK/startup/startup_mk64f12.o
 .text.PORTC_IRQHandler
                0x00000000        0x8 ./SDK/startup/startup_mk64f12.o
 .text.PORTD_IRQHandler
                0x00000000        0x8 ./SDK/startup/startup_mk64f12.o
 .text.PORTE_IRQHandler
                0x00000000        0x8 ./SDK/startup/startup_mk64f12.o
 .text.I2C2_IRQHandler
                0x00000000        0x8 ./SDK/startup/startup_mk64f12.o
 .debug_macro   0x00000000      0xa5a ./SDK/startup/startup_mk64f12.o
 .group         0x00000000        0xc ./SDK/CMSIS/system_MK64F12.o
 .group         0x00000000        0xc ./SDK/CMSIS/system_MK64F12.o
 .group         0x00000000        0xc ./SDK/CMSIS/system_MK64F12.o
 .group         0x00000000        0xc ./SDK/CMSIS/system_MK64F12.o
 .group         0x00000000        0xc ./SDK/CMSIS/system_MK64F12.o
 .group         0x00000000        0xc ./SDK/CMSIS/system_MK64F12.o
 .group         0x00000000        0xc ./SDK/CMSIS/system_MK64F12.o
 .group         0x00000000        0xc ./SDK/CMSIS/system_MK64F12.o
 .group         0x00000000        0xc ./SDK/CMSIS/system_MK64F12.o
 .group         0x00000000        0xc ./SDK/CMSIS/system_MK64F12.o
 .group         0x00000000        0xc ./SDK/CMSIS/system_MK64F12.o
 .text          0x00000000        0x0 ./SDK/CMSIS/system_MK64F12.o
 .data          0x00000000        0x0 ./SDK/CMSIS/system_MK64F12.o
 .bss           0x00000000        0x0 ./SDK/CMSIS/system_MK64F12.o
 .data.SystemCoreClock
                0x00000000        0x4 ./SDK/CMSIS/system_MK64F12.o
 .text.SystemCoreClockUpdate
                0x00000000      0x278 ./SDK/CMSIS/system_MK64F12.o
 .debug_macro   0x00000000      0xa5a ./SDK/CMSIS/system_MK64F12.o
 .debug_macro   0x00000000      0x34e ./SDK/CMSIS/system_MK64F12.o
 .debug_macro   0x00000000       0x10 ./SDK/CMSIS/system_MK64F12.o
 .debug_macro   0x00000000       0x5c ./SDK/CMSIS/system_MK64F12.o
 .debug_macro   0x00000000       0x1c ./SDK/CMSIS/system_MK64F12.o
 .debug_macro   0x00000000       0x22 ./SDK/CMSIS/system_MK64F12.o
 .debug_macro   0x00000000       0xdf ./SDK/CMSIS/system_MK64F12.o
 .debug_macro   0x00000000      0xecf ./SDK/CMSIS/system_MK64F12.o
 .debug_macro   0x00000000       0x48 ./SDK/CMSIS/system_MK64F12.o
 .debug_macro   0x00000000     0xe07b ./SDK/CMSIS/system_MK64F12.o
 .debug_macro   0x00000000     0x122b ./SDK/CMSIS/system_MK64F12.o

Memory Configuration

Name             Origin             Length             Attributes
PROGRAM_FLASH    0x00000000         0x00100000         xr
SRAM_UPPER       0x20000000         0x00030000         xrw
SRAM_LOWER       0x1fff0000         0x00010000         xrw
FLEX_RAM         0x14000000         0x00001000         xrw
*default*        0x00000000         0xffffffff

Linker script and memory map

LOAD ./source/Drivers/UART/uart.o
LOAD ./source/Drivers/Timer/timer.o
LOAD ./source/Drivers/SysTick/SysTick.o
LOAD ./source/Drivers/SPI/SPI.o
LOAD ./source/Drivers/I2C/I2C.o
LOAD ./source/Drivers/GPIO/gpio.o
LOAD ./source/Drivers/FTM/FTM.o
LOAD ./source/App_SPI.o
LOAD ./SDK/startup/hardware.o
LOAD ./SDK/startup/main.o
LOAD ./SDK/startup/semihost_hardfault.o
LOAD ./SDK/startup/startup_mk64f12.o
LOAD ./SDK/CMSIS/system_MK64F12.o
START GROUP
LOAD c:/nxp/mcuxpressoide_10.2.0_759/ide/tools/bin/../lib/gcc/arm-none-eabi/7.2.1/../../../../arm-none-eabi/lib/thumb/v7e-m/fpv4-sp/hard\libcr_c.a
LOAD c:/nxp/mcuxpressoide_10.2.0_759/ide/tools/bin/../lib/gcc/arm-none-eabi/7.2.1/thumb/v7e-m/fpv4-sp/hard\libcr_eabihelpers.a
END GROUP
                0x00000000                __base_PROGRAM_FLASH = 0x0
                0x00000000                __base_Flash = 0x0
                0x00100000                __top_PROGRAM_FLASH = 0x100000
                0x00100000                __top_Flash = 0x100000
                0x20000000                __base_SRAM_UPPER = 0x20000000
                0x20000000                __base_RAM = 0x20000000
                0x20030000                __top_SRAM_UPPER = 0x20030000
                0x20030000                __top_RAM = 0x20030000
                0x1fff0000                __base_SRAM_LOWER = 0x1fff0000
                0x1fff0000                __base_RAM2 = 0x1fff0000
                0x20000000                __top_SRAM_LOWER = 0x20000000
                0x20000000                __top_RAM2 = 0x20000000
                0x14000000                __base_FLEX_RAM = 0x14000000
                0x14000000                __base_RAM3 = 0x14000000
                0x14001000                __top_FLEX_RAM = 0x14001000
                0x14001000                __top_RAM3 = 0x14001000

.text           0x00000000     0x1820
 FILL mask 0xff
                0x00000000                __vectors_start__ = ABSOLUTE (.)
 *(SORT_BY_ALIGNMENT(.isr_vector))
 .isr_vector    0x00000000      0x198 ./SDK/startup/startup_mk64f12.o
                0x00000000                g_pfnVectors
                0x00000000                __Vectors
                0x00000198                . = ALIGN (0x4)
                0x00000198                __section_table_start = .
                0x00000198                __data_section_table = .
                0x00000198        0x4 LONG 0x1820 LOADADDR (.data)
                0x0000019c        0x4 LONG 0x20000000 ADDR (.data)
                0x000001a0        0x4 LONG 0x20 SIZEOF (.data)
                0x000001a4        0x4 LONG 0x1820 LOADADDR (.data_RAM2)
                0x000001a8        0x4 LONG 0x1fff0000 ADDR (.data_RAM2)
                0x000001ac        0x4 LONG 0x0 SIZEOF (.data_RAM2)
                0x000001b0        0x4 LONG 0x1820 LOADADDR (.data_RAM3)
                0x000001b4        0x4 LONG 0x14000000 ADDR (.data_RAM3)
                0x000001b8        0x4 LONG 0x0 SIZEOF (.data_RAM3)
                0x000001bc                __data_section_table_end = .
                0x000001bc                __bss_section_table = .
                0x000001bc        0x4 LONG 0x20000020 ADDR (.bss)
                0x000001c0        0x4 LONG 0x2c0 SIZEOF (.bss)
                0x000001c4        0x4 LONG 0x1fff0000 ADDR (.bss_RAM2)
                0x000001c8        0x4 LONG 0x0 SIZEOF (.bss_RAM2)
                0x000001cc        0x4 LONG 0x14000000 ADDR (.bss_RAM3)
                0x000001d0        0x4 LONG 0x0 SIZEOF (.bss_RAM3)
                0x000001d4                __bss_section_table_end = .
                0x000001d4                __section_table_end = .
 *(SORT_BY_ALIGNMENT(.after_vectors*))
 .after_vectors.reset
                0x000001d4       0x4c ./SDK/startup/startup_mk64f12.o
                0x000001d4                ResetISR
 .after_vectors.init_data
                0x00000220       0x1e ./SDK/startup/startup_mk64f12.o
                0x00000220                data_init
 .after_vectors.init_bss
                0x0000023e       0x12 ./SDK/startup/startup_mk64f12.o
                0x0000023e                bss_init
 .after_vectors
                0x00000250       0x14 ./SDK/startup/startup_mk64f12.o
                0x00000250                NMI_Handler
                0x00000254                MemManage_Handler
                0x00000256                BusFault_Handler
                0x00000258                UsageFault_Handler
                0x0000025a                SVC_Handler
                0x0000025c                DebugMon_Handler
                0x0000025e                PendSV_Handler
                0x00000262                DMA_Error_DriverIRQHandler
                0x00000262                LPTMR0_DriverIRQHandler
                0x00000262                FTM1_DriverIRQHandler
                0x00000262                FTM2_DriverIRQHandler
                0x00000262                PIT2_DriverIRQHandler
                0x00000262                SDHC_DriverIRQHandler
                0x00000262                I2S0_Tx_DriverIRQHandler
                0x00000262                RTC_Seconds_DriverIRQHandler
                0x00000262                DMA6_DriverIRQHandler
                0x00000262                LLWU_DriverIRQHandler
                0x00000262                MCM_DriverIRQHandler
                0x00000262                MCG_DriverIRQHandler
                0x00000262                ENET_1588_Timer_DriverIRQHandler
                0x00000262                I2C2_DriverIRQHandler
                0x00000262                DAC1_DriverIRQHandler
                0x00000262                SPI1_DriverIRQHandler
                0x00000262                CMP1_DriverIRQHandler
                0x00000262                UART5_RX_TX_DriverIRQHandler
                0x00000262                FTM0_DriverIRQHandler
                0x00000262                IntDefaultHandler
                0x00000262                USB0_DriverIRQHandler
                0x00000262                UART5_ERR_DriverIRQHandler
                0x00000262                PORTC_DriverIRQHandler
                0x00000262                DMA11_DriverIRQHandler
                0x00000262                DAC0_DriverIRQHandler
                0x00000262                DMA10_DriverIRQHandler
                0x00000262                CMP2_DriverIRQHandler
                0x00000262                UART2_ERR_DriverIRQHandler
                0x00000262                SPI2_DriverIRQHandler
                0x00000262                LVD_LVW_DriverIRQHandler
                0x00000262                PIT0_DriverIRQHandler
                0x00000262                RNG_DriverIRQHandler
                0x00000262                DMA5_DriverIRQHandler
                0x00000262                DMA12_DriverIRQHandler
                0x00000262                UART2_RX_TX_DriverIRQHandler
                0x00000262                USBDCD_DriverIRQHandler
                0x00000262                UART3_ERR_DriverIRQHandler
                0x00000262                DMA3_DriverIRQHandler
                0x00000262                DMA8_DriverIRQHandler
                0x00000262                DMA9_DriverIRQHandler
                0x00000262                UART0_ERR_DriverIRQHandler
                0x00000262                CMT_DriverIRQHandler
                0x00000262                Reserved71_DriverIRQHandler
                0x00000262                ADC1_DriverIRQHandler
                0x00000262                PORTA_DriverIRQHandler
                0x00000262                DMA14_DriverIRQHandler
                0x00000262                PIT3_DriverIRQHandler
                0x00000262                PIT1_DriverIRQHandler
                0x00000262                WDOG_EWM_DriverIRQHandler
                0x00000262                PDB0_DriverIRQHandler
                0x00000262                RTC_DriverIRQHandler
                0x00000262                I2S0_Rx_DriverIRQHandler
                0x00000262                Read_Collision_DriverIRQHandler
                0x00000262                SWI_DriverIRQHandler
                0x00000262                UART4_RX_TX_DriverIRQHandler
                0x00000262                UART4_ERR_DriverIRQHandler
                0x00000262                PORTB_DriverIRQHandler
                0x00000262                UART0_LON_DriverIRQHandler
                0x00000262                DMA0_DriverIRQHandler
                0x00000262                DMA1_DriverIRQHandler
                0x00000262                I2C1_DriverIRQHandler
                0x00000262                UART3_RX_TX_DriverIRQHandler
                0x00000262                ENET_Receive_DriverIRQHandler
                0x00000262                DMA13_DriverIRQHandler
                0x00000262                ENET_Error_DriverIRQHandler
                0x00000262                DMA15_DriverIRQHandler
                0x00000262                UART0_RX_TX_DriverIRQHandler
                0x00000262                SPI0_DriverIRQHandler
                0x00000262                ADC0_DriverIRQHandler
                0x00000262                CMP0_DriverIRQHandler
                0x00000262                CAN0_DriverIRQHandler
                0x00000262                FTM3_DriverIRQHandler
                0x00000262                DMA4_DriverIRQHandler
                0x00000262                UART1_ERR_DriverIRQHandler
                0x00000262                DMA2_DriverIRQHandler
                0x00000262                ENET_Transmit_DriverIRQHandler
                0x00000262                PORTD_DriverIRQHandler
                0x00000262                PORTE_DriverIRQHandler
                0x00000262                FTFE_DriverIRQHandler
                0x00000262                I2C0_DriverIRQHandler
                0x00000262                DMA7_DriverIRQHandler
                0x00000262                UART1_RX_TX_DriverIRQHandler
                0x00000400                . = 0x400
 *fill*         0x00000264      0x19c ff
                0x00000400                PROVIDE (__FLASH_CONFIG_START__, .)
 *(SORT_BY_ALIGNMENT(.FlashConfig))
 .FlashConfig   0x00000400       0x10 ./SDK/startup/startup_mk64f12.o
                0x00000400                Flash_Config
                0x00000410                PROVIDE (__FLASH_CONFIG_END__, .)
                0x00000001                ASSERT (! ((__FLASH_CONFIG_START__ == __FLASH_CONFIG_END__)), Linker Flash Config Support Enabled, but no .FlashConfig section provided within application)
 *(SORT_BY_ALIGNMENT(.text*))
 .text.UART0_RX_TX_IRQHandler
                0x00000410       0xe0 ./source/Drivers/UART/uart.o
                0x00000410                UART0_RX_TX_IRQHandler
 .text.UART3_RX_TX_IRQHandler
                0x000004f0       0xe0 ./source/Drivers/UART/uart.o
                0x000004f0                UART3_RX_TX_IRQHandler
 .text.timerInit
                0x000005d0       0x28 ./source/Drivers/Timer/timer.o
                0x000005d0                timerInit
 .text.timerStart
                0x000005f8       0xb8 ./source/Drivers/Timer/timer.o
                0x000005f8                timerStart
 .text.timerExpired
                0x000006b0       0x4c ./source/Drivers/Timer/timer.o
                0x000006b0                timerExpired
 .text.timer_isr
                0x000006fc      0x190 ./source/Drivers/Timer/timer.o
 .text.__NVIC_EnableIRQ
                0x0000088c       0x3c ./source/Drivers/SysTick/SysTick.o
 .text.SysTick_Init
                0x000008c8       0x50 ./source/Drivers/SysTick/SysTick.o
                0x000008c8                SysTick_Init
 .text.SysTick_Handler
                0x00000918       0x14 ./source/Drivers/SysTick/SysTick.o
                0x00000918                SysTick_Handler
 .text.SPI_init
                0x0000092c      0x254 ./source/Drivers/SPI/SPI.o
                0x0000092c                SPI_init
 .text.SPI_transcieve
                0x00000b80      0x174 ./source/Drivers/SPI/SPI.o
                0x00000b80                SPI_transcieve
 .text.port_init
                0x00000cf4       0x84 ./source/Drivers/SPI/SPI.o
 .text.port_setup
                0x00000d78       0xb4 ./source/Drivers/SPI/SPI.o
 .text.end_transcieve
                0x00000e2c       0xb8 ./source/Drivers/I2C/I2C.o
 .text.handler  0x00000ee4      0x230 ./source/Drivers/I2C/I2C.o
 .text.PORTA_IRQHandler
                0x00001114       0x44 ./source/Drivers/GPIO/gpio.o
                0x00001114                PORTA_IRQHandler
 .text.PORTB_IRQHandler
                0x00001158       0x48 ./source/Drivers/GPIO/gpio.o
                0x00001158                PORTB_IRQHandler
 .text.PORTC_IRQHandler
                0x000011a0       0x48 ./source/Drivers/GPIO/gpio.o
                0x000011a0                PORTC_IRQHandler
 .text.PORTD_IRQHandler
                0x000011e8       0x48 ./source/Drivers/GPIO/gpio.o
                0x000011e8                PORTD_IRQHandler
 .text.PORTE_IRQHandler
                0x00001230       0x48 ./source/Drivers/GPIO/gpio.o
                0x00001230                PORTE_IRQHandler
 .text.PORT_ClearInterruptFlag
                0x00001278       0x4c ./source/Drivers/GPIO/gpio.o
 .text.OVF_ISR  0x000012c4       0x14 ./source/Drivers/FTM/FTM.o
                0x000012c4                OVF_ISR
 .text.App_Run  0x000012d8       0x2c ./source/App_SPI.o
                0x000012d8                App_Run
 .text.hw_Init  0x00001304      0x10c ./SDK/startup/hardware.o
                0x00001304                hw_Init
 .text.hw_EnableInterrupts
                0x00001410       0x30 ./SDK/startup/hardware.o
                0x00001410                hw_EnableInterrupts
 .text.hw_DisableInterrupts
                0x00001440       0x20 ./SDK/startup/hardware.o
                0x00001440                hw_DisableInterrupts
 .text.SystemInit
                0x00001460       0x3c ./SDK/CMSIS/system_MK64F12.o
                0x00001460                SystemInit
 .text.timerDelay
                0x0000149c       0x30 ./source/Drivers/Timer/timer.o
                0x0000149c                timerDelay
 .text.I2C0_IRQHandler
                0x000014cc        0xc ./source/Drivers/I2C/I2C.o
                0x000014cc                I2C0_IRQHandler
 .text.I2C1_IRQHandler
                0x000014d8        0xc ./source/Drivers/I2C/I2C.o
                0x000014d8                I2C1_IRQHandler
 .text.I2C2_IRQHandler
                0x000014e4        0xc ./source/Drivers/I2C/I2C.o
                0x000014e4                I2C2_IRQHandler
 .text.FTM0_IRQHandler
                0x000014f0       0x1c ./source/Drivers/FTM/FTM.o
                0x000014f0                FTM0_IRQHandler
 .text.FTM_ClearOverflowFlag
                0x0000150c       0x20 ./source/Drivers/FTM/FTM.o
                0x0000150c                FTM_ClearOverflowFlag
 .text.App_Init
                0x0000152c       0x12 ./source/App_SPI.o
                0x0000152c                App_Init
 .text.main     0x0000153e       0x1a ./SDK/startup/main.o
                0x0000153e                main
 .text.HardFault_Handler
                0x00001558       0x2c ./SDK/startup/semihost_hardfault.o
                0x00001558                HardFault_Handler
 .text.DMA0_IRQHandler
                0x00001584        0x8 ./SDK/startup/startup_mk64f12.o
                0x00001584                DMA0_IRQHandler
 .text.DMA1_IRQHandler
                0x0000158c        0x8 ./SDK/startup/startup_mk64f12.o
                0x0000158c                DMA1_IRQHandler
 .text.DMA2_IRQHandler
                0x00001594        0x8 ./SDK/startup/startup_mk64f12.o
                0x00001594                DMA2_IRQHandler
 .text.DMA3_IRQHandler
                0x0000159c        0x8 ./SDK/startup/startup_mk64f12.o
                0x0000159c                DMA3_IRQHandler
 .text.DMA4_IRQHandler
                0x000015a4        0x8 ./SDK/startup/startup_mk64f12.o
                0x000015a4                DMA4_IRQHandler
 .text.DMA5_IRQHandler
                0x000015ac        0x8 ./SDK/startup/startup_mk64f12.o
                0x000015ac                DMA5_IRQHandler
 .text.DMA6_IRQHandler
                0x000015b4        0x8 ./SDK/startup/startup_mk64f12.o
                0x000015b4                DMA6_IRQHandler
 .text.DMA7_IRQHandler
                0x000015bc        0x8 ./SDK/startup/startup_mk64f12.o
                0x000015bc                DMA7_IRQHandler
 .text.DMA8_IRQHandler
                0x000015c4        0x8 ./SDK/startup/startup_mk64f12.o
                0x000015c4                DMA8_IRQHandler
 .text.DMA9_IRQHandler
                0x000015cc        0x8 ./SDK/startup/startup_mk64f12.o
                0x000015cc                DMA9_IRQHandler
 .text.DMA10_IRQHandler
                0x000015d4        0x8 ./SDK/startup/startup_mk64f12.o
                0x000015d4                DMA10_IRQHandler
 .text.DMA11_IRQHandler
                0x000015dc        0x8 ./SDK/startup/startup_mk64f12.o
                0x000015dc                DMA11_IRQHandler
 .text.DMA12_IRQHandler
                0x000015e4        0x8 ./SDK/startup/startup_mk64f12.o
                0x000015e4                DMA12_IRQHandler
 .text.DMA13_IRQHandler
                0x000015ec        0x8 ./SDK/startup/startup_mk64f12.o
                0x000015ec                DMA13_IRQHandler
 .text.DMA14_IRQHandler
                0x000015f4        0x8 ./SDK/startup/startup_mk64f12.o
                0x000015f4                DMA14_IRQHandler
 .text.DMA15_IRQHandler
                0x000015fc        0x8 ./SDK/startup/startup_mk64f12.o
                0x000015fc                DMA15_IRQHandler
 .text.DMA_Error_IRQHandler
                0x00001604        0x8 ./SDK/startup/startup_mk64f12.o
                0x00001604                DMA_Error_IRQHandler
 .text.MCM_IRQHandler
                0x0000160c        0x8 ./SDK/startup/startup_mk64f12.o
                0x0000160c                MCM_IRQHandler
 .text.FTFE_IRQHandler
                0x00001614        0x8 ./SDK/startup/startup_mk64f12.o
                0x00001614                FTFE_IRQHandler
 .text.Read_Collision_IRQHandler
                0x0000161c        0x8 ./SDK/startup/startup_mk64f12.o
                0x0000161c                Read_Collision_IRQHandler
 .text.LVD_LVW_IRQHandler
                0x00001624        0x8 ./SDK/startup/startup_mk64f12.o
                0x00001624                LVD_LVW_IRQHandler
 .text.LLWU_IRQHandler
                0x0000162c        0x8 ./SDK/startup/startup_mk64f12.o
                0x0000162c                LLWU_IRQHandler
 .text.WDOG_EWM_IRQHandler
                0x00001634        0x8 ./SDK/startup/startup_mk64f12.o
                0x00001634                WDOG_EWM_IRQHandler
 .text.RNG_IRQHandler
                0x0000163c        0x8 ./SDK/startup/startup_mk64f12.o
                0x0000163c                RNG_IRQHandler
 .text.SPI0_IRQHandler
                0x00001644        0x8 ./SDK/startup/startup_mk64f12.o
                0x00001644                SPI0_IRQHandler
 .text.SPI1_IRQHandler
                0x0000164c        0x8 ./SDK/startup/startup_mk64f12.o
                0x0000164c                SPI1_IRQHandler
 .text.I2S0_Tx_IRQHandler
                0x00001654        0x8 ./SDK/startup/startup_mk64f12.o
                0x00001654                I2S0_Tx_IRQHandler
 .text.I2S0_Rx_IRQHandler
                0x0000165c        0x8 ./SDK/startup/startup_mk64f12.o
                0x0000165c                I2S0_Rx_IRQHandler
 .text.UART0_LON_IRQHandler
                0x00001664        0x8 ./SDK/startup/startup_mk64f12.o
                0x00001664                UART0_LON_IRQHandler
 .text.UART0_ERR_IRQHandler
                0x0000166c        0x8 ./SDK/startup/startup_mk64f12.o
                0x0000166c                UART0_ERR_IRQHandler
 .text.UART1_RX_TX_IRQHandler
                0x00001674        0x8 ./SDK/startup/startup_mk64f12.o
                0x00001674                UART1_RX_TX_IRQHandler
 .text.UART1_ERR_IRQHandler
                0x0000167c        0x8 ./SDK/startup/startup_mk64f12.o
                0x0000167c                UART1_ERR_IRQHandler
 .text.UART2_RX_TX_IRQHandler
                0x00001684        0x8 ./SDK/startup/startup_mk64f12.o
                0x00001684                UART2_RX_TX_IRQHandler
 .text.UART2_ERR_IRQHandler
                0x0000168c        0x8 ./SDK/startup/startup_mk64f12.o
                0x0000168c                UART2_ERR_IRQHandler
 .text.UART3_ERR_IRQHandler
                0x00001694        0x8 ./SDK/startup/startup_mk64f12.o
                0x00001694                UART3_ERR_IRQHandler
 .text.ADC0_IRQHandler
                0x0000169c        0x8 ./SDK/startup/startup_mk64f12.o
                0x0000169c                ADC0_IRQHandler
 .text.CMP0_IRQHandler
                0x000016a4        0x8 ./SDK/startup/startup_mk64f12.o
                0x000016a4                CMP0_IRQHandler
 .text.CMP1_IRQHandler
                0x000016ac        0x8 ./SDK/startup/startup_mk64f12.o
                0x000016ac                CMP1_IRQHandler
 .text.FTM1_IRQHandler
                0x000016b4        0x8 ./SDK/startup/startup_mk64f12.o
                0x000016b4                FTM1_IRQHandler
 .text.FTM2_IRQHandler
                0x000016bc        0x8 ./SDK/startup/startup_mk64f12.o
                0x000016bc                FTM2_IRQHandler
 .text.CMT_IRQHandler
                0x000016c4        0x8 ./SDK/startup/startup_mk64f12.o
                0x000016c4                CMT_IRQHandler
 .text.RTC_IRQHandler
                0x000016cc        0x8 ./SDK/startup/startup_mk64f12.o
                0x000016cc                RTC_IRQHandler
 .text.RTC_Seconds_IRQHandler
                0x000016d4        0x8 ./SDK/startup/startup_mk64f12.o
                0x000016d4                RTC_Seconds_IRQHandler
 .text.PIT0_IRQHandler
                0x000016dc        0x8 ./SDK/startup/startup_mk64f12.o
                0x000016dc                PIT0_IRQHandler
 .text.PIT1_IRQHandler
                0x000016e4        0x8 ./SDK/startup/startup_mk64f12.o
                0x000016e4                PIT1_IRQHandler
 .text.PIT2_IRQHandler
                0x000016ec        0x8 ./SDK/startup/startup_mk64f12.o
                0x000016ec                PIT2_IRQHandler
 .text.PIT3_IRQHandler
                0x000016f4        0x8 ./SDK/startup/startup_mk64f12.o
                0x000016f4                PIT3_IRQHandler
 .text.PDB0_IRQHandler
                0x000016fc        0x8 ./SDK/startup/startup_mk64f12.o
                0x000016fc                PDB0_IRQHandler
 .text.USB0_IRQHandler
                0x00001704        0x8 ./SDK/startup/startup_mk64f12.o
                0x00001704                USB0_IRQHandler
 .text.USBDCD_IRQHandler
                0x0000170c        0x8 ./SDK/startup/startup_mk64f12.o
                0x0000170c                USBDCD_IRQHandler
 .text.Reserved71_IRQHandler
                0x00001714        0x8 ./SDK/startup/startup_mk64f12.o
                0x00001714                Reserved71_IRQHandler
 .text.DAC0_IRQHandler
                0x0000171c        0x8 ./SDK/startup/startup_mk64f12.o
                0x0000171c                DAC0_IRQHandler
 .text.MCG_IRQHandler
                0x00001724        0x8 ./SDK/startup/startup_mk64f12.o
                0x00001724                MCG_IRQHandler
 .text.LPTMR0_IRQHandler
                0x0000172c        0x8 ./SDK/startup/startup_mk64f12.o
                0x0000172c                LPTMR0_IRQHandler
 .text.SWI_IRQHandler
                0x00001734        0x8 ./SDK/startup/startup_mk64f12.o
                0x00001734                SWI_IRQHandler
 .text.SPI2_IRQHandler
                0x0000173c        0x8 ./SDK/startup/startup_mk64f12.o
                0x0000173c                SPI2_IRQHandler
 .text.UART4_RX_TX_IRQHandler
                0x00001744        0x8 ./SDK/startup/startup_mk64f12.o
                0x00001744                UART4_RX_TX_IRQHandler
 .text.UART4_ERR_IRQHandler
                0x0000174c        0x8 ./SDK/startup/startup_mk64f12.o
                0x0000174c                UART4_ERR_IRQHandler
 .text.UART5_RX_TX_IRQHandler
                0x00001754        0x8 ./SDK/startup/startup_mk64f12.o
                0x00001754                UART5_RX_TX_IRQHandler
 .text.UART5_ERR_IRQHandler
                0x0000175c        0x8 ./SDK/startup/startup_mk64f12.o
                0x0000175c                UART5_ERR_IRQHandler
 .text.CMP2_IRQHandler
                0x00001764        0x8 ./SDK/startup/startup_mk64f12.o
                0x00001764                CMP2_IRQHandler
 .text.FTM3_IRQHandler
                0x0000176c        0x8 ./SDK/startup/startup_mk64f12.o
                0x0000176c                FTM3_IRQHandler
 .text.DAC1_IRQHandler
                0x00001774        0x8 ./SDK/startup/startup_mk64f12.o
                0x00001774                DAC1_IRQHandler
 .text.ADC1_IRQHandler
                0x0000177c        0x8 ./SDK/startup/startup_mk64f12.o
                0x0000177c                ADC1_IRQHandler
 .text.CAN0_ORed_Message_buffer_IRQHandler
                0x00001784        0x8 ./SDK/startup/startup_mk64f12.o
                0x00001784                CAN0_ORed_Message_buffer_IRQHandler
 .text.CAN0_Bus_Off_IRQHandler
                0x0000178c        0x8 ./SDK/startup/startup_mk64f12.o
                0x0000178c                CAN0_Bus_Off_IRQHandler
 .text.CAN0_Error_IRQHandler
                0x00001794        0x8 ./SDK/startup/startup_mk64f12.o
                0x00001794                CAN0_Error_IRQHandler
 .text.CAN0_Tx_Warning_IRQHandler
                0x0000179c        0x8 ./SDK/startup/startup_mk64f12.o
                0x0000179c                CAN0_Tx_Warning_IRQHandler
 .text.CAN0_Rx_Warning_IRQHandler
                0x000017a4        0x8 ./SDK/startup/startup_mk64f12.o
                0x000017a4                CAN0_Rx_Warning_IRQHandler
 .text.CAN0_Wake_Up_IRQHandler
                0x000017ac        0x8 ./SDK/startup/startup_mk64f12.o
                0x000017ac                CAN0_Wake_Up_IRQHandler
 .text.SDHC_IRQHandler
                0x000017b4        0x8 ./SDK/startup/startup_mk64f12.o
                0x000017b4                SDHC_IRQHandler
 .text.ENET_1588_Timer_IRQHandler
                0x000017bc        0x8 ./SDK/startup/startup_mk64f12.o
                0x000017bc                ENET_1588_Timer_IRQHandler
 .text.ENET_Transmit_IRQHandler
                0x000017c4        0x8 ./SDK/startup/startup_mk64f12.o
                0x000017c4                ENET_Transmit_IRQHandler
 .text.ENET_Receive_IRQHandler
                0x000017cc        0x8 ./SDK/startup/startup_mk64f12.o
                0x000017cc                ENET_Receive_IRQHandler
 .text.ENET_Error_IRQHandler
                0x000017d4        0x8 ./SDK/startup/startup_mk64f12.o
                0x000017d4                ENET_Error_IRQHandler
 .text.SystemInitHook
                0x000017dc        0xe ./SDK/CMSIS/system_MK64F12.o
                0x000017dc                SystemInitHook
 *(SORT_BY_ALIGNMENT(.rodata) SORT_BY_ALIGNMENT(.rodata.*) SORT_BY_ALIGNMENT(.constdata) SORT_BY_ALIGNMENT(.constdata.*))
 *fill*         0x000017ea        0x2 ff
 .rodata        0x000017ec       0x20 ./source/Drivers/SPI/SPI.o
 .rodata        0x0000180c       0x14 ./source/Drivers/GPIO/gpio.o
                0x00001820                . = ALIGN (0x8)

.glue_7         0x00001820        0x0
 .glue_7        0x00001820        0x0 linker stubs

.glue_7t        0x00001820        0x0
 .glue_7t       0x00001820        0x0 linker stubs

.vfp11_veneer   0x00001820        0x0
 .vfp11_veneer  0x00001820        0x0 linker stubs

.v4_bx          0x00001820        0x0
 .v4_bx         0x00001820        0x0 linker stubs

.iplt           0x00001820        0x0
 .iplt          0x00001820        0x0 ./source/Drivers/UART/uart.o

.rel.dyn        0x00001820        0x0
 .rel.iplt      0x00001820        0x0 ./source/Drivers/UART/uart.o

.ARM.extab
 *(SORT_BY_ALIGNMENT(.ARM.extab*) SORT_BY_ALIGNMENT(.gnu.linkonce.armextab.*))
                0x00001820                __exidx_start = .

.ARM.exidx
 *(SORT_BY_ALIGNMENT(.ARM.exidx*) SORT_BY_ALIGNMENT(.gnu.linkonce.armexidx.*))
                0x00001820                __exidx_end = .
                0x00001820                _etext = .

.m_usb_data
 *(SORT_BY_ALIGNMENT(m_usb_bdt))

.data_RAM2      0x1fff0000        0x0 load address 0x00001820
 FILL mask 0xff
                [!provide]                PROVIDE (__start_data_RAM2, .)
 *(SORT_BY_ALIGNMENT(.ramfunc.$RAM2))
 *(SORT_BY_ALIGNMENT(.ramfunc.$SRAM_LOWER))
 *(SORT_BY_ALIGNMENT(.data.$RAM2*))
 *(SORT_BY_ALIGNMENT(.data.$SRAM_LOWER*))
                0x1fff0000                . = ALIGN (0x8)
                [!provide]                PROVIDE (__end_data_RAM2, .)

.data_RAM3      0x14000000        0x0 load address 0x00001820
 FILL mask 0xff
                [!provide]                PROVIDE (__start_data_RAM3, .)
 *(SORT_BY_ALIGNMENT(.ramfunc.$RAM3))
 *(SORT_BY_ALIGNMENT(.ramfunc.$FLEX_RAM))
 *(SORT_BY_ALIGNMENT(.data.$RAM3*))
 *(SORT_BY_ALIGNMENT(.data.$FLEX_RAM*))
                0x14000000                . = ALIGN (0x8)
                [!provide]                PROVIDE (__end_data_RAM3, .)

.uninit_RESERVED
                0x20000000        0x0
 *(SORT_BY_ALIGNMENT(.bss.$RESERVED*))
                0x20000000                . = ALIGN (0x4)
                0x20000000                _end_uninit_RESERVED = .

.data           0x20000000       0x20 load address 0x00001820
 FILL mask 0xff
                0x20000000                _data = .
 *(SORT_BY_ALIGNMENT(vtable))
 *(SORT_BY_ALIGNMENT(.ramfunc*))
 *(SORT_BY_ALIGNMENT(.data*))
 .data.SPI_driver_SPI
                0x20000000        0xc ./source/Drivers/SPI/SPI.o
 .data.send.5602
                0x2000000c        0xd ./source/App_SPI.o
 .data.timers_cant
                0x20000019        0x1 ./source/Drivers/Timer/timer.o
                0x20000020                . = ALIGN (0x8)
 *fill*         0x2000001a        0x6 ff
                0x20000020                _edata = .

.igot.plt       0x20000020        0x0 load address 0x00001840
 .igot.plt      0x20000020        0x0 ./source/Drivers/UART/uart.o

.bss_RAM2       0x1fff0000        0x0
                [!provide]                PROVIDE (__start_bss_RAM2, .)
 *(SORT_BY_ALIGNMENT(.bss.$RAM2*))
 *(SORT_BY_ALIGNMENT(.bss.$SRAM_LOWER*))
                0x1fff0000                . = ALIGN ((. != 0x0)?0x8:0x1)
                [!provide]                PROVIDE (__end_bss_RAM2, .)

.bss_RAM3       0x14000000        0x0
                [!provide]                PROVIDE (__start_bss_RAM3, .)
 *(SORT_BY_ALIGNMENT(.bss.$RAM3*))
 *(SORT_BY_ALIGNMENT(.bss.$FLEX_RAM*))
                0x14000000                . = ALIGN ((. != 0x0)?0x8:0x1)
                [!provide]                PROVIDE (__end_bss_RAM3, .)

.bss            0x20000020      0x2c0
                0x20000020                _bss = .
 *(SORT_BY_ALIGNMENT(.bss*))
 .bss.buffer_send
                0x20000020       0x64 ./source/Drivers/UART/uart.o
                0x20000020                buffer_send
 .bss.buffer_recived
                0x20000084       0x64 ./source/Drivers/UART/uart.o
                0x20000084                buffer_recived
 .bss.timers    0x200000e8      0x100 ./source/Drivers/Timer/timer.o
 .bss.callback  0x200001e8        0x4 ./source/Drivers/SysTick/SysTick.o
 .bss.i2c       0x200001ec        0x4 ./source/Drivers/I2C/I2C.o
 .bss.i2c_com   0x200001f0        0x4 ./source/Drivers/I2C/I2C.o
 .bss.pin_ports_activated
                0x200001f4       0xa0 ./source/Drivers/GPIO/gpio.o
 .bss.callback  0x20000294        0x4 ./source/Drivers/GPIO/gpio.o
 .bss.received.5603
                0x20000298       0x32 ./source/App_SPI.o
 *fill*         0x200002ca        0x2 
 .bss.__LDM_interruptDisableCount
                0x200002cc        0x4 ./SDK/startup/hardware.o
 .bss.last_recived
                0x200002d0        0x2 ./source/Drivers/UART/uart.o
 .bss.first_2_send
                0x200002d2        0x2 ./source/Drivers/UART/uart.o
 .bss.last_2_send
                0x200002d4        0x2 ./source/Drivers/UART/uart.o
 .bss.rx_data   0x200002d6        0x1 ./source/Drivers/UART/uart.o
 .bss.rx_flag   0x200002d7        0x1 ./source/Drivers/UART/uart.o
 .bss.yaInit.5605
                0x200002d8        0x1 ./source/Drivers/Timer/timer.o
 .bss.module_index
                0x200002d9        0x1 ./source/Drivers/SPI/SPI.o
 .bss.ya_init.7863
                0x200002da        0x1 ./source/Drivers/SPI/SPI.o
 .bss.state     0x200002db        0x1 ./source/Drivers/I2C/I2C.o
 .bss.mode      0x200002dc        0x1 ./source/Drivers/I2C/I2C.o
 .bss.data_index
                0x200002dd        0x1 ./source/Drivers/I2C/I2C.o
 .bss.slave_address
                0x200002de        0x1 ./source/Drivers/I2C/I2C.o
 .bss.register_address
                0x200002df        0x1 ./source/Drivers/I2C/I2C.o
 *(SORT_BY_ALIGNMENT(COMMON))
                0x200002e0                . = ALIGN (0x8)
                0x200002e0                _ebss = .
                [!provide]                PROVIDE (end, .)

.noinit_RAM2    0x1fff0000        0x0
 *(SORT_BY_ALIGNMENT(.noinit.$RAM2*))
 *(SORT_BY_ALIGNMENT(.noinit.$SRAM_LOWER*))
                0x1fff0000                . = ALIGN (0x8)

.noinit_RAM3    0x14000000        0x0
 *(SORT_BY_ALIGNMENT(.noinit.$RAM3*))
 *(SORT_BY_ALIGNMENT(.noinit.$FLEX_RAM*))
                0x14000000                . = ALIGN (0x8)

.noinit         0x200002e0        0x0
                0x200002e0                _noinit = .
 *(SORT_BY_ALIGNMENT(.noinit*))
                0x200002e0                . = ALIGN (0x8)
                0x200002e0                _end_noinit = .
                0x00001000                _HeapSize = 0x1000

.heap           0x200002e0     0x1000
                0x200002e0                _pvHeapStart = .
                0x200012e0                . = (. + _HeapSize)
 *fill*         0x200002e0     0x1000 
                0x200012e0                . = ALIGN (0x8)
                0x200012e0                _pvHeapLimit = .
                0x00001000                _StackSize = 0x1000

.heap2stackfill
                0x200012e0     0x1000
                0x200022e0                . = (. + _StackSize)
 *fill*         0x200012e0     0x1000 

.stack          0x2002f000        0x0
                0x2002f000                _vStackBase = .
                0x2002f000                . = ALIGN (0x8)
                0x20030000                _vStackTop = (. + _StackSize)
                0x00000000                _image_start = LOADADDR (.text)
                0x00001840                _image_end = (LOADADDR (.data) + SIZEOF (.data))
                0x00001840                _image_size = (_image_end - _image_start)
OUTPUT(Blink.axf elf32-littlearm)

.debug_info     0x00000000     0x6fc2
 .debug_info    0x00000000      0xc2d ./source/Drivers/UART/uart.o
 .debug_info    0x00000c2d      0xaef ./source/Drivers/Timer/timer.o
 .debug_info    0x0000171c      0x514 ./source/Drivers/SysTick/SysTick.o
 .debug_info    0x00001c30      0xe8e ./source/Drivers/SPI/SPI.o
 .debug_info    0x00002abe      0xb29 ./source/Drivers/I2C/I2C.o
 .debug_info    0x000035e7      0xd4d ./source/Drivers/GPIO/gpio.o
 .debug_info    0x00004334      0xd35 ./source/Drivers/FTM/FTM.o
 .debug_info    0x00005069      0x946 ./source/App_SPI.o
 .debug_info    0x000059af      0x675 ./SDK/startup/hardware.o
 .debug_info    0x00006024       0xb7 ./SDK/startup/main.o
 .debug_info    0x000060db       0x3b ./SDK/startup/semihost_hardfault.o
 .debug_info    0x00006116      0x8b0 ./SDK/startup/startup_mk64f12.o
 .debug_info    0x000069c6      0x5fc ./SDK/CMSIS/system_MK64F12.o

.debug_abbrev   0x00000000     0x1564
 .debug_abbrev  0x00000000      0x22f ./source/Drivers/UART/uart.o
 .debug_abbrev  0x0000022f      0x2a0 ./source/Drivers/Timer/timer.o
 .debug_abbrev  0x000004cf      0x194 ./source/Drivers/SysTick/SysTick.o
 .debug_abbrev  0x00000663      0x27d ./source/Drivers/SPI/SPI.o
 .debug_abbrev  0x000008e0      0x223 ./source/Drivers/I2C/I2C.o
 .debug_abbrev  0x00000b03      0x23d ./source/Drivers/GPIO/gpio.o
 .debug_abbrev  0x00000d40      0x1b8 ./source/Drivers/FTM/FTM.o
 .debug_abbrev  0x00000ef8      0x1ed ./source/App_SPI.o
 .debug_abbrev  0x000010e5      0x138 ./SDK/startup/hardware.o
 .debug_abbrev  0x0000121d       0x7d ./SDK/startup/main.o
 .debug_abbrev  0x0000129a       0x2f ./SDK/startup/semihost_hardfault.o
 .debug_abbrev  0x000012c9      0x15c ./SDK/startup/startup_mk64f12.o
 .debug_abbrev  0x00001425      0x13f ./SDK/CMSIS/system_MK64F12.o

.debug_aranges  0x00000000      0x6d8
 .debug_aranges
                0x00000000       0x60 ./source/Drivers/UART/uart.o
 .debug_aranges
                0x00000060       0x58 ./source/Drivers/Timer/timer.o
 .debug_aranges
                0x000000b8       0x30 ./source/Drivers/SysTick/SysTick.o
 .debug_aranges
                0x000000e8       0x38 ./source/Drivers/SPI/SPI.o
 .debug_aranges
                0x00000120       0x58 ./source/Drivers/I2C/I2C.o
 .debug_aranges
                0x00000178       0x88 ./source/Drivers/GPIO/gpio.o
 .debug_aranges
                0x00000200       0xe0 ./source/Drivers/FTM/FTM.o
 .debug_aranges
                0x000002e0       0x28 ./source/App_SPI.o
 .debug_aranges
                0x00000308       0x30 ./SDK/startup/hardware.o
 .debug_aranges
                0x00000338       0x20 ./SDK/startup/main.o
 .debug_aranges
                0x00000358       0x20 ./SDK/startup/semihost_hardfault.o
 .debug_aranges
                0x00000378      0x330 ./SDK/startup/startup_mk64f12.o
 .debug_aranges
                0x000006a8       0x30 ./SDK/CMSIS/system_MK64F12.o

.debug_ranges   0x00000000      0x608
 .debug_ranges  0x00000000       0x50 ./source/Drivers/UART/uart.o
 .debug_ranges  0x00000050       0x48 ./source/Drivers/Timer/timer.o
 .debug_ranges  0x00000098       0x20 ./source/Drivers/SysTick/SysTick.o
 .debug_ranges  0x000000b8       0x28 ./source/Drivers/SPI/SPI.o
 .debug_ranges  0x000000e0       0x48 ./source/Drivers/I2C/I2C.o
 .debug_ranges  0x00000128       0x78 ./source/Drivers/GPIO/gpio.o
 .debug_ranges  0x000001a0       0xd0 ./source/Drivers/FTM/FTM.o
 .debug_ranges  0x00000270       0x18 ./source/App_SPI.o
 .debug_ranges  0x00000288       0x20 ./SDK/startup/hardware.o
 .debug_ranges  0x000002a8       0x10 ./SDK/startup/main.o
 .debug_ranges  0x000002b8       0x10 ./SDK/startup/semihost_hardfault.o
 .debug_ranges  0x000002c8      0x320 ./SDK/startup/startup_mk64f12.o
 .debug_ranges  0x000005e8       0x20 ./SDK/CMSIS/system_MK64F12.o

.debug_macro    0x00000000    0x1313c
 .debug_macro   0x00000000       0xc4 ./source/Drivers/UART/uart.o
 .debug_macro   0x000000c4      0xa5a ./source/Drivers/UART/uart.o
 .debug_macro   0x00000b1e       0x5c ./source/Drivers/UART/uart.o
 .debug_macro   0x00000b7a      0x34e ./source/Drivers/UART/uart.o
 .debug_macro   0x00000ec8       0x1c ./source/Drivers/UART/uart.o
 .debug_macro   0x00000ee4       0x22 ./source/Drivers/UART/uart.o
 .debug_macro   0x00000f06       0xdf ./source/Drivers/UART/uart.o
 .debug_macro   0x00000fe5      0xecf ./source/Drivers/UART/uart.o
 .debug_macro   0x00001eb4       0x48 ./source/Drivers/UART/uart.o
 .debug_macro   0x00001efc     0xe07b ./source/Drivers/UART/uart.o
 .debug_macro   0x0000ff77       0x22 ./source/Drivers/UART/uart.o
 .debug_macro   0x0000ff99       0x10 ./source/Drivers/UART/uart.o
 .debug_macro   0x0000ffa9     0x122b ./source/Drivers/UART/uart.o
 .debug_macro   0x000111d4       0x16 ./source/Drivers/UART/uart.o
 .debug_macro   0x000111ea       0x28 ./source/Drivers/UART/uart.o
 .debug_macro   0x00011212       0x40 ./source/Drivers/UART/uart.o
 .debug_macro   0x00011252      0x136 ./source/Drivers/Timer/timer.o
 .debug_macro   0x00011388       0x17 ./source/Drivers/Timer/timer.o
 .debug_macro   0x0001139f       0x22 ./source/Drivers/Timer/timer.o
 .debug_macro   0x000113c1       0x52 ./source/Drivers/Timer/timer.o
 .debug_macro   0x00011413       0x8d ./source/Drivers/Timer/timer.o
 .debug_macro   0x000114a0       0x35 ./source/Drivers/Timer/timer.o
 .debug_macro   0x000114d5       0x9c ./source/Drivers/Timer/timer.o
 .debug_macro   0x00011571       0x16 ./source/Drivers/Timer/timer.o
 .debug_macro   0x00011587      0x10e ./source/Drivers/Timer/timer.o
 .debug_macro   0x00011695       0x8d ./source/Drivers/Timer/timer.o
 .debug_macro   0x00011722       0x57 ./source/Drivers/Timer/timer.o
 .debug_macro   0x00011779       0x58 ./source/Drivers/Timer/timer.o
 .debug_macro   0x000117d1       0x1f ./source/Drivers/Timer/timer.o
 .debug_macro   0x000117f0       0x43 ./source/Drivers/Timer/timer.o
 .debug_macro   0x00011833       0x20 ./source/Drivers/Timer/timer.o
 .debug_macro   0x00011853      0x18e ./source/Drivers/Timer/timer.o
 .debug_macro   0x000119e1      0x330 ./source/Drivers/Timer/timer.o
 .debug_macro   0x00011d11       0x16 ./source/Drivers/Timer/timer.o
 .debug_macro   0x00011d27       0x29 ./source/Drivers/Timer/timer.o
 .debug_macro   0x00011d50       0x1c ./source/Drivers/Timer/timer.o
 .debug_macro   0x00011d6c       0x10 ./source/Drivers/Timer/timer.o
 .debug_macro   0x00011d7c       0xb6 ./source/Drivers/SysTick/SysTick.o
 .debug_macro   0x00011e32      0x174 ./source/Drivers/SysTick/SysTick.o
 .debug_macro   0x00011fa6      0x272 ./source/Drivers/SPI/SPI.o
 .debug_macro   0x00012218       0x3a ./source/Drivers/SPI/SPI.o
 .debug_macro   0x00012252       0x40 ./source/Drivers/SPI/SPI.o
 .debug_macro   0x00012292       0x16 ./source/Drivers/SPI/SPI.o
 .debug_macro   0x000122a8       0x97 ./source/Drivers/SPI/SPI.o
 .debug_macro   0x0001233f      0x32a ./source/Drivers/SPI/SPI.o
 .debug_macro   0x00012669       0xfd ./source/Drivers/SPI/SPI.o
 .debug_macro   0x00012766       0x10 ./source/Drivers/SPI/SPI.o
 .debug_macro   0x00012776       0x10 ./source/Drivers/SPI/SPI.o
 .debug_macro   0x00012786       0x6a ./source/Drivers/SPI/SPI.o
 .debug_macro   0x000127f0       0x1c ./source/Drivers/SPI/SPI.o
 .debug_macro   0x0001280c       0x52 ./source/Drivers/SPI/SPI.o
 .debug_macro   0x0001285e       0x40 ./source/Drivers/SPI/SPI.o
 .debug_macro   0x0001289e       0x10 ./source/Drivers/SPI/SPI.o
 .debug_macro   0x000128ae       0x40 ./source/Drivers/SPI/SPI.o
 .debug_macro   0x000128ee       0xd7 ./source/Drivers/SPI/SPI.o
 .debug_macro   0x000129c5       0x1c ./source/Drivers/SPI/SPI.o
 .debug_macro   0x000129e1       0x3d ./source/Drivers/SPI/SPI.o
 .debug_macro   0x00012a1e       0x16 ./source/Drivers/SPI/SPI.o
 .debug_macro   0x00012a34      0x16f ./source/Drivers/SPI/SPI.o
 .debug_macro   0x00012ba3       0xfc ./source/Drivers/I2C/I2C.o
 .debug_macro   0x00012c9f       0x92 ./source/Drivers/GPIO/gpio.o
 .debug_macro   0x00012d31       0xb4 ./source/Drivers/FTM/FTM.o
 .debug_macro   0x00012de5       0x34 ./source/Drivers/FTM/FTM.o
 .debug_macro   0x00012e19      0x131 ./source/App_SPI.o
 .debug_macro   0x00012f4a       0x9c ./SDK/startup/hardware.o
 .debug_macro   0x00012fe6       0x9c ./SDK/startup/main.o
 .debug_macro   0x00013082       0x11 ./SDK/startup/semihost_hardfault.o
 .debug_macro   0x00013093       0x29 ./SDK/startup/startup_mk64f12.o
 .debug_macro   0x000130bc       0x80 ./SDK/CMSIS/system_MK64F12.o

.debug_line     0x00000000     0x24c3
 .debug_line    0x00000000      0x2c7 ./source/Drivers/UART/uart.o
 .debug_line    0x000002c7      0x398 ./source/Drivers/Timer/timer.o
 .debug_line    0x0000065f      0x1f4 ./source/Drivers/SysTick/SysTick.o
 .debug_line    0x00000853      0x45b ./source/Drivers/SPI/SPI.o
 .debug_line    0x00000cae      0x2a6 ./source/Drivers/I2C/I2C.o
 .debug_line    0x00000f54      0x2d0 ./source/Drivers/GPIO/gpio.o
 .debug_line    0x00001224      0x3ad ./source/Drivers/FTM/FTM.o
 .debug_line    0x000015d1      0x2b1 ./source/App_SPI.o
 .debug_line    0x00001882      0x1d4 ./SDK/startup/hardware.o
 .debug_line    0x00001a56      0x175 ./SDK/startup/main.o
 .debug_line    0x00001bcb       0x59 ./SDK/startup/semihost_hardfault.o
 .debug_line    0x00001c24      0x6d8 ./SDK/startup/startup_mk64f12.o
 .debug_line    0x000022fc      0x1c7 ./SDK/CMSIS/system_MK64F12.o

.debug_str      0x00000000    0x7db61
 .debug_str     0x00000000    0x777ad ./source/Drivers/UART/uart.o
                              0x77985 (size before relaxing)
 .debug_str     0x000777ad     0x3509 ./source/Drivers/Timer/timer.o
                               0x6e26 (size before relaxing)
 .debug_str     0x0007acb6       0x73 ./source/Drivers/SysTick/SysTick.o
                              0x778fe (size before relaxing)
 .debug_str     0x0007ad29     0x1907 ./source/Drivers/SPI/SPI.o
                              0x7529e (size before relaxing)
 .debug_str     0x0007c630      0x506 ./source/Drivers/I2C/I2C.o
                              0x714c9 (size before relaxing)
 .debug_str     0x0007cb36      0x257 ./source/Drivers/GPIO/gpio.o
                              0x70e46 (size before relaxing)
 .debug_str     0x0007cd8d      0x45b ./source/Drivers/FTM/FTM.o
                              0x77b11 (size before relaxing)
 .debug_str     0x0007d1e8       0x44 ./source/App_SPI.o
                               0x6d08 (size before relaxing)
 .debug_str     0x0007d22c      0x11b ./SDK/startup/hardware.o
                              0x77211 (size before relaxing)
 .debug_str     0x0007d347       0x1b ./SDK/startup/main.o
                              0x76fe5 (size before relaxing)
 .debug_str     0x0007d362       0x36 ./SDK/startup/semihost_hardfault.o
                               0x2d4b (size before relaxing)
 .debug_str     0x0007d398      0x767 ./SDK/startup/startup_mk64f12.o
                               0x35b9 (size before relaxing)
 .debug_str     0x0007daff       0x62 ./SDK/CMSIS/system_MK64F12.o
                              0x77120 (size before relaxing)

.comment        0x00000000       0x7e
 .comment       0x00000000       0x7e ./source/Drivers/UART/uart.o
                                 0x7f (size before relaxing)
 .comment       0x0000007e       0x7f ./source/Drivers/Timer/timer.o
 .comment       0x0000007e       0x7f ./source/Drivers/SysTick/SysTick.o
 .comment       0x0000007e       0x7f ./source/Drivers/SPI/SPI.o
 .comment       0x0000007e       0x7f ./source/Drivers/I2C/I2C.o
 .comment       0x0000007e       0x7f ./source/Drivers/GPIO/gpio.o
 .comment       0x0000007e       0x7f ./source/Drivers/FTM/FTM.o
 .comment       0x0000007e       0x7f ./source/App_SPI.o
 .comment       0x0000007e       0x7f ./SDK/startup/hardware.o
 .comment       0x0000007e       0x7f ./SDK/startup/main.o
 .comment       0x0000007e       0x7f ./SDK/startup/semihost_hardfault.o
 .comment       0x0000007e       0x7f ./SDK/startup/startup_mk64f12.o
 .comment       0x0000007e       0x7f ./SDK/CMSIS/system_MK64F12.o

.ARM.attributes
                0x00000000       0x39
 .ARM.attributes
                0x00000000       0x39 ./source/Drivers/UART/uart.o
 .ARM.attributes
                0x00000039       0x39 ./source/Drivers/Timer/timer.o
 .ARM.attributes
                0x00000072       0x39 ./source/Drivers/SysTick/SysTick.o
 .ARM.attributes
                0x000000ab       0x39 ./source/Drivers/SPI/SPI.o
 .ARM.attributes
                0x000000e4       0x39 ./source/Drivers/I2C/I2C.o
 .ARM.attributes
                0x0000011d       0x39 ./source/Drivers/GPIO/gpio.o
 .ARM.attributes
                0x00000156       0x39 ./source/Drivers/FTM/FTM.o
 .ARM.attributes
                0x0000018f       0x39 ./source/App_SPI.o
 .ARM.attributes
                0x000001c8       0x39 ./SDK/startup/hardware.o
 .ARM.attributes
                0x00000201       0x39 ./SDK/startup/main.o
 .ARM.attributes
                0x0000023a       0x39 ./SDK/startup/semihost_hardfault.o
 .ARM.attributes
                0x00000273       0x39 ./SDK/startup/startup_mk64f12.o
 .ARM.attributes
                0x000002ac       0x39 ./SDK/CMSIS/system_MK64F12.o

.debug_frame    0x00000000     0x1590
 .debug_frame   0x00000000      0x178 ./source/Drivers/UART/uart.o
 .debug_frame   0x00000178      0x134 ./source/Drivers/Timer/timer.o
 .debug_frame   0x000002ac       0x78 ./source/Drivers/SysTick/SysTick.o
 .debug_frame   0x00000324       0xac ./source/Drivers/SPI/SPI.o
 .debug_frame   0x000003d0      0x128 ./source/Drivers/I2C/I2C.o
 .debug_frame   0x000004f8      0x230 ./source/Drivers/GPIO/gpio.o
 .debug_frame   0x00000728      0x3e4 ./source/Drivers/FTM/FTM.o
 .debug_frame   0x00000b0c       0x50 ./source/App_SPI.o
 .debug_frame   0x00000b5c       0x70 ./SDK/startup/hardware.o
 .debug_frame   0x00000bcc       0x2c ./SDK/startup/main.o
 .debug_frame   0x00000bf8       0x20 ./SDK/startup/semihost_hardfault.o
 .debug_frame   0x00000c18      0x904 ./SDK/startup/startup_mk64f12.o
 .debug_frame   0x0000151c       0x74 ./SDK/CMSIS/system_MK64F12.o
