   1              		.cpu cortex-m4
   2              		.eabi_attribute 27, 1
   3              		.eabi_attribute 28, 1
   4              		.eabi_attribute 20, 1
   5              		.eabi_attribute 21, 1
   6              		.eabi_attribute 23, 3
   7              		.eabi_attribute 24, 1
   8              		.eabi_attribute 25, 1
   9              		.eabi_attribute 26, 1
  10              		.eabi_attribute 30, 6
  11              		.eabi_attribute 34, 1
  12              		.eabi_attribute 18, 4
  13              		.file	"main.c"
  14              		.text
  15              	.Ltext0:
  16              		.cfi_sections	.debug_frame
  17              		.section	.text.main,"ax",%progbits
  18              		.align	1
  19              		.global	main
  20              		.syntax unified
  21              		.thumb
  22              		.thumb_func
  23              		.fpu fpv4-sp-d16
  25              	main:
  26              	.LFB123:
  27              		.file 1 "../source/main.c"
   1:../source/main.c **** /*
   2:../source/main.c ****  * main.c
   3:../source/main.c ****  *
   4:../source/main.c ****  *  Created on: May 1, 2015--
   5:../source/main.c ****  *      Author: Juan Pablo VEGA - Laboratorio de Microprocesadores
   6:../source/main.c ****  */
   7:../source/main.c **** 
   8:../source/main.c **** #include "hardware.h"
   9:../source/main.c **** //#include "PORT.h"
  10:../source/main.c **** //#include "GPIO.h"
  11:../source/main.c **** #include "FTM.h"
  12:../source/main.c **** 
  13:../source/main.c **** 
  14:../source/main.c **** #define __FOREVER__ 	for(;;)
  15:../source/main.c **** 
  16:../source/main.c **** 
  17:../source/main.c **** 
  18:../source/main.c **** int main (void)
  19:../source/main.c **** {
  28              		.loc 1 19 0
  29              		.cfi_startproc
  30              		@ args = 0, pretend = 0, frame = 0
  31              		@ frame_needed = 1, uses_anonymous_args = 0
  32 0000 80B5     		push	{r7, lr}
  33              		.cfi_def_cfa_offset 8
  34              		.cfi_offset 7, -8
  35              		.cfi_offset 14, -4
  36 0002 00AF     		add	r7, sp, #0
  37              		.cfi_def_cfa_register 7
  20:../source/main.c **** 
  21:../source/main.c **** 
  22:../source/main.c ****  	 	 	 	hw_Init ();
  38              		.loc 1 22 0
  39 0004 FFF7FEFF 		bl	hw_Init
  23:../source/main.c ****  	 	 	 	PORT_Init();
  40              		.loc 1 23 0
  41 0008 FFF7FEFF 		bl	PORT_Init
  24:../source/main.c ****  	 	 		FTM_Init(FTM0);
  42              		.loc 1 24 0
  43 000c 0148     		ldr	r0, .L3
  44 000e FFF7FEFF 		bl	FTM_Init
  45              	.L2:
  25:../source/main.c **** 
  26:../source/main.c **** 
  27:../source/main.c ****  	 	// 		hw_DisableInterrupts();
  28:../source/main.c **** 
  29:../source/main.c ****  	 	 		__FOREVER__;
  46              		.loc 1 29 0 discriminator 1
  47 0012 FEE7     		b	.L2
  48              	.L4:
  49              		.align	2
  50              	.L3:
  51 0014 00800340 		.word	1073971200
  52              		.cfi_endproc
  53              	.LFE123:
  55              		.text
  56              	.Letext0:
  57              		.file 2 "c:\\nxp\\mcuxpressoide_10.2.0_759\\ide\\tools\\redlib\\include\\sys\\libconfig-arm.h"
  58              		.file 3 "c:\\nxp\\mcuxpressoide_10.2.0_759\\ide\\tools\\redlib\\include\\stdint.h"
  59              		.file 4 "C:\\Users\\marth\\Documents\\ITBA\\Labo de micros\\Tps\\FTM_PWM\\CMSIS/core_cm4.h"
  60              		.file 5 "C:\\Users\\marth\\Documents\\ITBA\\Labo de micros\\Tps\\FTM_PWM\\CMSIS/system_MK64F12.h"
  61              		.file 6 "C:\\Users\\marth\\Documents\\ITBA\\Labo de micros\\Tps\\FTM_PWM\\CMSIS/MK64F12.h"
DEFINED SYMBOLS
                            *ABS*:00000000 main.c
C:\Users\marth\AppData\Local\Temp\cc0SMwjr.s:18     .text.main:00000000 $t
C:\Users\marth\AppData\Local\Temp\cc0SMwjr.s:25     .text.main:00000000 main
C:\Users\marth\AppData\Local\Temp\cc0SMwjr.s:51     .text.main:00000014 $d
                           .group:00000000 wm4.0.33db8b643112917ec54934b4f2c2f387
                           .group:00000000 wm4.redlib_version.h.16.f905717e4b3a91dcbdbb631865150df4
                           .group:00000000 wm4.libconfigarm.h.18.1ad1d24f96d0dc8c4cf52dc19b0aa2c7
                           .group:00000000 wm4.stdint.h.30.079ac5d9930c76ab215c1ab68adcbe08
                           .group:00000000 wm4.stdbool.h.15.fddf1cb2402fd739d8e2516677869231
                           .group:00000000 wm4.fsl_device_registers.h.32.f10b25a7fd7ad45b9a40904c33f28816
                           .group:00000000 wm4.MK64F12.h.105.e884e5c80776532d2ec0f5c21e2ea7cb
                           .group:00000000 wm4.core_cm4.h.42.42f38327ee0970d80f60117e6a3ba2b0
                           .group:00000000 wm4.cmsis_gcc.h.36.39970cb43ce4b53c82644a1f9bc2eab9
                           .group:00000000 wm4.core_cm4.h.223.7b48c9958ef5573320c4765074c8b0ce
                           .group:00000000 wm4.system_MK64F12.h.109.c6d21568e03be21b21c922eb7345d6e3
                           .group:00000000 wm4.MK64F12.h.475.cafa8e1e521f96f0b72de286863a6df7
                           .group:00000000 wm4.MK64F12_features.h.92.512cea46d882153168efeec0bc3a9da7
                           .group:00000000 wm4.hardware.h.27.0531344360c1b4ef1fba1263e2a4c488
                           .group:00000000 wm4.FTM.h.3.b096ca6d77ad9aefb135b5cc7952b17d

UNDEFINED SYMBOLS
hw_Init
PORT_Init
FTM_Init
