Archive member included to satisfy reference by file (symbol)

c:/nxp/mcuxpressoide_10.2.0_759/ide/tools/bin/../lib/gcc/arm-none-eabi/7.2.1/../../../../arm-none-eabi/lib/thumb/v7e-m/fpv4-sp/hard\libcr_nohost_nf.a(_cr__main.o)
                              ./startup/startup_mk64f12.o (__main)
c:/nxp/mcuxpressoide_10.2.0_759/ide/tools/bin/../lib/gcc/arm-none-eabi/7.2.1/../../../../arm-none-eabi/lib/thumb/v7e-m/fpv4-sp/hard\libcr_c.a(initio.o)
                              c:/nxp/mcuxpressoide_10.2.0_759/ide/tools/bin/../lib/gcc/arm-none-eabi/7.2.1/../../../../arm-none-eabi/lib/thumb/v7e-m/fpv4-sp/hard\libcr_nohost_nf.a(_cr__main.o) (_initio)
c:/nxp/mcuxpressoide_10.2.0_759/ide/tools/bin/../lib/gcc/arm-none-eabi/7.2.1/../../../../arm-none-eabi/lib/thumb/v7e-m/fpv4-sp/hard\libcr_c.a(setvbuf.o)
                              c:/nxp/mcuxpressoide_10.2.0_759/ide/tools/bin/../lib/gcc/arm-none-eabi/7.2.1/../../../../arm-none-eabi/lib/thumb/v7e-m/fpv4-sp/hard\libcr_c.a(initio.o) (setvbuf)
c:/nxp/mcuxpressoide_10.2.0_759/ide/tools/bin/../lib/gcc/arm-none-eabi/7.2.1/../../../../arm-none-eabi/lib/thumb/v7e-m/fpv4-sp/hard\libcr_c.a(_fdopen.o)
                              c:/nxp/mcuxpressoide_10.2.0_759/ide/tools/bin/../lib/gcc/arm-none-eabi/7.2.1/../../../../arm-none-eabi/lib/thumb/v7e-m/fpv4-sp/hard\libcr_c.a(initio.o) (_fdopen)
c:/nxp/mcuxpressoide_10.2.0_759/ide/tools/bin/../lib/gcc/arm-none-eabi/7.2.1/../../../../arm-none-eabi/lib/thumb/v7e-m/fpv4-sp/hard\libcr_c.a(fclose.o)
                              c:/nxp/mcuxpressoide_10.2.0_759/ide/tools/bin/../lib/gcc/arm-none-eabi/7.2.1/../../../../arm-none-eabi/lib/thumb/v7e-m/fpv4-sp/hard\libcr_c.a(initio.o) (fclose)
c:/nxp/mcuxpressoide_10.2.0_759/ide/tools/bin/../lib/gcc/arm-none-eabi/7.2.1/../../../../arm-none-eabi/lib/thumb/v7e-m/fpv4-sp/hard\libcr_c.a(fflush.o)
                              c:/nxp/mcuxpressoide_10.2.0_759/ide/tools/bin/../lib/gcc/arm-none-eabi/7.2.1/../../../../arm-none-eabi/lib/thumb/v7e-m/fpv4-sp/hard\libcr_c.a(fclose.o) (fflush)
c:/nxp/mcuxpressoide_10.2.0_759/ide/tools/bin/../lib/gcc/arm-none-eabi/7.2.1/../../../../arm-none-eabi/lib/thumb/v7e-m/fpv4-sp/hard\libcr_c.a(fseek.o)
                              c:/nxp/mcuxpressoide_10.2.0_759/ide/tools/bin/../lib/gcc/arm-none-eabi/7.2.1/../../../../arm-none-eabi/lib/thumb/v7e-m/fpv4-sp/hard\libcr_c.a(_fdopen.o) (fseek)
c:/nxp/mcuxpressoide_10.2.0_759/ide/tools/bin/../lib/gcc/arm-none-eabi/7.2.1/../../../../arm-none-eabi/lib/thumb/v7e-m/fpv4-sp/hard\libcr_c.a(ftell.o)
                              c:/nxp/mcuxpressoide_10.2.0_759/ide/tools/bin/../lib/gcc/arm-none-eabi/7.2.1/../../../../arm-none-eabi/lib/thumb/v7e-m/fpv4-sp/hard\libcr_c.a(fseek.o) (ftell)
c:/nxp/mcuxpressoide_10.2.0_759/ide/tools/bin/../lib/gcc/arm-none-eabi/7.2.1/../../../../arm-none-eabi/lib/thumb/v7e-m/fpv4-sp/hard\libcr_c.a(remove.o)
                              c:/nxp/mcuxpressoide_10.2.0_759/ide/tools/bin/../lib/gcc/arm-none-eabi/7.2.1/../../../../arm-none-eabi/lib/thumb/v7e-m/fpv4-sp/hard\libcr_c.a(fclose.o) (remove)
c:/nxp/mcuxpressoide_10.2.0_759/ide/tools/bin/../lib/gcc/arm-none-eabi/7.2.1/../../../../arm-none-eabi/lib/thumb/v7e-m/fpv4-sp/hard\libcr_c.a(strlen.o)
                              c:/nxp/mcuxpressoide_10.2.0_759/ide/tools/bin/../lib/gcc/arm-none-eabi/7.2.1/../../../../arm-none-eabi/lib/thumb/v7e-m/fpv4-sp/hard\libcr_c.a(remove.o) (strlen)
c:/nxp/mcuxpressoide_10.2.0_759/ide/tools/bin/../lib/gcc/arm-none-eabi/7.2.1/../../../../arm-none-eabi/lib/thumb/v7e-m/fpv4-sp/hard\libcr_c.a(memset.o)
                              c:/nxp/mcuxpressoide_10.2.0_759/ide/tools/bin/../lib/gcc/arm-none-eabi/7.2.1/../../../../arm-none-eabi/lib/thumb/v7e-m/fpv4-sp/hard\libcr_c.a(fclose.o) (memset)
c:/nxp/mcuxpressoide_10.2.0_759/ide/tools/bin/../lib/gcc/arm-none-eabi/7.2.1/../../../../arm-none-eabi/lib/thumb/v7e-m/fpv4-sp/hard\libcr_c.a(_do_fflush.o)
                              c:/nxp/mcuxpressoide_10.2.0_759/ide/tools/bin/../lib/gcc/arm-none-eabi/7.2.1/../../../../arm-none-eabi/lib/thumb/v7e-m/fpv4-sp/hard\libcr_c.a(fflush.o) (_do_fflush)
c:/nxp/mcuxpressoide_10.2.0_759/ide/tools/bin/../lib/gcc/arm-none-eabi/7.2.1/../../../../arm-none-eabi/lib/thumb/v7e-m/fpv4-sp/hard\libcr_c.a(_fflush.o)
                              c:/nxp/mcuxpressoide_10.2.0_759/ide/tools/bin/../lib/gcc/arm-none-eabi/7.2.1/../../../../arm-none-eabi/lib/thumb/v7e-m/fpv4-sp/hard\libcr_c.a(_do_fflush.o) (_fflush)
c:/nxp/mcuxpressoide_10.2.0_759/ide/tools/bin/../lib/gcc/arm-none-eabi/7.2.1/../../../../arm-none-eabi/lib/thumb/v7e-m/fpv4-sp/hard\libcr_c.a(_writebuf.o)
                              c:/nxp/mcuxpressoide_10.2.0_759/ide/tools/bin/../lib/gcc/arm-none-eabi/7.2.1/../../../../arm-none-eabi/lib/thumb/v7e-m/fpv4-sp/hard\libcr_c.a(_fflush.o) (_Cwritebuf)
c:/nxp/mcuxpressoide_10.2.0_759/ide/tools/bin/../lib/gcc/arm-none-eabi/7.2.1/../../../../arm-none-eabi/lib/thumb/v7e-m/fpv4-sp/hard\libcr_c.a(alloc.o)
[...]
Memory Configuration

Name             Origin             Length             Attributes
PROGRAM_FLASH    0x00000000         0x00100000         xr
SRAM_UPPER       0x20000000         0x00030000         xrw
SRAM_LOWER       0x1fff0000         0x00010000         xrw
FLEX_RAM         0x14000000         0x00001000         xrw
*default*        0x00000000         0xffffffff

Linker script and memory map

LOAD ./startup/startup_mk64f12.o
LOAD ./source/FTM.o
LOAD ./source/PORT.o
LOAD ./source/gpio.o
LOAD ./source/hardware.o
LOAD ./source/main.o
LOAD ./CMSIS/system_MK64F12.o
START GROUP
LOAD c:/nxp/mcuxpressoide_10.2.0_759/ide/tools/bin/../lib/gcc/arm-none-eabi/7.2.1/../../../../arm-none-eabi/lib/thumb/v7e-m/fpv4-sp/hard\libcr_nohost_nf.a
LOAD c:/nxp/mcuxpressoide_10.2.0_759/ide/tools/bin/../lib/gcc/arm-none-eabi/7.2.1/../../../../arm-none-eabi/lib/thumb/v7e-m/fpv4-sp/hard\libcr_c.a
LOAD c:/nxp/mcuxpressoide_10.2.0_759/ide/tools/bin/../lib/gcc/arm-none-eabi/7.2.1/thumb/v7e-m/fpv4-sp/hard\libcr_eabihelpers.a
END GROUP
                0x00000000                __base_PROGRAM_FLASH = 0x0
                0x00000000                __base_Flash = 0x0
                0x00100000                __top_PROGRAM_FLASH = 0x100000
                0x00100000                __top_Flash = 0x100000
                0x20000000                __base_SRAM_UPPER = 0x20000000
                0x20000000                __base_RAM = 0x20000000
                0x20030000                __top_SRAM_UPPER = 0x20030000
                0x20030000                __top_RAM = 0x20030000
                0x1fff0000                __base_SRAM_LOWER = 0x1fff0000
                0x1fff0000                __base_RAM2 = 0x1fff0000
                0x20000000                __top_SRAM_LOWER = 0x20000000
                0x20000000                __top_RAM2 = 0x20000000
                0x14000000                __base_FLEX_RAM = 0x14000000
                0x14000000                __base_RAM3 = 0x14000000
                0x14001000                __top_FLEX_RAM = 0x14001000
                0x14001000                __top_RAM3 = 0x14001000

.text           0x00000000     0x1450
 FILL mask 0xff
                0x00000000                __vectors_start__ = ABSOLUTE (.)
 *(.isr_vector)
 .isr_vector    0x00000000      0x198 ./startup/startup_mk64f12.o
                0x00000000                g_pfnVectors
                0x00000000                __Vectors
                0x00000198                . = ALIGN (0x4)
                0x00000198                __section_table_start = .
                0x00000198                __data_section_table = .
                0x00000198        0x4 LONG 0x1450 LOADADDR (.data)
                0x0000019c        0x4 LONG 0x20000000 ADDR (.data)
                0x000001a0        0x4 LONG 0x8 SIZEOF (.data)
                0x000001a4        0x4 LONG 0x1450 LOADADDR (.data_RAM2)
                0x000001a8        0x4 LONG 0x1fff0000 ADDR (.data_RAM2)
                0x000001ac        0x4 LONG 0x0 SIZEOF (.data_RAM2)
                0x000001b0        0x4 LONG 0x1450 LOADADDR (.data_RAM3)
                0x000001b4        0x4 LONG 0x14000000 ADDR (.data_RAM3)
                0x000001b8        0x4 LONG 0x0 SIZEOF (.data_RAM3)
                0x000001bc                __data_section_table_end = .
                0x000001bc                __bss_section_table = .
                0x000001bc        0x4 LONG 0x20000008 ADDR (.bss)
                0x000001c0        0x4 LONG 0x350 SIZEOF (.bss)
                0x000001c4        0x4 LONG 0x1fff0000 ADDR (.bss_RAM2)
                0x000001c8        0x4 LONG 0x0 SIZEOF (.bss_RAM2)
                0x000001cc        0x4 LONG 0x14000000 ADDR (.bss_RAM3)
                0x000001d0        0x4 LONG 0x0 SIZEOF (.bss_RAM3)
                0x000001d4                __bss_section_table_end = .
                0x000001d4                __section_table_end = .
 *(.after_vectors*)
 .after_vectors.init_data
                0x000001d4       0x1e ./startup/startup_mk64f12.o
                0x000001d4                data_init
 .after_vectors.init_bss
                0x000001f2       0x12 ./startup/startup_mk64f12.o
                0x000001f2                bss_init
 .after_vectors.reset
                0x00000204       0x4c ./startup/startup_mk64f12.o
                0x00000204                ResetISR
 .after_vectors
                0x00000250       0x14 ./startup/startup_mk64f12.o
                0x00000250                NMI_Handler
                0x00000252                HardFault_Handler
                0x00000254                MemManage_Handler
                0x00000256                BusFault_Handler
                0x00000258                UsageFault_Handler
                0x0000025a                SVC_Handler
                0x0000025c                DebugMon_Handler
                0x0000025e                PendSV_Handler
                0x00000260                SysTick_Handler
                0x00000262                DMA_Error_DriverIRQHandler
                0x00000262                LPTMR0_DriverIRQHandler
                0x00000262                FTM1_DriverIRQHandler
                0x00000262                FTM2_DriverIRQHandler
                0x00000262                PIT2_DriverIRQHandler
                0x00000262                SDHC_DriverIRQHandler
                0x00000262                I2S0_Tx_DriverIRQHandler
                0x00000262                RTC_Seconds_DriverIRQHandler
                0x00000262                DMA6_DriverIRQHandler
                0x00000262                LLWU_DriverIRQHandler
                0x00000262                MCM_DriverIRQHandler
                0x00000262                MCG_DriverIRQHandler
                0x00000262                ENET_1588_Timer_DriverIRQHandler
                0x00000262                I2C2_DriverIRQHandler
                0x00000262                DAC1_DriverIRQHandler
                0x00000262                SPI1_DriverIRQHandler
                0x00000262                CMP1_DriverIRQHandler
                0x00000262                UART5_RX_TX_DriverIRQHandler
                0x00000262                FTM0_DriverIRQHandler
                0x00000262                IntDefaultHandler
                0x00000262                USB0_DriverIRQHandler
                0x00000262                UART5_ERR_DriverIRQHandler
                0x00000262                PORTC_DriverIRQHandler
                0x00000262                DMA11_DriverIRQHandler
                0x00000262                DAC0_DriverIRQHandler
                0x00000262                DMA10_DriverIRQHandler
                0x00000262                CMP2_DriverIRQHandler
                0x00000262                UART2_ERR_DriverIRQHandler
                0x00000262                SPI2_DriverIRQHandler
                0x00000262                LVD_LVW_DriverIRQHandler
                0x00000262                PIT0_DriverIRQHandler
                0x00000262                RNG_DriverIRQHandler
                0x00000262                DMA12_DriverIRQHandler
                0x00000262                DMA4_DriverIRQHandler
                0x00000262                UART2_RX_TX_DriverIRQHandler
                0x00000262                USBDCD_DriverIRQHandler
                0x00000262                UART3_ERR_DriverIRQHandler
                0x00000262                DMA3_DriverIRQHandler
                0x00000262                DMA8_DriverIRQHandler
                0x00000262                DMA9_DriverIRQHandler
                0x00000262                UART0_ERR_DriverIRQHandler
                0x00000262                CMT_DriverIRQHandler
                0x00000262                Reserved71_DriverIRQHandler
                0x00000262                ADC1_DriverIRQHandler
                0x00000262                PORTA_DriverIRQHandler
                0x00000262                DMA14_DriverIRQHandler
                0x00000262                PIT3_DriverIRQHandler
                0x00000262                PIT1_DriverIRQHandler
                0x00000262                WDOG_EWM_DriverIRQHandler
                0x00000262                PDB0_DriverIRQHandler
                0x00000262                RTC_DriverIRQHandler
                0x00000262                I2S0_Rx_DriverIRQHandler
                0x00000262                Read_Collision_DriverIRQHandler
                0x00000262                SWI_DriverIRQHandler
                0x00000262                UART4_RX_TX_DriverIRQHandler
                0x00000262                UART4_ERR_DriverIRQHandler
                0x00000262                PORTB_DriverIRQHandler
                0x00000262                UART0_LON_DriverIRQHandler
                0x00000262                DMA0_DriverIRQHandler
                0x00000262                DMA1_DriverIRQHandler
                0x00000262                I2C1_DriverIRQHandler
                0x00000262                UART3_RX_TX_DriverIRQHandler
                0x00000262                ENET_Receive_DriverIRQHandler
                0x00000262                DMA13_DriverIRQHandler
                0x00000262                ENET_Error_DriverIRQHandler
                0x00000262                DMA15_DriverIRQHandler
                0x00000262                UART0_RX_TX_DriverIRQHandler
                0x00000262                SPI0_DriverIRQHandler
                0x00000262                ADC0_DriverIRQHandler
                0x00000262                CMP0_DriverIRQHandler
                0x00000262                CAN0_DriverIRQHandler
                0x00000262                FTM3_DriverIRQHandler
                0x00000262                DMA5_DriverIRQHandler
                0x00000262                UART1_ERR_DriverIRQHandler
                0x00000262                DMA2_DriverIRQHandler
                0x00000262                ENET_Transmit_DriverIRQHandler
                0x00000262                PORTD_DriverIRQHandler
                0x00000262                PORTE_DriverIRQHandler
                0x00000262                FTFE_DriverIRQHandler
                0x00000262                I2C0_DriverIRQHandler
                0x00000262                DMA7_DriverIRQHandler
                0x00000262                UART1_RX_TX_DriverIRQHandler
                0x00000400                . = 0x400
 *fill*         0x00000264      0x19c ff
                0x00000400                PROVIDE (__FLASH_CONFIG_START__, .)
 *(.FlashConfig)
 .FlashConfig   0x00000400       0x10 ./startup/startup_mk64f12.o
                0x00000400                Flash_Config
                0x00000410                PROVIDE (__FLASH_CONFIG_END__, .)
                0x00000001                ASSERT (! ((__FLASH_CONFIG_START__ == __FLASH_CONFIG_END__)), Linker Flash Config Support Enabled, but no .FlashConfig section provided within application)
 *(.text*)
 .text.DMA0_IRQHandler
                0x00000410        0x8 ./startup/startup_mk64f12.o
                0x00000410                DMA0_IRQHandler
 .text.DMA1_IRQHandler
                0x00000418        0x8 ./startup/startup_mk64f12.o
                0x00000418                DMA1_IRQHandler
 .text.DMA2_IRQHandler
                0x00000420        0x8 ./startup/startup_mk64f12.o
                0x00000420                DMA2_IRQHandler
 .text.DMA3_IRQHandler
                0x00000428        0x8 ./startup/startup_mk64f12.o
                0x00000428                DMA3_IRQHandler
 .text.DMA4_IRQHandler
                0x00000430        0x8 ./startup/startup_mk64f12.o
                0x00000430                DMA4_IRQHandler
 .text.DMA5_IRQHandler
                0x00000438        0x8 ./startup/startup_mk64f12.o
                0x00000438                DMA5_IRQHandler
 .text.DMA6_IRQHandler
                0x00000440        0x8 ./startup/startup_mk64f12.o
                0x00000440                DMA6_IRQHandler
 .text.DMA7_IRQHandler
                0x00000448        0x8 ./startup/startup_mk64f12.o
                0x00000448                DMA7_IRQHandler
 .text.DMA8_IRQHandler
                0x00000450        0x8 ./startup/startup_mk64f12.o
                0x00000450                DMA8_IRQHandler
 .text.DMA9_IRQHandler
                0x00000458        0x8 ./startup/startup_mk64f12.o
                0x00000458                DMA9_IRQHandler
 .text.DMA10_IRQHandler
                0x00000460        0x8 ./startup/startup_mk64f12.o
                0x00000460                DMA10_IRQHandler
 .text.DMA11_IRQHandler
                0x00000468        0x8 ./startup/startup_mk64f12.o
                0x00000468                DMA11_IRQHandler
 .text.DMA12_IRQHandler
                0x00000470        0x8 ./startup/startup_mk64f12.o
                0x00000470                DMA12_IRQHandler
 .text.DMA13_IRQHandler
                0x00000478        0x8 ./startup/startup_mk64f12.o
                0x00000478                DMA13_IRQHandler
 .text.DMA14_IRQHandler
                0x00000480        0x8 ./startup/startup_mk64f12.o
                0x00000480                DMA14_IRQHandler
 .text.DMA15_IRQHandler
                0x00000488        0x8 ./startup/startup_mk64f12.o
                0x00000488                DMA15_IRQHandler
 .text.DMA_Error_IRQHandler
                0x00000490        0x8 ./startup/startup_mk64f12.o
                0x00000490                DMA_Error_IRQHandler
 .text.MCM_IRQHandler
                0x00000498        0x8 ./startup/startup_mk64f12.o
                0x00000498                MCM_IRQHandler
 .text.FTFE_IRQHandler
                0x000004a0        0x8 ./startup/startup_mk64f12.o
                0x000004a0                FTFE_IRQHandler
 .text.Read_Collision_IRQHandler
                0x000004a8        0x8 ./startup/startup_mk64f12.o
                0x000004a8                Read_Collision_IRQHandler
 .text.LVD_LVW_IRQHandler
                0x000004b0        0x8 ./startup/startup_mk64f12.o
                0x000004b0                LVD_LVW_IRQHandler
 .text.LLWU_IRQHandler
                0x000004b8        0x8 ./startup/startup_mk64f12.o
                0x000004b8                LLWU_IRQHandler
 .text.WDOG_EWM_IRQHandler
                0x000004c0        0x8 ./startup/startup_mk64f12.o
                0x000004c0                WDOG_EWM_IRQHandler
 .text.RNG_IRQHandler
                0x000004c8        0x8 ./startup/startup_mk64f12.o
                0x000004c8                RNG_IRQHandler
 .text.I2C0_IRQHandler
                0x000004d0        0x8 ./startup/startup_mk64f12.o
                0x000004d0                I2C0_IRQHandler
 .text.I2C1_IRQHandler
                0x000004d8        0x8 ./startup/startup_mk64f12.o
                0x000004d8                I2C1_IRQHandler
 .text.SPI0_IRQHandler
                0x000004e0        0x8 ./startup/startup_mk64f12.o
                0x000004e0                SPI0_IRQHandler
 .text.SPI1_IRQHandler
                0x000004e8        0x8 ./startup/startup_mk64f12.o
                0x000004e8                SPI1_IRQHandler
 .text.I2S0_Tx_IRQHandler
                0x000004f0        0x8 ./startup/startup_mk64f12.o
                0x000004f0                I2S0_Tx_IRQHandler
 .text.I2S0_Rx_IRQHandler
                0x000004f8        0x8 ./startup/startup_mk64f12.o
                0x000004f8                I2S0_Rx_IRQHandler
 .text.UART0_LON_IRQHandler
                0x00000500        0x8 ./startup/startup_mk64f12.o
                0x00000500                UART0_LON_IRQHandler
 .text.UART0_RX_TX_IRQHandler
                0x00000508        0x8 ./startup/startup_mk64f12.o
                0x00000508                UART0_RX_TX_IRQHandler
 .text.UART0_ERR_IRQHandler
                0x00000510        0x8 ./startup/startup_mk64f12.o
                0x00000510                UART0_ERR_IRQHandler
 .text.UART1_RX_TX_IRQHandler
                0x00000518        0x8 ./startup/startup_mk64f12.o
                0x00000518                UART1_RX_TX_IRQHandler
 .text.UART1_ERR_IRQHandler
                0x00000520        0x8 ./startup/startup_mk64f12.o
                0x00000520                UART1_ERR_IRQHandler
 .text.UART2_RX_TX_IRQHandler
                0x00000528        0x8 ./startup/startup_mk64f12.o
                0x00000528                UART2_RX_TX_IRQHandler
 .text.UART2_ERR_IRQHandler
                0x00000530        0x8 ./startup/startup_mk64f12.o
                0x00000530                UART2_ERR_IRQHandler
 .text.UART3_RX_TX_IRQHandler
                0x00000538        0x8 ./startup/startup_mk64f12.o
                0x00000538                UART3_RX_TX_IRQHandler
 .text.UART3_ERR_IRQHandler
                0x00000540        0x8 ./startup/startup_mk64f12.o
                0x00000540                UART3_ERR_IRQHandler
 .text.ADC0_IRQHandler
                0x00000548        0x8 ./startup/startup_mk64f12.o
                0x00000548                ADC0_IRQHandler
 .text.CMP0_IRQHandler
                0x00000550        0x8 ./startup/startup_mk64f12.o
                0x00000550                CMP0_IRQHandler
 .text.CMP1_IRQHandler
                0x00000558        0x8 ./startup/startup_mk64f12.o
                0x00000558                CMP1_IRQHandler
 .text.FTM1_IRQHandler
                0x00000560        0x8 ./startup/startup_mk64f12.o
                0x00000560                FTM1_IRQHandler
 .text.FTM2_IRQHandler
                0x00000568        0x8 ./startup/startup_mk64f12.o
                0x00000568                FTM2_IRQHandler
 .text.CMT_IRQHandler
                0x00000570        0x8 ./startup/startup_mk64f12.o
                0x00000570                CMT_IRQHandler
 .text.RTC_IRQHandler
                0x00000578        0x8 ./startup/startup_mk64f12.o
                0x00000578                RTC_IRQHandler
 .text.RTC_Seconds_IRQHandler
                0x00000580        0x8 ./startup/startup_mk64f12.o
                0x00000580                RTC_Seconds_IRQHandler
 .text.PIT0_IRQHandler
                0x00000588        0x8 ./startup/startup_mk64f12.o
                0x00000588                PIT0_IRQHandler
 .text.PIT1_IRQHandler
                0x00000590        0x8 ./startup/startup_mk64f12.o
                0x00000590                PIT1_IRQHandler
 .text.PIT2_IRQHandler
                0x00000598        0x8 ./startup/startup_mk64f12.o
                0x00000598                PIT2_IRQHandler
 .text.PIT3_IRQHandler
                0x000005a0        0x8 ./startup/startup_mk64f12.o
                0x000005a0                PIT3_IRQHandler
 .text.PDB0_IRQHandler
                0x000005a8        0x8 ./startup/startup_mk64f12.o
                0x000005a8                PDB0_IRQHandler
 .text.USB0_IRQHandler
                0x000005b0        0x8 ./startup/startup_mk64f12.o
                0x000005b0                USB0_IRQHandler
 .text.USBDCD_IRQHandler
                0x000005b8        0x8 ./startup/startup_mk64f12.o
                0x000005b8                USBDCD_IRQHandler
 .text.Reserved71_IRQHandler
                0x000005c0        0x8 ./startup/startup_mk64f12.o
                0x000005c0                Reserved71_IRQHandler
 .text.DAC0_IRQHandler
                0x000005c8        0x8 ./startup/startup_mk64f12.o
                0x000005c8                DAC0_IRQHandler
 .text.MCG_IRQHandler
                0x000005d0        0x8 ./startup/startup_mk64f12.o
                0x000005d0                MCG_IRQHandler
 .text.LPTMR0_IRQHandler
                0x000005d8        0x8 ./startup/startup_mk64f12.o
                0x000005d8                LPTMR0_IRQHandler
 .text.SWI_IRQHandler
                0x000005e0        0x8 ./startup/startup_mk64f12.o
                0x000005e0                SWI_IRQHandler
 .text.SPI2_IRQHandler
                0x000005e8        0x8 ./startup/startup_mk64f12.o
                0x000005e8                SPI2_IRQHandler
 .text.UART4_RX_TX_IRQHandler
                0x000005f0        0x8 ./startup/startup_mk64f12.o
                0x000005f0                UART4_RX_TX_IRQHandler
 .text.UART4_ERR_IRQHandler
                0x000005f8        0x8 ./startup/startup_mk64f12.o
                0x000005f8                UART4_ERR_IRQHandler
 .text.UART5_RX_TX_IRQHandler
                0x00000600        0x8 ./startup/startup_mk64f12.o
                0x00000600                UART5_RX_TX_IRQHandler
 .text.UART5_ERR_IRQHandler
                0x00000608        0x8 ./startup/startup_mk64f12.o
                0x00000608                UART5_ERR_IRQHandler
 .text.CMP2_IRQHandler
                0x00000610        0x8 ./startup/startup_mk64f12.o
                0x00000610                CMP2_IRQHandler
 .text.FTM3_IRQHandler
                0x00000618        0x8 ./startup/startup_mk64f12.o
                0x00000618                FTM3_IRQHandler
 .text.DAC1_IRQHandler
                0x00000620        0x8 ./startup/startup_mk64f12.o
                0x00000620                DAC1_IRQHandler
 .text.ADC1_IRQHandler
                0x00000628        0x8 ./startup/startup_mk64f12.o
                0x00000628                ADC1_IRQHandler
 .text.I2C2_IRQHandler
                0x00000630        0x8 ./startup/startup_mk64f12.o
                0x00000630                I2C2_IRQHandler
 .text.CAN0_ORed_Message_buffer_IRQHandler
                0x00000638        0x8 ./startup/startup_mk64f12.o
                0x00000638                CAN0_ORed_Message_buffer_IRQHandler
 .text.CAN0_Bus_Off_IRQHandler
                0x00000640        0x8 ./startup/startup_mk64f12.o
                0x00000640                CAN0_Bus_Off_IRQHandler
 .text.CAN0_Error_IRQHandler
                0x00000648        0x8 ./startup/startup_mk64f12.o
                0x00000648                CAN0_Error_IRQHandler
 .text.CAN0_Tx_Warning_IRQHandler
                0x00000650        0x8 ./startup/startup_mk64f12.o
                0x00000650                CAN0_Tx_Warning_IRQHandler
 .text.CAN0_Rx_Warning_IRQHandler
                0x00000658        0x8 ./startup/startup_mk64f12.o
                0x00000658                CAN0_Rx_Warning_IRQHandler
 .text.CAN0_Wake_Up_IRQHandler
                0x00000660        0x8 ./startup/startup_mk64f12.o
                0x00000660                CAN0_Wake_Up_IRQHandler
 .text.SDHC_IRQHandler
                0x00000668        0x8 ./startup/startup_mk64f12.o
                0x00000668                SDHC_IRQHandler
 .text.ENET_1588_Timer_IRQHandler
                0x00000670        0x8 ./startup/startup_mk64f12.o
                0x00000670                ENET_1588_Timer_IRQHandler
 .text.ENET_Transmit_IRQHandler
                0x00000678        0x8 ./startup/startup_mk64f12.o
                0x00000678                ENET_Transmit_IRQHandler
 .text.ENET_Receive_IRQHandler
                0x00000680        0x8 ./startup/startup_mk64f12.o
                0x00000680                ENET_Receive_IRQHandler
 .text.ENET_Error_IRQHandler
                0x00000688        0x8 ./startup/startup_mk64f12.o
                0x00000688                ENET_Error_IRQHandler
 .text.NVIC_EnableIRQ
                0x00000690       0x34 ./source/FTM.o
 .text.FTM0_IRQHandler
                0x000006c4       0x1c ./source/FTM.o
                0x000006c4                FTM0_IRQHandler
 .text.PWM_ISR  0x000006e0       0x14 ./source/FTM.o
                0x000006e0                PWM_ISR
 .text.FTM_Init
                0x000006f4      0x110 ./source/FTM.o
                0x000006f4                FTM_Init
 .text.PWM_Init
                0x00000804       0xb8 ./source/FTM.o
                0x00000804                PWM_Init
 .text.FTM_SetPrescaler
                0x000008bc       0x2c ./source/FTM.o
                0x000008bc                FTM_SetPrescaler
 .text.FTM_SetModulus
                0x000008e8       0x2a ./source/FTM.o
                0x000008e8                FTM_SetModulus
 .text.FTM_StartClock
                0x00000912       0x20 ./source/FTM.o
                0x00000912                FTM_StartClock
 .text.FTM_SetOverflowMode
                0x00000932       0x2e ./source/FTM.o
                0x00000932                FTM_SetOverflowMode
 .text.FTM_ClearOverflowFlag
                0x00000960       0x20 ./source/FTM.o
                0x00000960                FTM_ClearOverflowFlag
 .text.FTM_SetWorkingMode
                0x00000980       0x4e ./source/FTM.o
                0x00000980                FTM_SetWorkingMode
 .text.FTM_SetPulseWidthModulationLogic
                0x000009ce       0x4e ./source/FTM.o
                0x000009ce                FTM_SetPulseWidthModulationLogic
 .text.FTM_SetCounter
                0x00000a1c       0x28 ./source/FTM.o
                0x00000a1c                FTM_SetCounter
 .text.set_DutyPWM
                0x00000a44       0x50 ./source/FTM.o
                0x00000a44                set_DutyPWM
 .text.NVIC_EnableIRQ
                0x00000a94       0x34 ./source/PORT.o
 .text.PORT_Init
                0x00000ac8       0xd4 ./source/PORT.o
                0x00000ac8                PORT_Init
 .text.PORT_ClearPortFlags
                0x00000b9c       0x1e ./source/PORT.o
                0x00000b9c                PORT_ClearPortFlags
 *fill*         0x00000bba        0x2 ff
 .text.PORTA_IRQHandler
                0x00000bbc       0x50 ./source/gpio.o
                0x00000bbc                PORTA_IRQHandler
 .text.PORTB_IRQHandler
                0x00000c0c       0x54 ./source/gpio.o
                0x00000c0c                PORTB_IRQHandler
 .text.PORTC_IRQHandler
                0x00000c60       0x54 ./source/gpio.o
                0x00000c60                PORTC_IRQHandler
 .text.PORTD_IRQHandler
                0x00000cb4       0x54 ./source/gpio.o
                0x00000cb4                PORTD_IRQHandler
 .text.PORTE_IRQHandler
                0x00000d08       0x54 ./source/gpio.o
                0x00000d08                PORTE_IRQHandler
 .text.PORT_ClearInterruptFlag
                0x00000d5c       0x4c ./source/gpio.o
 .text.hw_Init  0x00000da8       0xf4 ./source/hardware.o
                0x00000da8                hw_Init
 .text.main     0x00000e9c       0x18 ./source/main.o
                0x00000e9c                main
 .text.SystemInit
                0x00000eb4       0x40 ./CMSIS/system_MK64F12.o
                0x00000eb4                SystemInit
 .text.__main   0x00000ef4        0xe c:/nxp/mcuxpressoide_10.2.0_759/ide/tools/bin/../lib/gcc/arm-none-eabi/7.2.1/../../../../arm-none-eabi/lib/thumb/v7e-m/fpv4-sp/hard\libcr_nohost_nf.a(_cr__main.o)
                0x00000ef4                __main
 *fill*         0x00000f02        0x2 ff
 .text._initio  0x00000f04       0x78 c:/nxp/mcuxpressoide_10.2.0_759/ide/tools/bin/../lib/gcc/arm-none-eabi/7.2.1/../../../../arm-none-eabi/lib/thumb/v7e-m/fpv4-sp/hard\libcr_c.a(initio.o)
                0x00000f04                _initio
 .text.setvbuf  0x00000f7c       0x40 c:/nxp/mcuxpressoide_10.2.0_759/ide/tools/bin/../lib/gcc/arm-none-eabi/7.2.1/../../../../arm-none-eabi/lib/thumb/v7e-m/fpv4-sp/hard\libcr_c.a(setvbuf.o)
                0x00000f7c                setvbuf
 .text._fdopen  0x00000fbc       0x68 c:/nxp/mcuxpressoide_10.2.0_759/ide/tools/bin/../lib/gcc/arm-none-eabi/7.2.1/../../../../arm-none-eabi/lib/thumb/v7e-m/fpv4-sp/hard\libcr_c.a(_fdopen.o)
                0x00000fbc                _fdopen
 .text.fclose   0x00001024       0x58 c:/nxp/mcuxpressoide_10.2.0_759/ide/tools/bin/../lib/gcc/arm-none-eabi/7.2.1/../../../../arm-none-eabi/lib/thumb/v7e-m/fpv4-sp/hard\libcr_c.a(fclose.o)
                0x00001024                fclose
 .text.fflush   0x0000107c       0x44 c:/nxp/mcuxpressoide_10.2.0_759/ide/tools/bin/../lib/gcc/arm-none-eabi/7.2.1/../../../../arm-none-eabi/lib/thumb/v7e-m/fpv4-sp/hard\libcr_c.a(fflush.o)
                0x0000107c                fflush
 .text.fseek    0x000010c0      0x100 c:/nxp/mcuxpressoide_10.2.0_759/ide/tools/bin/../lib/gcc/arm-none-eabi/7.2.1/../../../../arm-none-eabi/lib/thumb/v7e-m/fpv4-sp/hard\libcr_c.a(fseek.o)
                0x000010c0                fseek
 .text.ftell    0x000011c0       0x44 c:/nxp/mcuxpressoide_10.2.0_759/ide/tools/bin/../lib/gcc/arm-none-eabi/7.2.1/../../../../arm-none-eabi/lib/thumb/v7e-m/fpv4-sp/hard\libcr_c.a(ftell.o)
                0x000011c0                ftell
 .text.remove   0x00001204       0x14 c:/nxp/mcuxpressoide_10.2.0_759/ide/tools/bin/../lib/gcc/arm-none-eabi/7.2.1/../../../../arm-none-eabi/lib/thumb/v7e-m/fpv4-sp/hard\libcr_c.a(remove.o)
                0x00001204                remove
 .text.strlen   0x00001218       0x4a c:/nxp/mcuxpressoide_10.2.0_759/ide/tools/bin/../lib/gcc/arm-none-eabi/7.2.1/../../../../arm-none-eabi/lib/thumb/v7e-m/fpv4-sp/hard\libcr_c.a(strlen.o)
                0x00001218                strlen
 .text.memset   0x00001262        0x4 c:/nxp/mcuxpressoide_10.2.0_759/ide/tools/bin/../lib/gcc/arm-none-eabi/7.2.1/../../../../arm-none-eabi/lib/thumb/v7e-m/fpv4-sp/hard\libcr_c.a(memset.o)
                0x00001262                memset
 .text._do_fflush
                0x00001266       0x40 c:/nxp/mcuxpressoide_10.2.0_759/ide/tools/bin/../lib/gcc/arm-none-eabi/7.2.1/../../../../arm-none-eabi/lib/thumb/v7e-m/fpv4-sp/hard\libcr_c.a(_do_fflush.o)
                0x00001266                _do_fflush
 .text._fflush  0x000012a6       0x52 c:/nxp/mcuxpressoide_10.2.0_759/ide/tools/bin/../lib/gcc/arm-none-eabi/7.2.1/../../../../arm-none-eabi/lib/thumb/v7e-m/fpv4-sp/hard\libcr_c.a(_fflush.o)
                0x000012a6                _fflush
 .text._Cwritebuf
                0x000012f8       0x6c c:/nxp/mcuxpressoide_10.2.0_759/ide/tools/bin/../lib/gcc/arm-none-eabi/7.2.1/../../../../arm-none-eabi/lib/thumb/v7e-m/fpv4-sp/hard\libcr_c.a(_writebuf.o)
                0x000012f8                _Cwritebuf
 .text.free     0x00001364       0x30 c:/nxp/mcuxpressoide_10.2.0_759/ide/tools/bin/../lib/gcc/arm-none-eabi/7.2.1/../../../../arm-none-eabi/lib/thumb/v7e-m/fpv4-sp/hard\libcr_c.a(alloc.o)
                0x00001364                free
 .text._deferredlazyseek
                0x00001394       0x40 c:/nxp/mcuxpressoide_10.2.0_759/ide/tools/bin/../lib/gcc/arm-none-eabi/7.2.1/../../../../arm-none-eabi/lib/thumb/v7e-m/fpv4-sp/hard\libcr_c.a(_deferredlazyseek.o)
                0x00001394                _deferredlazyseek
 .text.__aeabi_memset_lowlevel
                0x000013d4       0x32 c:/nxp/mcuxpressoide_10.2.0_759/ide/tools/bin/../lib/gcc/arm-none-eabi/7.2.1/thumb/v7e-m/fpv4-sp/hard\libcr_eabihelpers.a(memcpy.o)
                0x000013d4                __aeabi_lowlevel_memset
 .text.__sys_close
                0x00001406        0x6 c:/nxp/mcuxpressoide_10.2.0_759/ide/tools/bin/../lib/gcc/arm-none-eabi/7.2.1/../../../../arm-none-eabi/lib/thumb/v7e-m/fpv4-sp/hard\libcr_nohost_nf.a(__sys_close.o)
                0x00001406                __sys_close
 .text.__sys_flen
                0x0000140c        0x6 c:/nxp/mcuxpressoide_10.2.0_759/ide/tools/bin/../lib/gcc/arm-none-eabi/7.2.1/../../../../arm-none-eabi/lib/thumb/v7e-m/fpv4-sp/hard\libcr_nohost_nf.a(__sys_flen.o)
                0x0000140c                __sys_flen
 .text.__sys_istty
                0x00001412        0x6 c:/nxp/mcuxpressoide_10.2.0_759/ide/tools/bin/../lib/gcc/arm-none-eabi/7.2.1/../../../../arm-none-eabi/lib/thumb/v7e-m/fpv4-sp/hard\libcr_nohost_nf.a(__sys_istty.o)
                0x00001412                __sys_istty
 .text.__sys_remove
                0x00001418        0x6 c:/nxp/mcuxpressoide_10.2.0_759/ide/tools/bin/../lib/gcc/arm-none-eabi/7.2.1/../../../../arm-none-eabi/lib/thumb/v7e-m/fpv4-sp/hard\libcr_nohost_nf.a(__sys_remove.o)
                0x00001418                __sys_remove
 .text.__sys_seek
                0x0000141e        0x6 c:/nxp/mcuxpressoide_10.2.0_759/ide/tools/bin/../lib/gcc/arm-none-eabi/7.2.1/../../../../arm-none-eabi/lib/thumb/v7e-m/fpv4-sp/hard\libcr_nohost_nf.a(__sys_seek.o)
                0x0000141e                __sys_seek
 .text.__sys_tmpnam
                0x00001424        0x6 c:/nxp/mcuxpressoide_10.2.0_759/ide/tools/bin/../lib/gcc/arm-none-eabi/7.2.1/../../../../arm-none-eabi/lib/thumb/v7e-m/fpv4-sp/hard\libcr_nohost_nf.a(__sys_tmpnam.o)
                0x00001424                __sys_tmpnam
 .text.__sys_write
                0x0000142a        0x4 c:/nxp/mcuxpressoide_10.2.0_759/ide/tools/bin/../lib/gcc/arm-none-eabi/7.2.1/../../../../arm-none-eabi/lib/thumb/v7e-m/fpv4-sp/hard\libcr_nohost_nf.a(__sys_write.o)
                0x0000142a                __sys_write
 *(.rodata .rodata.* .constdata .constdata.*)
 *fill*         0x0000142e        0x2 ff
 .rodata        0x00001430       0x14 ./source/gpio.o
 .rodata._initio.str1.1
                0x00001444        0x4 c:/nxp/mcuxpressoide_10.2.0_759/ide/tools/bin/../lib/gcc/arm-none-eabi/7.2.1/../../../../arm-none-eabi/lib/thumb/v7e-m/fpv4-sp/hard\libcr_c.a(initio.o)
 .rodata.__num_Ciob_streams
                0x00001448        0x4 c:/nxp/mcuxpressoide_10.2.0_759/ide/tools/bin/../lib/gcc/arm-none-eabi/7.2.1/../../../../arm-none-eabi/lib/thumb/v7e-m/fpv4-sp/hard\libcr_nohost_nf.a(__ciob.o)
                0x00001448                __num_Ciob_streams
                0x00001450                . = ALIGN (0x8)
 *fill*         0x0000144c        0x4 ff

.glue_7         0x00001450        0x0
 .glue_7        0x00001450        0x0 linker stubs

.glue_7t        0x00001450        0x0
 .glue_7t       0x00001450        0x0 linker stubs

.vfp11_veneer   0x00001450        0x0
 .vfp11_veneer  0x00001450        0x0 linker stubs

.v4_bx          0x00001450        0x0
 .v4_bx         0x00001450        0x0 linker stubs

.iplt           0x00001450        0x0
 .iplt          0x00001450        0x0 ./startup/startup_mk64f12.o

.rel.dyn        0x00001450        0x0
 .rel.iplt      0x00001450        0x0 ./startup/startup_mk64f12.o

.ARM.extab
 *(.ARM.extab* .gnu.linkonce.armextab.*)
                0x00001450                __exidx_start = .

.ARM.exidx
 *(.ARM.exidx* .gnu.linkonce.armexidx.*)
                0x00001450                __exidx_end = .
                0x00001450                _etext = .

.m_usb_data
 *(m_usb_bdt)

.data_RAM2      0x1fff0000        0x0 load address 0x00001450
 FILL mask 0xff
                [!provide]                PROVIDE (__start_data_RAM2, .)
 *(.ramfunc.$RAM2)
 *(.ramfunc.$SRAM_LOWER)
 *(.data.$RAM2*)
 *(.data.$SRAM_LOWER*)
                0x1fff0000                . = ALIGN (0x8)
                [!provide]                PROVIDE (__end_data_RAM2, .)

.data_RAM3      0x14000000        0x0 load address 0x00001450
 FILL mask 0xff
                [!provide]                PROVIDE (__start_data_RAM3, .)
 *(.ramfunc.$RAM3)
 *(.ramfunc.$FLEX_RAM)
 *(.data.$RAM3*)
 *(.data.$FLEX_RAM*)
                0x14000000                . = ALIGN (0x8)
                [!provide]                PROVIDE (__end_data_RAM3, .)

.uninit_RESERVED
                0x20000000        0x0
 *(.bss.$RESERVED*)
                0x20000000                . = ALIGN (0x4)
                0x20000000                _end_uninit_RESERVED = .

.data           0x20000000        0x8 load address 0x00001450
 FILL mask 0xff
                0x20000000                _data = .
 *(vtable)
 *(.ramfunc*)
 *(.data*)
 .data.PWM_modulus
                0x20000000        0x2 ./source/FTM.o
                0x20000000                PWM_modulus
 .data.PWM_duty
                0x20000002        0x2 ./source/FTM.o
                0x20000002                PWM_duty
                0x20000008                . = ALIGN (0x8)
 *fill*         0x20000004        0x4 ff
                0x20000008                _edata = .

.igot.plt       0x20000008        0x0 load address 0x00001458
 .igot.plt      0x20000008        0x0 ./startup/startup_mk64f12.o

.bss_RAM2       0x1fff0000        0x0
                [!provide]                PROVIDE (__start_bss_RAM2, .)
 *(.bss.$RAM2*)
 *(.bss.$SRAM_LOWER*)
                0x1fff0000                . = ALIGN ((. != 0x0)?0x8:0x1)
                [!provide]                PROVIDE (__end_bss_RAM2, .)

.bss_RAM3       0x14000000        0x0
                [!provide]                PROVIDE (__start_bss_RAM3, .)
 *(.bss.$RAM3*)
 *(.bss.$FLEX_RAM*)
                0x14000000                . = ALIGN ((. != 0x0)?0x8:0x1)
                [!provide]                PROVIDE (__end_bss_RAM3, .)

.bss            0x20000008      0x350
                0x20000008                _bss = .
 *(.bss*)
 .bss.pin_ports_activated
                0x20000008       0x14 ./source/gpio.o
 .bss.callbacks
                0x2000001c      0x280 ./source/gpio.o
 .bss.errno     0x2000029c        0x4 c:/nxp/mcuxpressoide_10.2.0_759/ide/tools/bin/../lib/gcc/arm-none-eabi/7.2.1/../../../../arm-none-eabi/lib/thumb/v7e-m/fpv4-sp/hard\libcr_c.a(errno.o)
                0x2000029c                errno
 .bss.__Ciob    0x200002a0       0xb4 c:/nxp/mcuxpressoide_10.2.0_759/ide/tools/bin/../lib/gcc/arm-none-eabi/7.2.1/../../../../arm-none-eabi/lib/thumb/v7e-m/fpv4-sp/hard\libcr_nohost_nf.a(__ciob.o)
                0x200002a0                __Ciob
 *(COMMON)
                0x20000358                . = ALIGN (0x8)
 *fill*         0x20000354        0x4 
                0x20000358                _ebss = .
                [!provide]                PROVIDE (end, .)

.noinit_RAM2    0x1fff0000        0x0
 *(.noinit.$RAM2*)
 *(.noinit.$SRAM_LOWER*)
                0x1fff0000                . = ALIGN (0x8)

.noinit_RAM3    0x14000000        0x0
 *(.noinit.$RAM3*)
 *(.noinit.$FLEX_RAM*)
                0x14000000                . = ALIGN (0x8)

.noinit         0x20000358        0x0
                0x20000358                _noinit = .
 *(.noinit*)
                0x20000358                . = ALIGN (0x8)
                0x20000358                _end_noinit = .
                0x00001000                _HeapSize = 0x1000

.heap           0x20000358     0x1000
                0x20000358                _pvHeapStart = .
                0x20001358                . = (. + _HeapSize)
 *fill*         0x20000358     0x1000 
                0x20001358                . = ALIGN (0x8)
                0x20001358                _pvHeapLimit = .
                0x00001000                _StackSize = 0x1000

.heap2stackfill
                0x20001358     0x1000
                0x20002358                . = (. + _StackSize)
 *fill*         0x20001358     0x1000 

.stack          0x2002f000        0x0
                0x2002f000                _vStackBase = .
                0x2002f000                . = ALIGN (0x8)
                0x20030000                _vStackTop = (. + _StackSize)
                0x00000000                _image_start = LOADADDR (.text)
                0x00001458                _image_end = (LOADADDR (.data) + SIZEOF (.data))
                0x00001458                _image_size = (_image_end - _image_start)
OUTPUT(FTM_PWM.axf elf32-littlearm)

.debug_info     0x00000000     0x3e5a
 .debug_info    0x00000000      0x8b0 ./startup/startup_mk64f12.o
 .debug_info    0x000008b0      0xf06 ./source/FTM.o
 .debug_info    0x000017b6      0xc8b ./source/PORT.o
 .debug_info    0x00002441      0xad0 ./source/gpio.o
 .debug_info    0x00002f11      0x6aa ./source/hardware.o
 .debug_info    0x000035bb      0x280 ./source/main.o
 .debug_info    0x0000383b      0x61f ./CMSIS/system_MK64F12.o

.debug_abbrev   0x00000000      0xb6f
 .debug_abbrev  0x00000000      0x15c ./startup/startup_mk64f12.o
 .debug_abbrev  0x0000015c      0x1f8 ./source/FTM.o
 .debug_abbrev  0x00000354      0x222 ./source/PORT.o
 .debug_abbrev  0x00000576      0x27e ./source/gpio.o
 .debug_abbrev  0x000007f4      0x14d ./source/hardware.o
 .debug_abbrev  0x00000941       0xf2 ./source/main.o
 .debug_abbrev  0x00000a33      0x13c ./CMSIS/system_MK64F12.o

.debug_aranges  0x00000000      0x5a8
 .debug_aranges
                0x00000000      0x330 ./startup/startup_mk64f12.o
 .debug_aranges
                0x00000330       0xf0 ./source/FTM.o
 .debug_aranges
                0x00000420       0x98 ./source/PORT.o
 .debug_aranges
                0x000004b8       0x78 ./source/gpio.o
 .debug_aranges
                0x00000530       0x30 ./source/hardware.o
 .debug_aranges
                0x00000560       0x20 ./source/main.o
 .debug_aranges
                0x00000580       0x28 ./CMSIS/system_MK64F12.o

.debug_ranges   0x00000000      0x538
 .debug_ranges  0x00000000      0x320 ./startup/startup_mk64f12.o
 .debug_ranges  0x00000320       0xe0 ./source/FTM.o
 .debug_ranges  0x00000400       0x88 ./source/PORT.o
 .debug_ranges  0x00000488       0x68 ./source/gpio.o
 .debug_ranges  0x000004f0       0x20 ./source/hardware.o
 .debug_ranges  0x00000510       0x10 ./source/main.o
 .debug_ranges  0x00000520       0x18 ./CMSIS/system_MK64F12.o

.debug_macro    0x00000000    0x119ef
 .debug_macro   0x00000000       0x29 ./startup/startup_mk64f12.o
 .debug_macro   0x00000029      0xa7e ./startup/startup_mk64f12.o
 .debug_macro   0x00000aa7       0xdd ./source/FTM.o
 .debug_macro   0x00000b84       0x10 ./source/FTM.o
 .debug_macro   0x00000b94      0x12d ./source/FTM.o
 .debug_macro   0x00000cc1      0x5b2 ./source/FTM.o
 .debug_macro   0x00001273       0x22 ./source/FTM.o
 .debug_macro   0x00001295       0x10 ./source/FTM.o
 .debug_macro   0x000012a5       0x5b ./source/FTM.o
 .debug_macro   0x00001300       0x3b ./source/FTM.o
 .debug_macro   0x0000133b       0x50 ./source/FTM.o
 .debug_macro   0x0000138b      0xd40 ./source/FTM.o
 .debug_macro   0x000020cb       0x44 ./source/FTM.o
 .debug_macro   0x0000210f     0xe07b ./source/FTM.o
 .debug_macro   0x0001018a     0x13c7 ./source/FTM.o
 .debug_macro   0x00011551       0x16 ./source/FTM.o
 .debug_macro   0x00011567       0x34 ./source/FTM.o
 .debug_macro   0x0001159b       0x40 ./source/FTM.o
 .debug_macro   0x000115db       0xc5 ./source/PORT.o
 .debug_macro   0x000116a0       0xb7 ./source/gpio.o
 .debug_macro   0x00011757       0x3a ./source/gpio.o
 .debug_macro   0x00011791       0xbb ./source/hardware.o
 .debug_macro   0x0001184c       0xca ./source/main.o
 .debug_macro   0x00011916       0x3a ./source/main.o
 .debug_macro   0x00011950       0x9f ./CMSIS/system_MK64F12.o

.debug_line     0x00000000     0x17f7
 .debug_line    0x00000000      0x6d4 ./startup/startup_mk64f12.o
 .debug_line    0x000006d4      0x446 ./source/FTM.o
 .debug_line    0x00000b1a      0x34f ./source/PORT.o
 .debug_line    0x00000e69      0x32b ./source/gpio.o
 .debug_line    0x00001194      0x252 ./source/hardware.o
 .debug_line    0x000013e6      0x205 ./source/main.o
 .debug_line    0x000015eb      0x20c ./CMSIS/system_MK64F12.o

.debug_str      0x00000000    0x78f34
 .debug_str     0x00000000     0x359b ./startup/startup_mk64f12.o
                               0x35f3 (size before relaxing)
 .debug_str     0x0000359b    0x752bb ./source/FTM.o
                              0x78105 (size before relaxing)
 .debug_str     0x00078856      0x2e1 ./source/PORT.o
                              0x77e8e (size before relaxing)
 .debug_str     0x00078b37      0x22e ./source/gpio.o
                              0x70bab (size before relaxing)
 .debug_str     0x00078d65      0x16a ./source/hardware.o
                              0x7778a (size before relaxing)
 .debug_str     0x00078ecf       0x16 ./source/main.o
                              0x77669 (size before relaxing)
 .debug_str     0x00078ee5       0x4f ./CMSIS/system_MK64F12.o
                              0x7768b (size before relaxing)

.comment        0x00000000       0x7e
 .comment       0x00000000       0x7e ./startup/startup_mk64f12.o
                                 0x7f (size before relaxing)
 .comment       0x0000007e       0x7f ./source/FTM.o
 .comment       0x0000007e       0x7f ./source/PORT.o
 .comment       0x0000007e       0x7f ./source/gpio.o
 .comment       0x0000007e       0x7f ./source/hardware.o
 .comment       0x0000007e       0x7f ./source/main.o
 .comment       0x0000007e       0x7f ./CMSIS/system_MK64F12.o
 .comment       0x0000007e       0x7f c:/nxp/mcuxpressoide_10.2.0_759/ide/tools/bin/../lib/gcc/arm-none-eabi/7.2.1/../../../../arm-none-eabi/lib/thumb/v7e-m/fpv4-sp/hard\libcr_nohost_nf.a(_cr__main.o)
 .comment       0x0000007e       0x7f c:/nxp/mcuxpressoide_10.2.0_759/ide/tools/bin/../lib/gcc/arm-none-eabi/7.2.1/../../../../arm-none-eabi/lib/thumb/v7e-m/fpv4-sp/hard\libcr_c.a(initio.o)
 .comment       0x0000007e       0x7f c:/nxp/mcuxpressoide_10.2.0_759/ide/tools/bin/../lib/gcc/arm-none-eabi/7.2.1/../../../../arm-none-eabi/lib/thumb/v7e-m/fpv4-sp/hard\libcr_c.a(setvbuf.o)
 .comment       0x0000007e       0x7f c:/nxp/mcuxpressoide_10.2.0_759/ide/tools/bin/../lib/gcc/arm-none-eabi/7.2.1/../../../../arm-none-eabi/lib/thumb/v7e-m/fpv4-sp/hard\libcr_c.a(_fdopen.o)
 .comment       0x0000007e       0x7f c:/nxp/mcuxpressoide_10.2.0_759/ide/tools/bin/../lib/gcc/arm-none-eabi/7.2.1/../../../../arm-none-eabi/lib/thumb/v7e-m/fpv4-sp/hard\libcr_c.a(fclose.o)
 .comment       0x0000007e       0x7f c:/nxp/mcuxpressoide_10.2.0_759/ide/tools/bin/../lib/gcc/arm-none-eabi/7.2.1/../../../../arm-none-eabi/lib/thumb/v7e-m/fpv4-sp/hard\libcr_c.a(fflush.o)
 .comment       0x0000007e       0x7f c:/nxp/mcuxpressoide_10.2.0_759/ide/tools/bin/../lib/gcc/arm-none-eabi/7.2.1/../../../../arm-none-eabi/lib/thumb/v7e-m/fpv4-sp/hard\libcr_c.a(fseek.o)
 .comment       0x0000007e       0x7f c:/nxp/mcuxpressoide_10.2.0_759/ide/tools/bin/../lib/gcc/arm-none-eabi/7.2.1/../../../../arm-none-eabi/lib/thumb/v7e-m/fpv4-sp/hard\libcr_c.a(ftell.o)
 .comment       0x0000007e       0x7f c:/nxp/mcuxpressoide_10.2.0_759/ide/tools/bin/../lib/gcc/arm-none-eabi/7.2.1/../../../../arm-none-eabi/lib/thumb/v7e-m/fpv4-sp/hard\libcr_c.a(remove.o)
 .comment       0x0000007e       0x7f c:/nxp/mcuxpressoide_10.2.0_759/ide/tools/bin/../lib/gcc/arm-none-eabi/7.2.1/../../../../arm-none-eabi/lib/thumb/v7e-m/fpv4-sp/hard\libcr_c.a(strlen.o)
 .comment       0x0000007e       0x7f c:/nxp/mcuxpressoide_10.2.0_759/ide/tools/bin/../lib/gcc/arm-none-eabi/7.2.1/../../../../arm-none-eabi/lib/thumb/v7e-m/fpv4-sp/hard\libcr_c.a(memset.o)
 .comment       0x0000007e       0x7f c:/nxp/mcuxpressoide_10.2.0_759/ide/tools/bin/../lib/gcc/arm-none-eabi/7.2.1/../../../../arm-none-eabi/lib/thumb/v7e-m/fpv4-sp/hard\libcr_c.a(_do_fflush.o)
 .comment       0x0000007e       0x7f c:/nxp/mcuxpressoide_10.2.0_759/ide/tools/bin/../lib/gcc/arm-none-eabi/7.2.1/../../../../arm-none-eabi/lib/thumb/v7e-m/fpv4-sp/hard\libcr_c.a(_fflush.o)
 .comment       0x0000007e       0x7f c:/nxp/mcuxpressoide_10.2.0_759/ide/tools/bin/../lib/gcc/arm-none-eabi/7.2.1/../../../../arm-none-eabi/lib/thumb/v7e-m/fpv4-sp/hard\libcr_c.a(_writebuf.o)
 .comment       0x0000007e       0x7f c:/nxp/mcuxpressoide_10.2.0_759/ide/tools/bin/../lib/gcc/arm-none-eabi/7.2.1/../../../../arm-none-eabi/lib/thumb/v7e-m/fpv4-sp/hard\libcr_c.a(alloc.o)
 .comment       0x0000007e       0x7f c:/nxp/mcuxpressoide_10.2.0_759/ide/tools/bin/../lib/gcc/arm-none-eabi/7.2.1/../../../../arm-none-eabi/lib/thumb/v7e-m/fpv4-sp/hard\libcr_c.a(errno.o)
 .comment       0x0000007e       0x7f c:/nxp/mcuxpressoide_10.2.0_759/ide/tools/bin/../lib/gcc/arm-none-eabi/7.2.1/../../../../arm-none-eabi/lib/thumb/v7e-m/fpv4-sp/hard\libcr_c.a(_deferredlazyseek.o)
 .comment       0x0000007e       0x7f c:/nxp/mcuxpressoide_10.2.0_759/ide/tools/bin/../lib/gcc/arm-none-eabi/7.2.1/../../../../arm-none-eabi/lib/thumb/v7e-m/fpv4-sp/hard\libcr_nohost_nf.a(__ciob.o)
 .comment       0x0000007e       0x7f c:/nxp/mcuxpressoide_10.2.0_759/ide/tools/bin/../lib/gcc/arm-none-eabi/7.2.1/../../../../arm-none-eabi/lib/thumb/v7e-m/fpv4-sp/hard\libcr_nohost_nf.a(__sys_close.o)
 .comment       0x0000007e       0x7f c:/nxp/mcuxpressoide_10.2.0_759/ide/tools/bin/../lib/gcc/arm-none-eabi/7.2.1/../../../../arm-none-eabi/lib/thumb/v7e-m/fpv4-sp/hard\libcr_nohost_nf.a(__sys_flen.o)
 .comment       0x0000007e       0x7f c:/nxp/mcuxpressoide_10.2.0_759/ide/tools/bin/../lib/gcc/arm-none-eabi/7.2.1/../../../../arm-none-eabi/lib/thumb/v7e-m/fpv4-sp/hard\libcr_nohost_nf.a(__sys_istty.o)
 .comment       0x0000007e       0x7f c:/nxp/mcuxpressoide_10.2.0_759/ide/tools/bin/../lib/gcc/arm-none-eabi/7.2.1/../../../../arm-none-eabi/lib/thumb/v7e-m/fpv4-sp/hard\libcr_nohost_nf.a(__sys_remove.o)
 .comment       0x0000007e       0x7f c:/nxp/mcuxpressoide_10.2.0_759/ide/tools/bin/../lib/gcc/arm-none-eabi/7.2.1/../../../../arm-none-eabi/lib/thumb/v7e-m/fpv4-sp/hard\libcr_nohost_nf.a(__sys_seek.o)
 .comment       0x0000007e       0x7f c:/nxp/mcuxpressoide_10.2.0_759/ide/tools/bin/../lib/gcc/arm-none-eabi/7.2.1/../../../../arm-none-eabi/lib/thumb/v7e-m/fpv4-sp/hard\libcr_nohost_nf.a(__sys_tmpnam.o)
 .comment       0x0000007e       0x7f c:/nxp/mcuxpressoide_10.2.0_759/ide/tools/bin/../lib/gcc/arm-none-eabi/7.2.1/../../../../arm-none-eabi/lib/thumb/v7e-m/fpv4-sp/hard\libcr_nohost_nf.a(__sys_write.o)

.ARM.attributes
                0x00000000       0x37
 .ARM.attributes
                0x00000000       0x39 ./startup/startup_mk64f12.o
 .ARM.attributes
                0x00000039       0x39 ./source/FTM.o
 .ARM.attributes
                0x00000072       0x39 ./source/PORT.o
 .ARM.attributes
                0x000000ab       0x39 ./source/gpio.o
 .ARM.attributes
                0x000000e4       0x39 ./source/hardware.o
 .ARM.attributes
                0x0000011d       0x39 ./source/main.o
 .ARM.attributes
                0x00000156       0x39 ./CMSIS/system_MK64F12.o
 .ARM.attributes
                0x0000018f       0x39 c:/nxp/mcuxpressoide_10.2.0_759/ide/tools/bin/../lib/gcc/arm-none-eabi/7.2.1/../../../../arm-none-eabi/lib/thumb/v7e-m/fpv4-sp/hard\libcr_nohost_nf.a(_cr__main.o)
 .ARM.attributes
                0x000001c8       0x39 c:/nxp/mcuxpressoide_10.2.0_759/ide/tools/bin/../lib/gcc/arm-none-eabi/7.2.1/../../../../arm-none-eabi/lib/thumb/v7e-m/fpv4-sp/hard\libcr_c.a(initio.o)
 .ARM.attributes
                0x00000201       0x39 c:/nxp/mcuxpressoide_10.2.0_759/ide/tools/bin/../lib/gcc/arm-none-eabi/7.2.1/../../../../arm-none-eabi/lib/thumb/v7e-m/fpv4-sp/hard\libcr_c.a(setvbuf.o)
 .ARM.attributes
                0x0000023a       0x39 c:/nxp/mcuxpressoide_10.2.0_759/ide/tools/bin/../lib/gcc/arm-none-eabi/7.2.1/../../../../arm-none-eabi/lib/thumb/v7e-m/fpv4-sp/hard\libcr_c.a(_fdopen.o)
 .ARM.attributes
                0x00000273       0x39 c:/nxp/mcuxpressoide_10.2.0_759/ide/tools/bin/../lib/gcc/arm-none-eabi/7.2.1/../../../../arm-none-eabi/lib/thumb/v7e-m/fpv4-sp/hard\libcr_c.a(fclose.o)
 .ARM.attributes
                0x000002ac       0x39 c:/nxp/mcuxpressoide_10.2.0_759/ide/tools/bin/../lib/gcc/arm-none-eabi/7.2.1/../../../../arm-none-eabi/lib/thumb/v7e-m/fpv4-sp/hard\libcr_c.a(fflush.o)
 .ARM.attributes
                0x000002e5       0x39 c:/nxp/mcuxpressoide_10.2.0_759/ide/tools/bin/../lib/gcc/arm-none-eabi/7.2.1/../../../../arm-none-eabi/lib/thumb/v7e-m/fpv4-sp/hard\libcr_c.a(fseek.o)
 .ARM.attributes
                0x0000031e       0x39 c:/nxp/mcuxpressoide_10.2.0_759/ide/tools/bin/../lib/gcc/arm-none-eabi/7.2.1/../../../../arm-none-eabi/lib/thumb/v7e-m/fpv4-sp/hard\libcr_c.a(ftell.o)
 .ARM.attributes
                0x00000357       0x39 c:/nxp/mcuxpressoide_10.2.0_759/ide/tools/bin/../lib/gcc/arm-none-eabi/7.2.1/../../../../arm-none-eabi/lib/thumb/v7e-m/fpv4-sp/hard\libcr_c.a(remove.o)
 .ARM.attributes
                0x00000390       0x39 c:/nxp/mcuxpressoide_10.2.0_759/ide/tools/bin/../lib/gcc/arm-none-eabi/7.2.1/../../../../arm-none-eabi/lib/thumb/v7e-m/fpv4-sp/hard\libcr_c.a(strlen.o)
 .ARM.attributes
                0x000003c9       0x39 c:/nxp/mcuxpressoide_10.2.0_759/ide/tools/bin/../lib/gcc/arm-none-eabi/7.2.1/../../../../arm-none-eabi/lib/thumb/v7e-m/fpv4-sp/hard\libcr_c.a(memset.o)
 .ARM.attributes
                0x00000402       0x39 c:/nxp/mcuxpressoide_10.2.0_759/ide/tools/bin/../lib/gcc/arm-none-eabi/7.2.1/../../../../arm-none-eabi/lib/thumb/v7e-m/fpv4-sp/hard\libcr_c.a(_do_fflush.o)
 .ARM.attributes
                0x0000043b       0x39 c:/nxp/mcuxpressoide_10.2.0_759/ide/tools/bin/../lib/gcc/arm-none-eabi/7.2.1/../../../../arm-none-eabi/lib/thumb/v7e-m/fpv4-sp/hard\libcr_c.a(_fflush.o)
 .ARM.attributes
                0x00000474       0x39 c:/nxp/mcuxpressoide_10.2.0_759/ide/tools/bin/../lib/gcc/arm-none-eabi/7.2.1/../../../../arm-none-eabi/lib/thumb/v7e-m/fpv4-sp/hard\libcr_c.a(_writebuf.o)
 .ARM.attributes
                0x000004ad       0x39 c:/nxp/mcuxpressoide_10.2.0_759/ide/tools/bin/../lib/gcc/arm-none-eabi/7.2.1/../../../../arm-none-eabi/lib/thumb/v7e-m/fpv4-sp/hard\libcr_c.a(alloc.o)
 .ARM.attributes
                0x000004e6       0x39 c:/nxp/mcuxpressoide_10.2.0_759/ide/tools/bin/../lib/gcc/arm-none-eabi/7.2.1/../../../../arm-none-eabi/lib/thumb/v7e-m/fpv4-sp/hard\libcr_c.a(errno.o)
 .ARM.attributes
                0x0000051f       0x39 c:/nxp/mcuxpressoide_10.2.0_759/ide/tools/bin/../lib/gcc/arm-none-eabi/7.2.1/../../../../arm-none-eabi/lib/thumb/v7e-m/fpv4-sp/hard\libcr_c.a(_deferredlazyseek.o)
 .ARM.attributes
                0x00000558       0x25 c:/nxp/mcuxpressoide_10.2.0_759/ide/tools/bin/../lib/gcc/arm-none-eabi/7.2.1/thumb/v7e-m/fpv4-sp/hard\libcr_eabihelpers.a(memcpy.o)
 .ARM.attributes
                0x0000057d       0x39 c:/nxp/mcuxpressoide_10.2.0_759/ide/tools/bin/../lib/gcc/arm-none-eabi/7.2.1/../../../../arm-none-eabi/lib/thumb/v7e-m/fpv4-sp/hard\libcr_nohost_nf.a(__ciob.o)
 .ARM.attributes
                0x000005b6       0x39 c:/nxp/mcuxpressoide_10.2.0_759/ide/tools/bin/../lib/gcc/arm-none-eabi/7.2.1/../../../../arm-none-eabi/lib/thumb/v7e-m/fpv4-sp/hard\libcr_nohost_nf.a(__sys_close.o)
 .ARM.attributes
                0x000005ef       0x39 c:/nxp/mcuxpressoide_10.2.0_759/ide/tools/bin/../lib/gcc/arm-none-eabi/7.2.1/../../../../arm-none-eabi/lib/thumb/v7e-m/fpv4-sp/hard\libcr_nohost_nf.a(__sys_flen.o)
 .ARM.attributes
                0x00000628       0x39 c:/nxp/mcuxpressoide_10.2.0_759/ide/tools/bin/../lib/gcc/arm-none-eabi/7.2.1/../../../../arm-none-eabi/lib/thumb/v7e-m/fpv4-sp/hard\libcr_nohost_nf.a(__sys_istty.o)
 .ARM.attributes
                0x00000661       0x39 c:/nxp/mcuxpressoide_10.2.0_759/ide/tools/bin/../lib/gcc/arm-none-eabi/7.2.1/../../../../arm-none-eabi/lib/thumb/v7e-m/fpv4-sp/hard\libcr_nohost_nf.a(__sys_remove.o)
 .ARM.attributes
                0x0000069a       0x39 c:/nxp/mcuxpressoide_10.2.0_759/ide/tools/bin/../lib/gcc/arm-none-eabi/7.2.1/../../../../arm-none-eabi/lib/thumb/v7e-m/fpv4-sp/hard\libcr_nohost_nf.a(__sys_seek.o)
 .ARM.attributes
                0x000006d3       0x39 c:/nxp/mcuxpressoide_10.2.0_759/ide/tools/bin/../lib/gcc/arm-none-eabi/7.2.1/../../../../arm-none-eabi/lib/thumb/v7e-m/fpv4-sp/hard\libcr_nohost_nf.a(__sys_tmpnam.o)
 .ARM.attributes
                0x0000070c       0x39 c:/nxp/mcuxpressoide_10.2.0_759/ide/tools/bin/../lib/gcc/arm-none-eabi/7.2.1/../../../../arm-none-eabi/lib/thumb/v7e-m/fpv4-sp/hard\libcr_nohost_nf.a(__sys_write.o)

.debug_frame    0x00000000     0x1434
 .debug_frame   0x00000000      0xa60 ./startup/startup_mk64f12.o
 .debug_frame   0x00000a60      0x448 ./source/FTM.o
 .debug_frame   0x00000ea8      0x284 ./source/PORT.o
 .debug_frame   0x0000112c      0x200 ./source/gpio.o
 .debug_frame   0x0000132c       0x7c ./source/hardware.o
 .debug_frame   0x000013a8       0x2c ./source/main.o
 .debug_frame   0x000013d4       0x60 ./CMSIS/system_MK64F12.o
